Archive member included to satisfy reference by file (symbol)

/Users/Manny/CMPE_146_MP3/toolchains/mac/gcc-arm-none-eabi-8-2019-q3-update/bin/../lib/gcc/arm-none-eabi/8.3.1/thumb/v7e-m+fp/hard/libgcc.a(_aeabi_ldivmod.o)
                              _build_lpc40xx_freertos/objects/tasks.o (__aeabi_ldivmod)
/Users/Manny/CMPE_146_MP3/toolchains/mac/gcc-arm-none-eabi-8-2019-q3-update/bin/../lib/gcc/arm-none-eabi/8.3.1/thumb/v7e-m+fp/hard/libgcc.a(_aeabi_uldivmod.o)
                              _build_lpc40xx_freertos/objects/delay.o (__aeabi_uldivmod)
/Users/Manny/CMPE_146_MP3/toolchains/mac/gcc-arm-none-eabi-8-2019-q3-update/bin/../lib/gcc/arm-none-eabi/8.3.1/thumb/v7e-m+fp/hard/libgcc.a(_udivmoddi4.o)
                              /Users/Manny/CMPE_146_MP3/toolchains/mac/gcc-arm-none-eabi-8-2019-q3-update/bin/../lib/gcc/arm-none-eabi/8.3.1/thumb/v7e-m+fp/hard/libgcc.a(_aeabi_ldivmod.o) (__udivmoddi4)
/Users/Manny/CMPE_146_MP3/toolchains/mac/gcc-arm-none-eabi-8-2019-q3-update/bin/../lib/gcc/arm-none-eabi/8.3.1/thumb/v7e-m+fp/hard/libgcc.a(_dvmd_tls.o)
                              /Users/Manny/CMPE_146_MP3/toolchains/mac/gcc-arm-none-eabi-8-2019-q3-update/bin/../lib/gcc/arm-none-eabi/8.3.1/thumb/v7e-m+fp/hard/libgcc.a(_aeabi_ldivmod.o) (__aeabi_ldiv0)
/Users/Manny/CMPE_146_MP3/toolchains/mac/gcc-arm-none-eabi-8-2019-q3-update/bin/../lib/gcc/arm-none-eabi/8.3.1/../../../../arm-none-eabi/lib/thumb/v7e-m+fp/hard/libg_nano.a(lib_a-atof.o)
                              _build_lpc40xx_freertos/objects/sl_string.o (atof)
/Users/Manny/CMPE_146_MP3/toolchains/mac/gcc-arm-none-eabi-8-2019-q3-update/bin/../lib/gcc/arm-none-eabi/8.3.1/../../../../arm-none-eabi/lib/thumb/v7e-m+fp/hard/libg_nano.a(lib_a-atoi.o)
                              _build_lpc40xx_freertos/objects/esp32_task.o (atoi)
/Users/Manny/CMPE_146_MP3/toolchains/mac/gcc-arm-none-eabi-8-2019-q3-update/bin/../lib/gcc/arm-none-eabi/8.3.1/../../../../arm-none-eabi/lib/thumb/v7e-m+fp/hard/libg_nano.a(lib_a-ctype_.o)
                              _build_lpc40xx_freertos/objects/sl_string.o (_ctype_)
/Users/Manny/CMPE_146_MP3/toolchains/mac/gcc-arm-none-eabi-8-2019-q3-update/bin/../lib/gcc/arm-none-eabi/8.3.1/../../../../arm-none-eabi/lib/thumb/v7e-m+fp/hard/libg_nano.a(lib_a-fprintf.o)
                              _build_lpc40xx_freertos/objects/interrupt_vector_table.o (fprintf)
/Users/Manny/CMPE_146_MP3/toolchains/mac/gcc-arm-none-eabi-8-2019-q3-update/bin/../lib/gcc/arm-none-eabi/8.3.1/../../../../arm-none-eabi/lib/thumb/v7e-m+fp/hard/libg_nano.a(lib_a-fputs.o)
                              _build_lpc40xx_freertos/objects/entry_point.o (fputs)
/Users/Manny/CMPE_146_MP3/toolchains/mac/gcc-arm-none-eabi-8-2019-q3-update/bin/../lib/gcc/arm-none-eabi/8.3.1/../../../../arm-none-eabi/lib/thumb/v7e-m+fp/hard/libg_nano.a(lib_a-getchar.o)
                              _build_lpc40xx_freertos/objects/sj2_cli.o (getchar)
/Users/Manny/CMPE_146_MP3/toolchains/mac/gcc-arm-none-eabi-8-2019-q3-update/bin/../lib/gcc/arm-none-eabi/8.3.1/../../../../arm-none-eabi/lib/thumb/v7e-m+fp/hard/libg_nano.a(lib_a-impure.o)
                              _build_lpc40xx_freertos/objects/entry_point.o (_impure_ptr)
/Users/Manny/CMPE_146_MP3/toolchains/mac/gcc-arm-none-eabi-8-2019-q3-update/bin/../lib/gcc/arm-none-eabi/8.3.1/../../../../arm-none-eabi/lib/thumb/v7e-m+fp/hard/libg_nano.a(lib_a-lock.o)
                              /Users/Manny/CMPE_146_MP3/toolchains/mac/gcc-arm-none-eabi-8-2019-q3-update/bin/../lib/gcc/arm-none-eabi/8.3.1/../../../../arm-none-eabi/lib/thumb/v7e-m+fp/hard/libg_nano.a(lib_a-fputs.o) (__retarget_lock_acquire_recursive)
/Users/Manny/CMPE_146_MP3/toolchains/mac/gcc-arm-none-eabi-8-2019-q3-update/bin/../lib/gcc/arm-none-eabi/8.3.1/../../../../arm-none-eabi/lib/thumb/v7e-m+fp/hard/libg_nano.a(lib_a-malloc.o)
                              _build_lpc40xx_freertos/objects/heap_selector.o (malloc)
/Users/Manny/CMPE_146_MP3/toolchains/mac/gcc-arm-none-eabi-8-2019-q3-update/bin/../lib/gcc/arm-none-eabi/8.3.1/../../../../arm-none-eabi/lib/thumb/v7e-m+fp/hard/libg_nano.a(lib_a-memcpy-stub.o)
                              _build_lpc40xx_freertos/objects/sl_string.o (memcpy)
/Users/Manny/CMPE_146_MP3/toolchains/mac/gcc-arm-none-eabi-8-2019-q3-update/bin/../lib/gcc/arm-none-eabi/8.3.1/../../../../arm-none-eabi/lib/thumb/v7e-m+fp/hard/libg_nano.a(lib_a-memmove.o)
                              _build_lpc40xx_freertos/objects/sl_string.o (memmove)
/Users/Manny/CMPE_146_MP3/toolchains/mac/gcc-arm-none-eabi-8-2019-q3-update/bin/../lib/gcc/arm-none-eabi/8.3.1/../../../../arm-none-eabi/lib/thumb/v7e-m+fp/hard/libg_nano.a(lib_a-memset.o)
                              _build_lpc40xx_freertos/objects/handler_i2c.o (memset)
/Users/Manny/CMPE_146_MP3/toolchains/mac/gcc-arm-none-eabi-8-2019-q3-update/bin/../lib/gcc/arm-none-eabi/8.3.1/../../../../arm-none-eabi/lib/thumb/v7e-m+fp/hard/libg_nano.a(lib_a-nano-freer.o)
[...]
Memory Configuration

Name             Origin             Length             Attributes
flash_512k       0x0000000000000000 0x0000000000080000 xr
ram_64k          0x0000000010000000 0x0000000000010000 xrw
ram_32k          0x0000000020000000 0x0000000000008000 xrw
*default*        0x0000000000000000 0xffffffffffffffff

Linker script and memory map

LOAD _build_lpc40xx_freertos/objects/entry_point.o
LOAD _build_lpc40xx_freertos/objects/interrupt_vector_table.o
LOAD _build_lpc40xx_freertos/objects/clock.o
LOAD _build_lpc40xx_freertos/objects/crash.o
LOAD _build_lpc40xx_freertos/objects/sbrk.o
LOAD _build_lpc40xx_freertos/objects/startup.o
LOAD _build_lpc40xx_freertos/objects/acceleration.o
LOAD _build_lpc40xx_freertos/objects/sensors.o
LOAD _build_lpc40xx_freertos/objects/ff.o
LOAD _build_lpc40xx_freertos/objects/ffsystem.o
LOAD _build_lpc40xx_freertos/objects/ffunicode.o
LOAD _build_lpc40xx_freertos/objects/disk_glue_logic.o
LOAD _build_lpc40xx_freertos/objects/fatfs_time.o
LOAD _build_lpc40xx_freertos/objects/sd_card.o
LOAD _build_lpc40xx_freertos/objects/system_calls.o
LOAD _build_lpc40xx_freertos/objects/app_cli.o
LOAD _build_lpc40xx_freertos/objects/sj2_cli.o
LOAD _build_lpc40xx_freertos/objects/handler_i2c.o
LOAD _build_lpc40xx_freertos/objects/handlers_general.o
LOAD _build_lpc40xx_freertos/objects/esp32.o
LOAD _build_lpc40xx_freertos/objects/esp32_task.o
LOAD _build_lpc40xx_freertos/objects/file_io_example.o
LOAD _build_lpc40xx_freertos/objects/delay.o
LOAD _build_lpc40xx_freertos/objects/peripherals_init.o
LOAD _build_lpc40xx_freertos/objects/ssp2_mutex.o
LOAD _build_lpc40xx_freertos/objects/sys_time.o
LOAD _build_lpc40xx_freertos/objects/uart_printf.o
LOAD _build_lpc40xx_freertos/objects/2004_LCD.o
LOAD _build_lpc40xx_freertos/objects/rtos_hooks.o
LOAD _build_lpc40xx_freertos/objects/song_list.o
LOAD _build_lpc40xx_freertos/objects/periodic_callbacks.o
LOAD _build_lpc40xx_freertos/objects/periodic_scheduler.o
LOAD _build_lpc40xx_freertos/objects/leightweight_lock.o
LOAD _build_lpc40xx_freertos/objects/sl_string.o
LOAD _build_lpc40xx_freertos/objects/freertos_interrupt_handlers.o
LOAD _build_lpc40xx_freertos/objects/heap_selector.o
LOAD _build_lpc40xx_freertos/objects/trcKernelPort.o
LOAD _build_lpc40xx_freertos/objects/trcSnapshotRecorder.o
LOAD _build_lpc40xx_freertos/objects/trcStreamingPort.o
LOAD _build_lpc40xx_freertos/objects/trcStreamingRecorder.o
LOAD _build_lpc40xx_freertos/objects/port.o
LOAD _build_lpc40xx_freertos/objects/croutine.o
LOAD _build_lpc40xx_freertos/objects/event_groups.o
LOAD _build_lpc40xx_freertos/objects/list.o
LOAD _build_lpc40xx_freertos/objects/queue.o
LOAD _build_lpc40xx_freertos/objects/stream_buffer.o
LOAD _build_lpc40xx_freertos/objects/tasks.o
LOAD _build_lpc40xx_freertos/objects/timers.o
LOAD _build_lpc40xx_freertos/objects/adc.o
LOAD _build_lpc40xx_freertos/objects/board_io.o
LOAD _build_lpc40xx_freertos/objects/can_bus.o
LOAD _build_lpc40xx_freertos/objects/gpio.o
LOAD _build_lpc40xx_freertos/objects/hw_timer.o
LOAD _build_lpc40xx_freertos/objects/i2c.o
LOAD _build_lpc40xx_freertos/objects/lpc_peripherals.o
LOAD _build_lpc40xx_freertos/objects/pwm1.o
LOAD _build_lpc40xx_freertos/objects/ssp2.o
LOAD _build_lpc40xx_freertos/objects/ssp2_lab.o
LOAD _build_lpc40xx_freertos/objects/uart.o
LOAD _build_lpc40xx_freertos/objects/main.o
LOAD /Users/Manny/CMPE_146_MP3/toolchains/mac/gcc-arm-none-eabi-8-2019-q3-update/bin/../lib/gcc/arm-none-eabi/8.3.1/../../../../arm-none-eabi/lib/thumb/v7e-m+fp/hard/libm.a
START GROUP
LOAD /Users/Manny/CMPE_146_MP3/toolchains/mac/gcc-arm-none-eabi-8-2019-q3-update/bin/../lib/gcc/arm-none-eabi/8.3.1/thumb/v7e-m+fp/hard/libgcc.a
LOAD /Users/Manny/CMPE_146_MP3/toolchains/mac/gcc-arm-none-eabi-8-2019-q3-update/bin/../lib/gcc/arm-none-eabi/8.3.1/../../../../arm-none-eabi/lib/thumb/v7e-m+fp/hard/libg_nano.a
LOAD /Users/Manny/CMPE_146_MP3/toolchains/mac/gcc-arm-none-eabi-8-2019-q3-update/bin/../lib/gcc/arm-none-eabi/8.3.1/../../../../arm-none-eabi/lib/thumb/v7e-m+fp/hard/libc_nano.a
END GROUP
START GROUP
LOAD /Users/Manny/CMPE_146_MP3/toolchains/mac/gcc-arm-none-eabi-8-2019-q3-update/bin/../lib/gcc/arm-none-eabi/8.3.1/thumb/v7e-m+fp/hard/libgcc.a
LOAD /Users/Manny/CMPE_146_MP3/toolchains/mac/gcc-arm-none-eabi-8-2019-q3-update/bin/../lib/gcc/arm-none-eabi/8.3.1/../../../../arm-none-eabi/lib/thumb/v7e-m+fp/hard/libc_nano.a
END GROUP
                0x0000000000000000                __base_flash = ORIGIN (flash_512k)
                0x0000000000080000                __top_flash = (__base_flash + LENGTH (flash_512k))
                0x0000000010000000                __base_ram_64k = ORIGIN (ram_64k)
                0x0000000010010000                __top_ram_64k = (__base_ram_64k + LENGTH (ram_64k))
                0x0000000020000000                __base_ram_32k = ORIGIN (ram_32k)
                0x0000000020008000                __top_ram_32k = (__base_ram_32k + LENGTH (ram_32k))

.text           0x0000000000000000     0xde14
 FILL mask 0xff
 *(.interrupt_vector_table)
 .interrupt_vector_table
                0x0000000000000000       0xe4 _build_lpc40xx_freertos/objects/interrupt_vector_table.o
                0x0000000000000000                interrupt_vector_table
                0x00000000000000e4                . = ALIGN (0x4)
 *(.init)
                0x00000000000000e4                . = ALIGN (0x4)
                0x00000000000000e4                __preinit_array_start = .
 *(.preinit_array)
                0x00000000000000e4                __preinit_array_end = .
                0x00000000000000e4                . = ALIGN (0x4)
                0x00000000000000e4                __init_array_start = .
 *(SORT_BY_NAME(.init_array.*))
 *(.init_array)
                0x00000000000000e4                __init_array_end = .
 *(.fini)
                0x00000000000000e4                . = ALIGN (0x4)
 *crtbegin.o(.ctors)
 *(EXCLUDE_FILE(*crtend.o) .ctors)
 *(SORT_BY_NAME(.ctors.*))
 *crtend.o(.ctors)
                0x00000000000000e4                . = ALIGN (0x4)
 *crtbegin.o(.dtors)
 *(EXCLUDE_FILE(*crtend.o) .dtors)
 *(SORT_BY_NAME(.dtors.*))
 *crtend.o(.dtors)
 *(.text*)
 .text.entry_point
                0x00000000000000e4       0x74 _build_lpc40xx_freertos/objects/entry_point.o
                0x00000000000000e4                entry_point
 .text.isr_hard_fault
                0x0000000000000158       0x1a _build_lpc40xx_freertos/objects/interrupt_vector_table.o
 *fill*         0x0000000000000172        0x2 ff
 .text.halt     0x0000000000000174       0x5c _build_lpc40xx_freertos/objects/interrupt_vector_table.o
 .text.isr_hard_fault_handler
                0x00000000000001d0       0x4c _build_lpc40xx_freertos/objects/interrupt_vector_table.o
                0x00000000000001d0                isr_hard_fault_handler
 .text.clock__get_core_clock_hz
                0x000000000000021c        0x8 _build_lpc40xx_freertos/objects/clock.o
                0x000000000000021c                clock__get_core_clock_hz
 .text.clock__get_peripheral_clock_hz
                0x0000000000000224        0x8 _build_lpc40xx_freertos/objects/clock.o
                0x0000000000000224                clock__get_peripheral_clock_hz
 .text.clock__initialize_system_clock_96mhz
                0x000000000000022c       0x40 _build_lpc40xx_freertos/objects/clock.o
                0x000000000000022c                clock__initialize_system_clock_96mhz
 .text.crash__record_get
                0x000000000000026c       0x18 _build_lpc40xx_freertos/objects/crash.o
                0x000000000000026c                crash__record_get
 .text.crash__report_if_occurred
                0x0000000000000284       0xc0 _build_lpc40xx_freertos/objects/crash.o
                0x0000000000000284                crash__report_if_occurred
 .text._sbrk    0x0000000000000344       0x54 _build_lpc40xx_freertos/objects/sbrk.o
                0x0000000000000344                _sbrk
 .text.startup__initialize_ram
                0x0000000000000398       0x3c _build_lpc40xx_freertos/objects/startup.o
                0x0000000000000398                startup__initialize_ram
 .text.startup__initialize_fpu
                0x00000000000003d4       0x14 _build_lpc40xx_freertos/objects/startup.o
                0x00000000000003d4                startup__initialize_fpu
 .text.startup__initialize_interrupts
                0x00000000000003e8       0x18 _build_lpc40xx_freertos/objects/startup.o
                0x00000000000003e8                startup__initialize_interrupts
 .text.acceleration__init
                0x0000000000000400       0x22 _build_lpc40xx_freertos/objects/acceleration.o
                0x0000000000000400                acceleration__init
 .text.sensors__init
                0x0000000000000422        0x4 _build_lpc40xx_freertos/objects/sensors.o
                0x0000000000000422                sensors__init
 .text.ld_dword
                0x0000000000000426       0x10 _build_lpc40xx_freertos/objects/ff.o
 .text.st_dword
                0x0000000000000436       0x10 _build_lpc40xx_freertos/objects/ff.o
 .text.mem_cmp  0x0000000000000446       0x1c _build_lpc40xx_freertos/objects/ff.o
 .text.clst2sect
                0x0000000000000462       0x16 _build_lpc40xx_freertos/objects/ff.o
 .text.sum_sfn  0x0000000000000478       0x1e _build_lpc40xx_freertos/objects/ff.o
 .text.get_ldnumber
                0x0000000000000496       0x2a _build_lpc40xx_freertos/objects/ff.o
 .text.mem_cpy.part.0
                0x00000000000004c0       0x12 _build_lpc40xx_freertos/objects/ff.o
 .text.ld_clust.isra.3
                0x00000000000004d2       0x1c _build_lpc40xx_freertos/objects/ff.o
 .text.st_clust.isra.4
                0x00000000000004ee       0x18 _build_lpc40xx_freertos/objects/ff.o
 .text.sync_window.part.6
                0x0000000000000506       0x40 _build_lpc40xx_freertos/objects/ff.o
 .text.move_window
                0x0000000000000546       0x44 _build_lpc40xx_freertos/objects/ff.o
 *fill*         0x000000000000058a        0x2 ff
 .text.check_fs
                0x000000000000058c       0x74 _build_lpc40xx_freertos/objects/ff.o
 .text.find_volume
                0x0000000000000600      0x2c0 _build_lpc40xx_freertos/objects/ff.o
 .text.put_fat  0x00000000000008c0       0xf8 _build_lpc40xx_freertos/objects/ff.o
 .text.get_fat.isra.10
                0x00000000000009b8       0xb4 _build_lpc40xx_freertos/objects/ff.o
 .text.dir_sdi  0x0000000000000a6c       0x82 _build_lpc40xx_freertos/objects/ff.o
 .text.create_chain
                0x0000000000000aee       0xe8 _build_lpc40xx_freertos/objects/ff.o
 .text.remove_chain
                0x0000000000000bd6       0x6e _build_lpc40xx_freertos/objects/ff.o
 .text.unlock_fs
                0x0000000000000c44       0x16 _build_lpc40xx_freertos/objects/ff.o
 .text.validate
                0x0000000000000c5a       0x50 _build_lpc40xx_freertos/objects/ff.o
 .text.get_fileinfo
                0x0000000000000caa      0x13c _build_lpc40xx_freertos/objects/ff.o
 .text.dir_clear
                0x0000000000000de6       0x5c _build_lpc40xx_freertos/objects/ff.o
 .text.dir_next
                0x0000000000000e42       0xaa _build_lpc40xx_freertos/objects/ff.o
 .text.dir_find
                0x0000000000000eec      0x148 _build_lpc40xx_freertos/objects/ff.o
 .text.dir_read.constprop.15
                0x0000000000001034      0x11c _build_lpc40xx_freertos/objects/ff.o
 .text.follow_path
                0x0000000000001150      0x294 _build_lpc40xx_freertos/objects/ff.o
 .text.sync_fs  0x00000000000013e4       0xa0 _build_lpc40xx_freertos/objects/ff.o
 .text.dir_register
                0x0000000000001484      0x288 _build_lpc40xx_freertos/objects/ff.o
 .text.f_mount  0x000000000000170c       0x70 _build_lpc40xx_freertos/objects/ff.o
                0x000000000000170c                f_mount
 .text.f_open   0x000000000000177c      0x1cc _build_lpc40xx_freertos/objects/ff.o
                0x000000000000177c                f_open
 .text.f_read   0x0000000000001948      0x17c _build_lpc40xx_freertos/objects/ff.o
                0x0000000000001948                f_read
 .text.f_sync   0x0000000000001ac4       0xa2 _build_lpc40xx_freertos/objects/ff.o
                0x0000000000001ac4                f_sync
 .text.f_close  0x0000000000001b66       0x28 _build_lpc40xx_freertos/objects/ff.o
                0x0000000000001b66                f_close
 .text.f_opendir
                0x0000000000001b8e       0x7e _build_lpc40xx_freertos/objects/ff.o
                0x0000000000001b8e                f_opendir
 .text.f_closedir
                0x0000000000001c0c       0x1e _build_lpc40xx_freertos/objects/ff.o
                0x0000000000001c0c                f_closedir
 .text.f_readdir
                0x0000000000001c2a       0x5a _build_lpc40xx_freertos/objects/ff.o
                0x0000000000001c2a                f_readdir
 .text.ff_cre_syncobj
                0x0000000000001c84       0x14 _build_lpc40xx_freertos/objects/ffsystem.o
                0x0000000000001c84                ff_cre_syncobj
 .text.ff_del_syncobj
                0x0000000000001c98        0xa _build_lpc40xx_freertos/objects/ffsystem.o
                0x0000000000001c98                ff_del_syncobj
 .text.ff_req_grant
                0x0000000000001ca2       0x12 _build_lpc40xx_freertos/objects/ffsystem.o
                0x0000000000001ca2                ff_req_grant
 .text.ff_rel_grant
                0x0000000000001cb4        0xa _build_lpc40xx_freertos/objects/ffsystem.o
                0x0000000000001cb4                ff_rel_grant
 *fill*         0x0000000000001cbe        0x2 ff
 .text.ff_uni2oem
                0x0000000000001cc0       0x40 _build_lpc40xx_freertos/objects/ffunicode.o
                0x0000000000001cc0                ff_uni2oem
 .text.ff_oem2uni
                0x0000000000001d00       0x28 _build_lpc40xx_freertos/objects/ffunicode.o
                0x0000000000001d00                ff_oem2uni
 .text.ff_wtoupper
                0x0000000000001d28       0x8c _build_lpc40xx_freertos/objects/ffunicode.o
                0x0000000000001d28                ff_wtoupper
 .text.disk_initialize
                0x0000000000001db4       0x1c _build_lpc40xx_freertos/objects/disk_glue_logic.o
                0x0000000000001db4                disk_initialize
 .text.disk_status
                0x0000000000001dd0        0xa _build_lpc40xx_freertos/objects/disk_glue_logic.o
                0x0000000000001dd0                disk_status
 .text.disk_read
                0x0000000000001dda       0x28 _build_lpc40xx_freertos/objects/disk_glue_logic.o
                0x0000000000001dda                disk_read
 .text.disk_write
                0x0000000000001e02       0x28 _build_lpc40xx_freertos/objects/disk_glue_logic.o
                0x0000000000001e02                disk_write
 .text.disk_ioctl
                0x0000000000001e2a       0x24 _build_lpc40xx_freertos/objects/disk_glue_logic.o
                0x0000000000001e2a                disk_ioctl
 .text.get_fattime
                0x0000000000001e4e        0x4 _build_lpc40xx_freertos/objects/fatfs_time.o
                0x0000000000001e4e                get_fattime
 .text.sd_card__wait_for_ready
                0x0000000000001e52       0x28 _build_lpc40xx_freertos/objects/sd_card.o
 *fill*         0x0000000000001e7a        0x2 ff
 .text.sd_card__power_off
                0x0000000000001e7c       0x20 _build_lpc40xx_freertos/objects/sd_card.o
 .text.sd_card__transmit_datablock
                0x0000000000001e9c       0x5a _build_lpc40xx_freertos/objects/sd_card.o
 .text.sd_card__send_command
                0x0000000000001ef6       0x86 _build_lpc40xx_freertos/objects/sd_card.o
 .text.sd_card__read_datablock
                0x0000000000001f7c       0x42 _build_lpc40xx_freertos/objects/sd_card.o
 *fill*         0x0000000000001fbe        0x2 ff
 .text.sd_card__update_status
                0x0000000000001fc0       0x20 _build_lpc40xx_freertos/objects/sd_card.o
                0x0000000000001fc0                sd_card__update_status
 .text.sd_card__initialize
                0x0000000000001fe0      0x13c _build_lpc40xx_freertos/objects/sd_card.o
                0x0000000000001fe0                sd_card__initialize
 .text.sd_card__status
                0x000000000000211c       0x10 _build_lpc40xx_freertos/objects/sd_card.o
                0x000000000000211c                sd_card__status
 .text.sd_card__read
                0x000000000000212c       0x8c _build_lpc40xx_freertos/objects/sd_card.o
                0x000000000000212c                sd_card__read
 .text.sd_card__write
                0x00000000000021b8       0xa8 _build_lpc40xx_freertos/objects/sd_card.o
                0x00000000000021b8                sd_card__write
 .text.sd_card__ioctl
                0x0000000000002260      0x200 _build_lpc40xx_freertos/objects/sd_card.o
                0x0000000000002260                sd_card__ioctl
 .text.system_calls__print_and_halt
                0x0000000000002460       0x1e _build_lpc40xx_freertos/objects/system_calls.o
 *fill*         0x000000000000247e        0x2 ff
 .text._isatty  0x0000000000002480       0x28 _build_lpc40xx_freertos/objects/system_calls.o
                0x0000000000002480                _isatty
 .text._close   0x00000000000024a8        0xc _build_lpc40xx_freertos/objects/system_calls.o
                0x00000000000024a8                _close
 .text._fstat   0x00000000000024b4        0x4 _build_lpc40xx_freertos/objects/system_calls.o
                0x00000000000024b4                _fstat
 .text._lseek   0x00000000000024b8        0x4 _build_lpc40xx_freertos/objects/system_calls.o
                0x00000000000024b8                _lseek
 .text._write   0x00000000000024bc       0x70 _build_lpc40xx_freertos/objects/system_calls.o
                0x00000000000024bc                _write
 .text._read    0x000000000000252c       0x1c _build_lpc40xx_freertos/objects/system_calls.o
                0x000000000000252c                _read
 .text.app_cli__private_print_list_of_all_commands
                0x0000000000002548       0x98 _build_lpc40xx_freertos/objects/app_cli.o
 .text.app_cli__initialize
                0x00000000000025e0       0x16 _build_lpc40xx_freertos/objects/app_cli.o
                0x00000000000025e0                app_cli__initialize
 .text.app_cli__add_command_handler
                0x00000000000025f6        0xa _build_lpc40xx_freertos/objects/app_cli.o
                0x00000000000025f6                app_cli__add_command_handler
 .text.app_cli__process_input
                0x0000000000002600      0x134 _build_lpc40xx_freertos/objects/app_cli.o
                0x0000000000002600                app_cli__process_input
 .text.sj2_cli__output_function
                0x0000000000002734       0x12 _build_lpc40xx_freertos/objects/sj2_cli.o
 *fill*         0x0000000000002746        0x2 ff
 .text.sj2_cli__task
                0x0000000000002748       0x78 _build_lpc40xx_freertos/objects/sj2_cli.o
 .text.sj2_cli__init
                0x00000000000027c0       0xa0 _build_lpc40xx_freertos/objects/sj2_cli.o
                0x00000000000027c0                sj2_cli__init
 .text.cli__i2c_read
                0x0000000000002860       0xc8 _build_lpc40xx_freertos/objects/handler_i2c.o
 .text.cli__i2c_write
                0x0000000000002928       0xe8 _build_lpc40xx_freertos/objects/handler_i2c.o
 .text.cli__i2c
                0x0000000000002a10       0x48 _build_lpc40xx_freertos/objects/handler_i2c.o
                0x0000000000002a10                cli__i2c
 .text.cli__uart3_transmit
                0x0000000000002a58       0x2c _build_lpc40xx_freertos/objects/handlers_general.o
                0x0000000000002a58                cli__uart3_transmit
 .text.cli__crash_me
                0x0000000000002a84       0x10 _build_lpc40xx_freertos/objects/handlers_general.o
                0x0000000000002a84                cli__crash_me
 .text.cli__task_list
                0x0000000000002a94       0xdc _build_lpc40xx_freertos/objects/handlers_general.o
                0x0000000000002a94                cli__task_list
 .text.cli__task_control
                0x0000000000002b70       0x78 _build_lpc40xx_freertos/objects/handlers_general.o
                0x0000000000002b70                cli__task_control
 .text.cli__mp3_play
                0x0000000000002be8       0x28 _build_lpc40xx_freertos/objects/handlers_general.o
                0x0000000000002be8                cli__mp3_play
 .text.delay__us
                0x0000000000002c10       0x40 _build_lpc40xx_freertos/objects/delay.o
                0x0000000000002c10                delay__us
 .text.delay__ms
                0x0000000000002c50        0xc _build_lpc40xx_freertos/objects/delay.o
                0x0000000000002c50                delay__ms
 .text.peripherals_init
                0x0000000000002c5c      0x120 _build_lpc40xx_freertos/objects/peripherals_init.o
                0x0000000000002c5c                peripherals_init
 .text.spi2_mutex__acquire
                0x0000000000002d7c       0x34 _build_lpc40xx_freertos/objects/ssp2_mutex.o
                0x0000000000002d7c                spi2_mutex__acquire
 .text.spi2_mutex__release
                0x0000000000002db0       0x24 _build_lpc40xx_freertos/objects/ssp2_mutex.o
                0x0000000000002db0                spi2_mutex__release
 .text.sys_time__one_minute_isr
                0x0000000000002dd4       0x24 _build_lpc40xx_freertos/objects/sys_time.o
 .text.sys_time__init
                0x0000000000002df8       0x2c _build_lpc40xx_freertos/objects/sys_time.o
                0x0000000000002df8                sys_time__init
 .text.sys_time__get_uptime_us
                0x0000000000002e24       0x2c _build_lpc40xx_freertos/objects/sys_time.o
                0x0000000000002e24                sys_time__get_uptime_us
 .text.sys_time__get_uptime_ms
                0x0000000000002e50       0x12 _build_lpc40xx_freertos/objects/sys_time.o
                0x0000000000002e50                sys_time__get_uptime_ms
 .text.uart_puts
                0x0000000000002e62       0x3a _build_lpc40xx_freertos/objects/uart_printf.o
                0x0000000000002e62                uart_puts
 .text.uart_puts__polled
                0x0000000000002e9c       0x2a _build_lpc40xx_freertos/objects/uart_printf.o
                0x0000000000002e9c                uart_puts__polled
 .text.LCD2004_clear
                0x0000000000002ec6       0x16 _build_lpc40xx_freertos/objects/2004_LCD.o
                0x0000000000002ec6                LCD2004_clear
 .text.LCD2004_init
                0x0000000000002edc       0x2c _build_lpc40xx_freertos/objects/2004_LCD.o
                0x0000000000002edc                LCD2004_init
 .text.vApplicationStackOverflowHook
                0x0000000000002f08       0x1c _build_lpc40xx_freertos/objects/rtos_hooks.o
                0x0000000000002f08                vApplicationStackOverflowHook
 .text.vApplicationMallocFailedHook
                0x0000000000002f24       0x10 _build_lpc40xx_freertos/objects/rtos_hooks.o
                0x0000000000002f24                vApplicationMallocFailedHook
 .text.vApplicationIdleHook
                0x0000000000002f34       0x10 _build_lpc40xx_freertos/objects/rtos_hooks.o
                0x0000000000002f34                vApplicationIdleHook
 .text.configASSERT_callback
                0x0000000000002f44       0x40 _build_lpc40xx_freertos/objects/rtos_hooks.o
                0x0000000000002f44                configASSERT_callback
 .text.vApplicationGetIdleTaskMemory
                0x0000000000002f84       0x18 _build_lpc40xx_freertos/objects/rtos_hooks.o
                0x0000000000002f84                vApplicationGetIdleTaskMemory
 .text.freertos_hooks__get_run_time_counter_value
                0x0000000000002f9c       0x14 _build_lpc40xx_freertos/objects/rtos_hooks.o
                0x0000000000002f9c                freertos_hooks__get_run_time_counter_value
 .text.freertos_hooks__reset_run_time_stats
                0x0000000000002fb0       0x14 _build_lpc40xx_freertos/objects/rtos_hooks.o
                0x0000000000002fb0                freertos_hooks__reset_run_time_stats
 .text.song_list__populate
                0x0000000000002fc4       0x74 _build_lpc40xx_freertos/objects/song_list.o
                0x0000000000002fc4                song_list__populate
 .text.song_list__get_item_count
                0x0000000000003038        0xc _build_lpc40xx_freertos/objects/song_list.o
                0x0000000000003038                song_list__get_item_count
 .text.song_list__get_name_for_item
                0x0000000000003044       0x20 _build_lpc40xx_freertos/objects/song_list.o
                0x0000000000003044                song_list__get_name_for_item
 .text.sl_string__initialize
                0x0000000000003064       0x28 _build_lpc40xx_freertos/objects/sl_string.o
                0x0000000000003064                sl_string__initialize
 .text.sl_string__get_capacity
                0x000000000000308c       0x12 _build_lpc40xx_freertos/objects/sl_string.o
                0x000000000000308c                sl_string__get_capacity
 .text.sl_string__get_capacity_including_null_char
                0x000000000000309e        0xc _build_lpc40xx_freertos/objects/sl_string.o
                0x000000000000309e                sl_string__get_capacity_including_null_char
 .text.sl_string__get_length
                0x00000000000030aa        0xc _build_lpc40xx_freertos/objects/sl_string.o
                0x00000000000030aa                sl_string__get_length
 .text.sl_string__is_full
                0x00000000000030b6       0x1a _build_lpc40xx_freertos/objects/sl_string.o
                0x00000000000030b6                sl_string__is_full
 .text.sl_string__to_int
                0x00000000000030d0        0x4 _build_lpc40xx_freertos/objects/sl_string.o
                0x00000000000030d0                sl_string__to_int
 .text.sl_string__clear
                0x00000000000030d4        0x6 _build_lpc40xx_freertos/objects/sl_string.o
                0x00000000000030d4                sl_string__clear
 .text.sl_string__vprintf
                0x00000000000030da       0x1c _build_lpc40xx_freertos/objects/sl_string.o
                0x00000000000030da                sl_string__vprintf
 .text.sl_string__printf
                0x00000000000030f6       0x1a _build_lpc40xx_freertos/objects/sl_string.o
                0x00000000000030f6                sl_string__printf
 .text.sl_string__scanf
                0x0000000000003110       0x22 _build_lpc40xx_freertos/objects/sl_string.o
                0x0000000000003110                sl_string__scanf
 .text.sl_string__set
                0x0000000000003132       0x2e _build_lpc40xx_freertos/objects/sl_string.o
                0x0000000000003132                sl_string__set
 .text.sl_string__initialize_from
                0x0000000000003160       0x16 _build_lpc40xx_freertos/objects/sl_string.o
                0x0000000000003160                sl_string__initialize_from
 .text.sl_string__insert_at
                0x0000000000003176       0x54 _build_lpc40xx_freertos/objects/sl_string.o
                0x0000000000003176                sl_string__insert_at
 .text.sl_string__append
                0x00000000000031ca       0x38 _build_lpc40xx_freertos/objects/sl_string.o
                0x00000000000031ca                sl_string__append
 .text.sl_string__append_char
                0x0000000000003202       0x18 _build_lpc40xx_freertos/objects/sl_string.o
                0x0000000000003202                sl_string__append_char
 .text.sl_string__equals_to_ignore_case
                0x000000000000321a       0x14 _build_lpc40xx_freertos/objects/sl_string.o
                0x000000000000321a                sl_string__equals_to_ignore_case
 .text.sl_string__first_index_of
                0x000000000000322e       0x16 _build_lpc40xx_freertos/objects/sl_string.o
                0x000000000000322e                sl_string__first_index_of
 .text.sl_string__begins_with_limited_chars
                0x0000000000003244       0x28 _build_lpc40xx_freertos/objects/sl_string.o
                0x0000000000003244                sl_string__begins_with_limited_chars
 .text.sl_string__begins_with_ignore_case
                0x000000000000326c       0x2e _build_lpc40xx_freertos/objects/sl_string.o
                0x000000000000326c                sl_string__begins_with_ignore_case
 .text.sl_string__begins_with_whole_word
                0x000000000000329a       0x44 _build_lpc40xx_freertos/objects/sl_string.o
                0x000000000000329a                sl_string__begins_with_whole_word
 .text.sl_string__ends_with_newline
                0x00000000000032de       0x22 _build_lpc40xx_freertos/objects/sl_string.o
                0x00000000000032de                sl_string__ends_with_newline
 .text.sl_string__erase_after
                0x0000000000003300       0x38 _build_lpc40xx_freertos/objects/sl_string.o
                0x0000000000003300                sl_string__erase_after
 .text.sl_string__erase
                0x0000000000003338       0x2a _build_lpc40xx_freertos/objects/sl_string.o
                0x0000000000003338                sl_string__erase
 .text.sl_string__erase_first
                0x0000000000003362        0x8 _build_lpc40xx_freertos/objects/sl_string.o
                0x0000000000003362                sl_string__erase_first
 .text.sl_string__erase_last
                0x000000000000336a       0x22 _build_lpc40xx_freertos/objects/sl_string.o
                0x000000000000336a                sl_string__erase_last
 .text.sl_string__erase_at_substring
                0x000000000000338c       0x1c _build_lpc40xx_freertos/objects/sl_string.o
                0x000000000000338c                sl_string__erase_at_substring
 .text.sl_string__erase_first_word
                0x00000000000033a8       0x1c _build_lpc40xx_freertos/objects/sl_string.o
                0x00000000000033a8                sl_string__erase_first_word
 .text.sl_string__erase_int
                0x00000000000033c4       0x50 _build_lpc40xx_freertos/objects/sl_string.o
                0x00000000000033c4                sl_string__erase_int
 .text.sl_string__trim_end
                0x0000000000003414       0x40 _build_lpc40xx_freertos/objects/sl_string.o
                0x0000000000003414                sl_string__trim_end
 .text.vPortSVCHandler_wrapper
                0x0000000000003454        0x4 _build_lpc40xx_freertos/objects/freertos_interrupt_handlers.o
                0x0000000000003454                vPortSVCHandler_wrapper
 .text.xPortPendSVHandler_wrapper
                0x0000000000003458        0x4 _build_lpc40xx_freertos/objects/freertos_interrupt_handlers.o
                0x0000000000003458                xPortPendSVHandler_wrapper
 .text.xPortSysTickHandler_wrapper
                0x000000000000345c        0x4 _build_lpc40xx_freertos/objects/freertos_interrupt_handlers.o
                0x000000000000345c                xPortSysTickHandler_wrapper
 .text.pvPortMalloc
                0x0000000000003460       0x1e _build_lpc40xx_freertos/objects/heap_selector.o
                0x0000000000003460                pvPortMalloc
 .text.vPortFree
                0x000000000000347e       0x1a _build_lpc40xx_freertos/objects/heap_selector.o
                0x000000000000347e                vPortFree
 .text.prvPortStartFirstTask
                0x0000000000003498       0x28 _build_lpc40xx_freertos/objects/port.o
 .text.vPortEnableVFP
                0x00000000000034c0       0x14 _build_lpc40xx_freertos/objects/port.o
 .text.prvTaskExitError
                0x00000000000034d4       0x3c _build_lpc40xx_freertos/objects/port.o
 .text.pxPortInitialiseStack
                0x0000000000003510       0x2c _build_lpc40xx_freertos/objects/port.o
                0x0000000000003510                pxPortInitialiseStack
 *fill*         0x000000000000353c        0x4 ff
 .text.vPortSVCHandler
                0x0000000000003540       0x24 _build_lpc40xx_freertos/objects/port.o
                0x0000000000003540                vPortSVCHandler
 .text.vPortEnterCritical
                0x0000000000003564       0x44 _build_lpc40xx_freertos/objects/port.o
                0x0000000000003564                vPortEnterCritical
 .text.vPortExitCritical
                0x00000000000035a8       0x28 _build_lpc40xx_freertos/objects/port.o
                0x00000000000035a8                vPortExitCritical
 .text.xPortPendSVHandler
                0x00000000000035d0       0x64 _build_lpc40xx_freertos/objects/port.o
                0x00000000000035d0                xPortPendSVHandler
 .text.xPortSysTickHandler
                0x0000000000003634       0x2c _build_lpc40xx_freertos/objects/port.o
                0x0000000000003634                xPortSysTickHandler
 .text.vPortSetupTimerInterrupt
                0x0000000000003660       0x30 _build_lpc40xx_freertos/objects/port.o
                0x0000000000003660                vPortSetupTimerInterrupt
 .text.xPortStartScheduler
                0x0000000000003690      0x100 _build_lpc40xx_freertos/objects/port.o
                0x0000000000003690                xPortStartScheduler
 .text.vPortValidateInterruptPriority
                0x0000000000003790       0x58 _build_lpc40xx_freertos/objects/port.o
                0x0000000000003790                vPortValidateInterruptPriority
 .text.vListInitialise
                0x00000000000037e8       0x16 _build_lpc40xx_freertos/objects/list.o
                0x00000000000037e8                vListInitialise
 .text.vListInitialiseItem
                0x00000000000037fe        0x6 _build_lpc40xx_freertos/objects/list.o
                0x00000000000037fe                vListInitialiseItem
 .text.vListInsertEnd
                0x0000000000003804       0x18 _build_lpc40xx_freertos/objects/list.o
                0x0000000000003804                vListInsertEnd
 .text.vListInsert
                0x000000000000381c       0x2e _build_lpc40xx_freertos/objects/list.o
                0x000000000000381c                vListInsert
 .text.uxListRemove
                0x000000000000384a       0x20 _build_lpc40xx_freertos/objects/list.o
                0x000000000000384a                uxListRemove
 .text.prvIsQueueEmpty
                0x000000000000386a       0x16 _build_lpc40xx_freertos/objects/queue.o
 .text.prvCopyDataToQueue
                0x0000000000003880       0x6a _build_lpc40xx_freertos/objects/queue.o
 .text.prvCopyDataFromQueue
                0x00000000000038ea       0x2a _build_lpc40xx_freertos/objects/queue.o
 .text.prvUnlockQueue
                0x0000000000003914       0x70 _build_lpc40xx_freertos/objects/queue.o
 .text.xQueueGenericReset
                0x0000000000003984       0x7c _build_lpc40xx_freertos/objects/queue.o
                0x0000000000003984                xQueueGenericReset
 .text.xQueueGenericCreateStatic
                0x0000000000003a00       0x94 _build_lpc40xx_freertos/objects/queue.o
                0x0000000000003a00                xQueueGenericCreateStatic
 .text.xQueueGenericCreate
                0x0000000000003a94       0x4c _build_lpc40xx_freertos/objects/queue.o
                0x0000000000003a94                xQueueGenericCreate
 .text.xQueueGenericSend
                0x0000000000003ae0      0x15c _build_lpc40xx_freertos/objects/queue.o
                0x0000000000003ae0                xQueueGenericSend
 .text.xQueueCreateMutexStatic
                0x0000000000003c3c       0x2a _build_lpc40xx_freertos/objects/queue.o
                0x0000000000003c3c                xQueueCreateMutexStatic
 .text.xQueueCreateMutex
                0x0000000000003c66       0x24 _build_lpc40xx_freertos/objects/queue.o
                0x0000000000003c66                xQueueCreateMutex
 *fill*         0x0000000000003c8a        0x2 ff
 .text.xQueueGenericSendFromISR
                0x0000000000003c8c       0xbc _build_lpc40xx_freertos/objects/queue.o
                0x0000000000003c8c                xQueueGenericSendFromISR
 .text.xQueueGiveFromISR
                0x0000000000003d48       0xa4 _build_lpc40xx_freertos/objects/queue.o
                0x0000000000003d48                xQueueGiveFromISR
 .text.xQueueReceive
                0x0000000000003dec      0x13c _build_lpc40xx_freertos/objects/queue.o
                0x0000000000003dec                xQueueReceive
 .text.xQueueSemaphoreTake
                0x0000000000003f28      0x180 _build_lpc40xx_freertos/objects/queue.o
                0x0000000000003f28                xQueueSemaphoreTake
 .text.xQueueReceiveFromISR
                0x00000000000040a8       0x9c _build_lpc40xx_freertos/objects/queue.o
                0x00000000000040a8                xQueueReceiveFromISR
 .text.vQueueDelete
                0x0000000000004144       0x24 _build_lpc40xx_freertos/objects/queue.o
                0x0000000000004144                vQueueDelete
 .text.prvSearchForNameWithinSingleList
                0x0000000000004168       0x54 _build_lpc40xx_freertos/objects/tasks.o
 .text.prvResetRunTimeStatsInList
                0x00000000000041bc       0x2e _build_lpc40xx_freertos/objects/tasks.o
 *fill*         0x00000000000041ea        0x2 ff
 .text.prvAddNewTaskToReadyList
                0x00000000000041ec       0xf4 _build_lpc40xx_freertos/objects/tasks.o
 .text.prvIdleTask
                0x00000000000042e0       0x28 _build_lpc40xx_freertos/objects/tasks.o
 .text.prvResetNextTaskUnblockTime
                0x0000000000004308       0x24 _build_lpc40xx_freertos/objects/tasks.o
 .text.prvTaskIsTaskSuspended
                0x000000000000432c       0x38 _build_lpc40xx_freertos/objects/tasks.o
 .text.prvInitialiseNewTask.isra.2
                0x0000000000004364       0x98 _build_lpc40xx_freertos/objects/tasks.o
 .text.prvAddCurrentTaskToDelayedList
                0x00000000000043fc       0x8c _build_lpc40xx_freertos/objects/tasks.o
 .text.xTaskCreateStatic
                0x0000000000004488       0x6c _build_lpc40xx_freertos/objects/tasks.o
                0x0000000000004488                xTaskCreateStatic
 .text.xTaskCreate
                0x00000000000044f4       0x5a _build_lpc40xx_freertos/objects/tasks.o
                0x00000000000044f4                xTaskCreate
 *fill*         0x000000000000454e        0x2 ff
 .text.eTaskGetState
                0x0000000000004550       0x6c _build_lpc40xx_freertos/objects/tasks.o
                0x0000000000004550                eTaskGetState
 .text.vTaskResume
                0x00000000000045bc       0x84 _build_lpc40xx_freertos/objects/tasks.o
                0x00000000000045bc                vTaskResume
 .text.vTaskStartScheduler
                0x0000000000004640       0x74 _build_lpc40xx_freertos/objects/tasks.o
                0x0000000000004640                vTaskStartScheduler
 .text.vTaskSuspendAll
                0x00000000000046b4       0x10 _build_lpc40xx_freertos/objects/tasks.o
                0x00000000000046b4                vTaskSuspendAll
 .text.xTaskIncrementTick
                0x00000000000046c4      0x124 _build_lpc40xx_freertos/objects/tasks.o
                0x00000000000046c4                xTaskIncrementTick
 .text.xTaskResumeAll
                0x00000000000047e8       0xec _build_lpc40xx_freertos/objects/tasks.o
                0x00000000000047e8                xTaskResumeAll
 .text.vTaskDelay
                0x00000000000048d4       0x48 _build_lpc40xx_freertos/objects/tasks.o
                0x00000000000048d4                vTaskDelay
 .text.xTaskGetHandle
                0x000000000000491c       0x7c _build_lpc40xx_freertos/objects/tasks.o
                0x000000000000491c                xTaskGetHandle
 .text.vTaskSwitchContext
                0x0000000000004998       0xbc _build_lpc40xx_freertos/objects/tasks.o
                0x0000000000004998                vTaskSwitchContext
 .text.vTaskSuspend
                0x0000000000004a54       0xd4 _build_lpc40xx_freertos/objects/tasks.o
                0x0000000000004a54                vTaskSuspend
 .text.vTaskPlaceOnEventList
                0x0000000000004b28       0x30 _build_lpc40xx_freertos/objects/tasks.o
                0x0000000000004b28                vTaskPlaceOnEventList
 .text.xTaskRemoveFromEventList
                0x0000000000004b58       0x80 _build_lpc40xx_freertos/objects/tasks.o
                0x0000000000004b58                xTaskRemoveFromEventList
 .text.vTaskInternalSetTimeOutState
                0x0000000000004bd8       0x18 _build_lpc40xx_freertos/objects/tasks.o
                0x0000000000004bd8                vTaskInternalSetTimeOutState
 .text.xTaskCheckForTimeOut
                0x0000000000004bf0       0x74 _build_lpc40xx_freertos/objects/tasks.o
                0x0000000000004bf0                xTaskCheckForTimeOut
 .text.vTaskMissedYield
                0x0000000000004c64        0xc _build_lpc40xx_freertos/objects/tasks.o
                0x0000000000004c64                vTaskMissedYield
 .text.vTaskGetInfo
                0x0000000000004c70       0x7c _build_lpc40xx_freertos/objects/tasks.o
                0x0000000000004c70                vTaskGetInfo
 .text.prvListTasksWithinSingleList
                0x0000000000004cec       0x5a _build_lpc40xx_freertos/objects/tasks.o
 *fill*         0x0000000000004d46        0x2 ff
 .text.uxTaskGetSystemState
                0x0000000000004d48       0x98 _build_lpc40xx_freertos/objects/tasks.o
                0x0000000000004d48                uxTaskGetSystemState
 .text.xTaskGetSchedulerState
                0x0000000000004de0       0x20 _build_lpc40xx_freertos/objects/tasks.o
                0x0000000000004de0                xTaskGetSchedulerState
 .text.xTaskPriorityInherit
                0x0000000000004e00       0xa4 _build_lpc40xx_freertos/objects/tasks.o
                0x0000000000004e00                xTaskPriorityInherit
 .text.xTaskPriorityDisinherit
                0x0000000000004ea4       0x9c _build_lpc40xx_freertos/objects/tasks.o
                0x0000000000004ea4                xTaskPriorityDisinherit
 .text.vTaskPriorityDisinheritAfterTimeout
                0x0000000000004f40       0xb0 _build_lpc40xx_freertos/objects/tasks.o
                0x0000000000004f40                vTaskPriorityDisinheritAfterTimeout
 .text.pvTaskIncrementMutexHeldCount
                0x0000000000004ff0       0x18 _build_lpc40xx_freertos/objects/tasks.o
                0x0000000000004ff0                pvTaskIncrementMutexHeldCount
 .text.vTaskResetRunTimeStats
                0x0000000000005008       0x6c _build_lpc40xx_freertos/objects/tasks.o
                0x0000000000005008                vTaskResetRunTimeStats
 .text.vRunTimeStatIsrEntry
                0x0000000000005074       0x28 _build_lpc40xx_freertos/objects/tasks.o
                0x0000000000005074                vRunTimeStatIsrEntry
 .text.vRunTimeStatIsrExit
                0x000000000000509c       0x10 _build_lpc40xx_freertos/objects/tasks.o
                0x000000000000509c                vRunTimeStatIsrExit
 .text.board_io__initialize
                0x00000000000050ac      0x104 _build_lpc40xx_freertos/objects/board_io.o
                0x00000000000050ac                board_io__initialize
 .text.board_io__sd_card_cs
                0x00000000000051b0       0x10 _build_lpc40xx_freertos/objects/board_io.o
                0x00000000000051b0                board_io__sd_card_cs
 .text.board_io__sd_card_ds
                0x00000000000051c0       0x10 _build_lpc40xx_freertos/objects/board_io.o
                0x00000000000051c0                board_io__sd_card_ds
 .text.board_io__sd_card_is_present
                0x00000000000051d0       0x14 _build_lpc40xx_freertos/objects/board_io.o
                0x00000000000051d0                board_io__sd_card_is_present
 .text.board_io__get_led0
                0x00000000000051e4        0xc _build_lpc40xx_freertos/objects/board_io.o
                0x00000000000051e4                board_io__get_led0
 .text.board_io__get_led1
                0x00000000000051f0        0xc _build_lpc40xx_freertos/objects/board_io.o
                0x00000000000051f0                board_io__get_led1
 .text.board_io__get_led2
                0x00000000000051fc        0xc _build_lpc40xx_freertos/objects/board_io.o
                0x00000000000051fc                board_io__get_led2
 .text.board_io__get_led3
                0x0000000000005208        0xc _build_lpc40xx_freertos/objects/board_io.o
                0x0000000000005208                board_io__get_led3
 .text.gpio__set_function
                0x0000000000005214       0x2a _build_lpc40xx_freertos/objects/gpio.o
                0x0000000000005214                gpio__set_function
 .text.gpio__construct_with_function
                0x000000000000523e       0x2a _build_lpc40xx_freertos/objects/gpio.o
                0x000000000000523e                gpio__construct_with_function
 .text.gpio__enable_open_drain
                0x0000000000005268       0x20 _build_lpc40xx_freertos/objects/gpio.o
                0x0000000000005268                gpio__enable_open_drain
 .text.gpio__enable_pull_down_resistors
                0x0000000000005288       0x28 _build_lpc40xx_freertos/objects/gpio.o
                0x0000000000005288                gpio__enable_pull_down_resistors
 .text.gpio__set_as_input
                0x00000000000052b0       0x24 _build_lpc40xx_freertos/objects/gpio.o
                0x00000000000052b0                gpio__set_as_input
 .text.gpio__construct_as_input
                0x00000000000052d4       0x28 _build_lpc40xx_freertos/objects/gpio.o
                0x00000000000052d4                gpio__construct_as_input
 .text.gpio__set_as_output
                0x00000000000052fc       0x20 _build_lpc40xx_freertos/objects/gpio.o
                0x00000000000052fc                gpio__set_as_output
 .text.gpio__construct_as_output
                0x000000000000531c       0x28 _build_lpc40xx_freertos/objects/gpio.o
                0x000000000000531c                gpio__construct_as_output
 .text.gpio__get
                0x0000000000005344       0x24 _build_lpc40xx_freertos/objects/gpio.o
                0x0000000000005344                gpio__get
 .text.gpio__set
                0x0000000000005368       0x1c _build_lpc40xx_freertos/objects/gpio.o
                0x0000000000005368                gpio__set
 .text.gpio__reset
                0x0000000000005384       0x1c _build_lpc40xx_freertos/objects/gpio.o
                0x0000000000005384                gpio__reset
 .text.gpio__toggle
                0x00000000000053a0       0x1e _build_lpc40xx_freertos/objects/gpio.o
                0x00000000000053a0                gpio__toggle
 *fill*         0x00000000000053be        0x2 ff
 .text.hw_timer__enable
                0x00000000000053c0       0x48 _build_lpc40xx_freertos/objects/hw_timer.o
                0x00000000000053c0                hw_timer__enable
 .text.hw_timer__enable_match_isr
                0x0000000000005408       0x24 _build_lpc40xx_freertos/objects/hw_timer.o
                0x0000000000005408                hw_timer__enable_match_isr
 .text.hw_timer__acknowledge_interrupt
                0x000000000000542c       0x18 _build_lpc40xx_freertos/objects/hw_timer.o
                0x000000000000542c                hw_timer__acknowledge_interrupt
 .text.hw_timer__get_value
                0x0000000000005444       0x10 _build_lpc40xx_freertos/objects/hw_timer.o
                0x0000000000005444                hw_timer__get_value
 .text.hw_timer__set_value
                0x0000000000005454       0x10 _build_lpc40xx_freertos/objects/hw_timer.o
                0x0000000000005454                hw_timer__set_value
 .text.i2c__transfer_unprotected
                0x0000000000005464       0x5e _build_lpc40xx_freertos/objects/i2c.o
 *fill*         0x00000000000054c2        0x2 ff
 .text.i2c__handle_interrupt
                0x00000000000054c4      0x184 _build_lpc40xx_freertos/objects/i2c.o
 .text.i2c2_isr
                0x0000000000005648        0xc _build_lpc40xx_freertos/objects/i2c.o
 .text.i2c1_isr
                0x0000000000005654        0xc _build_lpc40xx_freertos/objects/i2c.o
 .text.i2c0_isr
                0x0000000000005660        0xc _build_lpc40xx_freertos/objects/i2c.o
 .text.i2c__initialize
                0x000000000000566c       0xb0 _build_lpc40xx_freertos/objects/i2c.o
                0x000000000000566c                i2c__initialize
 .text.i2c__read_slave_data
                0x000000000000571c       0x54 _build_lpc40xx_freertos/objects/i2c.o
                0x000000000000571c                i2c__read_slave_data
 .text.i2c__read_single
                0x0000000000005770       0x1e _build_lpc40xx_freertos/objects/i2c.o
                0x0000000000005770                i2c__read_single
 *fill*         0x000000000000578e        0x2 ff
 .text.i2c__write_slave_data
                0x0000000000005790       0x50 _build_lpc40xx_freertos/objects/i2c.o
                0x0000000000005790                i2c__write_slave_data
 .text.i2c__detect
                0x00000000000057e0       0x18 _build_lpc40xx_freertos/objects/i2c.o
                0x00000000000057e0                i2c__detect
 .text.i2c__write_single
                0x00000000000057f8       0x18 _build_lpc40xx_freertos/objects/i2c.o
                0x00000000000057f8                i2c__write_single
 .text.lpc_peripheral__halt_handler
                0x0000000000005810        0x2 _build_lpc40xx_freertos/objects/lpc_peripherals.o
 *fill*         0x0000000000005812        0x2 ff
 .text.lpc_peripheral__interrupt_dispatcher
                0x0000000000005814       0x34 _build_lpc40xx_freertos/objects/lpc_peripherals.o
                0x0000000000005814                lpc_peripheral__interrupt_dispatcher
 .text.lpc_peripheral__turn_on_power_to
                0x0000000000005848       0x24 _build_lpc40xx_freertos/objects/lpc_peripherals.o
                0x0000000000005848                lpc_peripheral__turn_on_power_to
 .text.lpc_peripheral__is_powered_on
                0x000000000000586c       0x24 _build_lpc40xx_freertos/objects/lpc_peripherals.o
                0x000000000000586c                lpc_peripheral__is_powered_on
 .text.lpc_peripheral__enable_interrupt
                0x0000000000005890       0x30 _build_lpc40xx_freertos/objects/lpc_peripherals.o
                0x0000000000005890                lpc_peripheral__enable_interrupt
 .text.ssp2__dma_transfer_block
                0x00000000000058c0       0x98 _build_lpc40xx_freertos/objects/ssp2.o
 .text.ssp2__set_max_clock
                0x0000000000005958       0x2c _build_lpc40xx_freertos/objects/ssp2.o
                0x0000000000005958                ssp2__set_max_clock
 .text.ssp2__initialize
                0x0000000000005984       0x44 _build_lpc40xx_freertos/objects/ssp2.o
                0x0000000000005984                ssp2__initialize
 .text.ssp2__exchange_byte
                0x00000000000059c8       0x14 _build_lpc40xx_freertos/objects/ssp2.o
                0x00000000000059c8                ssp2__exchange_byte
 .text.ssp2__dma_write_block
                0x00000000000059dc        0x6 _build_lpc40xx_freertos/objects/ssp2.o
                0x00000000000059dc                ssp2__dma_write_block
 .text.ssp2__dma_read_block
                0x00000000000059e2        0x6 _build_lpc40xx_freertos/objects/ssp2.o
                0x00000000000059e2                ssp2__dma_read_block
 .text.uart__isr_common
                0x00000000000059e8       0x94 _build_lpc40xx_freertos/objects/uart.o
 .text.uart3_isr
                0x0000000000005a7c        0xc _build_lpc40xx_freertos/objects/uart.o
 .text.uart2_isr
                0x0000000000005a88        0xc _build_lpc40xx_freertos/objects/uart.o
 .text.uart1_isr
                0x0000000000005a94        0xc _build_lpc40xx_freertos/objects/uart.o
 .text.uart0_isr
                0x0000000000005aa0        0xc _build_lpc40xx_freertos/objects/uart.o
 .text.uart__init
                0x0000000000005aac       0x60 _build_lpc40xx_freertos/objects/uart.o
                0x0000000000005aac                uart__init
 .text.uart__is_initialized
                0x0000000000005b0c       0x28 _build_lpc40xx_freertos/objects/uart.o
                0x0000000000005b0c                uart__is_initialized
 .text.uart__is_transmit_queue_initialized
                0x0000000000005b34       0x14 _build_lpc40xx_freertos/objects/uart.o
                0x0000000000005b34                uart__is_transmit_queue_initialized
 .text.uart__enable_queues
                0x0000000000005b48       0x70 _build_lpc40xx_freertos/objects/uart.o
                0x0000000000005b48                uart__enable_queues
 .text.uart__polled_put
                0x0000000000005bb8       0x24 _build_lpc40xx_freertos/objects/uart.o
                0x0000000000005bb8                uart__polled_put
 .text.uart__get
                0x0000000000005bdc       0x4c _build_lpc40xx_freertos/objects/uart.o
                0x0000000000005bdc                uart__get
 .text.uart__polled_get
                0x0000000000005c28       0x54 _build_lpc40xx_freertos/objects/uart.o
                0x0000000000005c28                uart__polled_get
 .text.uart__put
                0x0000000000005c7c       0x7c _build_lpc40xx_freertos/objects/uart.o
                0x0000000000005c7c                uart__put
 .text.mp3_reader_task
                0x0000000000005cf8       0x74 _build_lpc40xx_freertos/objects/main.o
                0x0000000000005cf8                mp3_reader_task
 .text.mp3_player_task
                0x0000000000005d6c       0x68 _build_lpc40xx_freertos/objects/main.o
                0x0000000000005d6c                mp3_player_task
 .text.play_pause_button
                0x0000000000005dd4       0x50 _build_lpc40xx_freertos/objects/main.o
                0x0000000000005dd4                play_pause_button
 .text.clockf_init
                0x0000000000005e24       0x30 _build_lpc40xx_freertos/objects/main.o
                0x0000000000005e24                clockf_init
 .text.read_reg
                0x0000000000005e54       0x44 _build_lpc40xx_freertos/objects/main.o
                0x0000000000005e54                read_reg
 .text.startup.main
                0x0000000000005e98      0x17c _build_lpc40xx_freertos/objects/main.o
                0x0000000000005e98                main
 .text.volume_C
                0x0000000000006014       0x5c _build_lpc40xx_freertos/objects/main.o
                0x0000000000006014                volume_C
 .text.Volume_Control
                0x0000000000006070       0x58 _build_lpc40xx_freertos/objects/main.o
                0x0000000000006070                Volume_Control
 .text          0x00000000000060c8       0x30 /Users/Manny/CMPE_146_MP3/toolchains/mac/gcc-arm-none-eabi-8-2019-q3-update/bin/../lib/gcc/arm-none-eabi/8.3.1/thumb/v7e-m+fp/hard/libgcc.a(_aeabi_uldivmod.o)
                0x00000000000060c8                __aeabi_uldivmod
 .text          0x00000000000060f8      0x2d0 /Users/Manny/CMPE_146_MP3/toolchains/mac/gcc-arm-none-eabi-8-2019-q3-update/bin/../lib/gcc/arm-none-eabi/8.3.1/thumb/v7e-m+fp/hard/libgcc.a(_udivmoddi4.o)
                0x00000000000060f8                __udivmoddi4
 .text          0x00000000000063c8        0x4 /Users/Manny/CMPE_146_MP3/toolchains/mac/gcc-arm-none-eabi-8-2019-q3-update/bin/../lib/gcc/arm-none-eabi/8.3.1/thumb/v7e-m+fp/hard/libgcc.a(_dvmd_tls.o)
                0x00000000000063c8                __aeabi_ldiv0
                0x00000000000063c8                __aeabi_idiv0
 .text.atoi     0x00000000000063cc        0x8 /Users/Manny/CMPE_146_MP3/toolchains/mac/gcc-arm-none-eabi-8-2019-q3-update/bin/../lib/gcc/arm-none-eabi/8.3.1/../../../../arm-none-eabi/lib/thumb/v7e-m+fp/hard/libg_nano.a(lib_a-atoi.o)
                0x00000000000063cc                atoi
 .text.fprintf  0x00000000000063d4       0x24 /Users/Manny/CMPE_146_MP3/toolchains/mac/gcc-arm-none-eabi-8-2019-q3-update/bin/../lib/gcc/arm-none-eabi/8.3.1/../../../../arm-none-eabi/lib/thumb/v7e-m+fp/hard/libg_nano.a(lib_a-fprintf.o)
                0x00000000000063d4                fprintf
                0x00000000000063d4                fiprintf
 .text._fputs_r
                0x00000000000063f8       0xcc /Users/Manny/CMPE_146_MP3/toolchains/mac/gcc-arm-none-eabi-8-2019-q3-update/bin/../lib/gcc/arm-none-eabi/8.3.1/../../../../arm-none-eabi/lib/thumb/v7e-m+fp/hard/libg_nano.a(lib_a-fputs.o)
                0x00000000000063f8                _fputs_r
 .text.fputs    0x00000000000064c4       0x10 /Users/Manny/CMPE_146_MP3/toolchains/mac/gcc-arm-none-eabi-8-2019-q3-update/bin/../lib/gcc/arm-none-eabi/8.3.1/../../../../arm-none-eabi/lib/thumb/v7e-m+fp/hard/libg_nano.a(lib_a-fputs.o)
                0x00000000000064c4                fputs
 .text.getchar  0x00000000000064d4       0x24 /Users/Manny/CMPE_146_MP3/toolchains/mac/gcc-arm-none-eabi-8-2019-q3-update/bin/../lib/gcc/arm-none-eabi/8.3.1/../../../../arm-none-eabi/lib/thumb/v7e-m+fp/hard/libg_nano.a(lib_a-getchar.o)
                0x00000000000064d4                getchar
 .text.__retarget_lock_init_recursive
                0x00000000000064f8        0x2 /Users/Manny/CMPE_146_MP3/toolchains/mac/gcc-arm-none-eabi-8-2019-q3-update/bin/../lib/gcc/arm-none-eabi/8.3.1/../../../../arm-none-eabi/lib/thumb/v7e-m+fp/hard/libg_nano.a(lib_a-lock.o)
                0x00000000000064f8                __retarget_lock_init_recursive
 .text.__retarget_lock_acquire_recursive
                0x00000000000064fa        0x2 /Users/Manny/CMPE_146_MP3/toolchains/mac/gcc-arm-none-eabi-8-2019-q3-update/bin/../lib/gcc/arm-none-eabi/8.3.1/../../../../arm-none-eabi/lib/thumb/v7e-m+fp/hard/libg_nano.a(lib_a-lock.o)
                0x00000000000064fa                __retarget_lock_acquire_recursive
 .text.__retarget_lock_release_recursive
                0x00000000000064fc        0x2 /Users/Manny/CMPE_146_MP3/toolchains/mac/gcc-arm-none-eabi-8-2019-q3-update/bin/../lib/gcc/arm-none-eabi/8.3.1/../../../../arm-none-eabi/lib/thumb/v7e-m+fp/hard/libg_nano.a(lib_a-lock.o)
                0x00000000000064fc                __retarget_lock_release_recursive
 *fill*         0x00000000000064fe        0x2 ff
 .text.malloc   0x0000000000006500       0x10 /Users/Manny/CMPE_146_MP3/toolchains/mac/gcc-arm-none-eabi-8-2019-q3-update/bin/../lib/gcc/arm-none-eabi/8.3.1/../../../../arm-none-eabi/lib/thumb/v7e-m+fp/hard/libg_nano.a(lib_a-malloc.o)
                0x0000000000006500                malloc
 .text.free     0x0000000000006510       0x10 /Users/Manny/CMPE_146_MP3/toolchains/mac/gcc-arm-none-eabi-8-2019-q3-update/bin/../lib/gcc/arm-none-eabi/8.3.1/../../../../arm-none-eabi/lib/thumb/v7e-m+fp/hard/libg_nano.a(lib_a-malloc.o)
                0x0000000000006510                free
 .text.memcpy   0x0000000000006520       0x1c /Users/Manny/CMPE_146_MP3/toolchains/mac/gcc-arm-none-eabi-8-2019-q3-update/bin/../lib/gcc/arm-none-eabi/8.3.1/../../../../arm-none-eabi/lib/thumb/v7e-m+fp/hard/libg_nano.a(lib_a-memcpy-stub.o)
                0x0000000000006520                memcpy
 .text.memmove  0x000000000000653c       0x34 /Users/Manny/CMPE_146_MP3/toolchains/mac/gcc-arm-none-eabi-8-2019-q3-update/bin/../lib/gcc/arm-none-eabi/8.3.1/../../../../arm-none-eabi/lib/thumb/v7e-m+fp/hard/libg_nano.a(lib_a-memmove.o)
                0x000000000000653c                memmove
 .text.memset   0x0000000000006570       0x10 /Users/Manny/CMPE_146_MP3/toolchains/mac/gcc-arm-none-eabi-8-2019-q3-update/bin/../lib/gcc/arm-none-eabi/8.3.1/../../../../arm-none-eabi/lib/thumb/v7e-m+fp/hard/libg_nano.a(lib_a-memset.o)
                0x0000000000006570                memset
 .text._free_r  0x0000000000006580       0x9c /Users/Manny/CMPE_146_MP3/toolchains/mac/gcc-arm-none-eabi-8-2019-q3-update/bin/../lib/gcc/arm-none-eabi/8.3.1/../../../../arm-none-eabi/lib/thumb/v7e-m+fp/hard/libg_nano.a(lib_a-nano-freer.o)
                0x0000000000006580                _free_r
 .text._malloc_r
                0x000000000000661c       0xb4 /Users/Manny/CMPE_146_MP3/toolchains/mac/gcc-arm-none-eabi-8-2019-q3-update/bin/../lib/gcc/arm-none-eabi/8.3.1/../../../../arm-none-eabi/lib/thumb/v7e-m+fp/hard/libg_nano.a(lib_a-nano-mallocr.o)
                0x000000000000661c                _malloc_r
 .text.__sfputc_r
                0x00000000000066d0       0x2e /Users/Manny/CMPE_146_MP3/toolchains/mac/gcc-arm-none-eabi-8-2019-q3-update/bin/../lib/gcc/arm-none-eabi/8.3.1/../../../../arm-none-eabi/lib/thumb/v7e-m+fp/hard/libg_nano.a(lib_a-nano-vfprintf.o)
 .text.__sfputs_r
                0x00000000000066fe       0x24 /Users/Manny/CMPE_146_MP3/toolchains/mac/gcc-arm-none-eabi-8-2019-q3-update/bin/../lib/gcc/arm-none-eabi/8.3.1/../../../../arm-none-eabi/lib/thumb/v7e-m+fp/hard/libg_nano.a(lib_a-nano-vfprintf.o)
                0x00000000000066fe                __sfputs_r
 *fill*         0x0000000000006722        0x2 ff
 .text._vfprintf_r
                0x0000000000006724      0x250 /Users/Manny/CMPE_146_MP3/toolchains/mac/gcc-arm-none-eabi-8-2019-q3-update/bin/../lib/gcc/arm-none-eabi/8.3.1/../../../../arm-none-eabi/lib/thumb/v7e-m+fp/hard/libg_nano.a(lib_a-nano-vfprintf.o)
                0x0000000000006724                _vfiprintf_r
                0x0000000000006724                _vfprintf_r
 .text.__cvt    0x0000000000006974       0xba /Users/Manny/CMPE_146_MP3/toolchains/mac/gcc-arm-none-eabi-8-2019-q3-update/bin/../lib/gcc/arm-none-eabi/8.3.1/../../../../arm-none-eabi/lib/thumb/v7e-m+fp/hard/libg_nano.a(lib_a-nano-vfprintf_float.o)
                0x0000000000006974                __cvt
 .text.__exponent
                0x0000000000006a2e       0x64 /Users/Manny/CMPE_146_MP3/toolchains/mac/gcc-arm-none-eabi-8-2019-q3-update/bin/../lib/gcc/arm-none-eabi/8.3.1/../../../../arm-none-eabi/lib/thumb/v7e-m+fp/hard/libg_nano.a(lib_a-nano-vfprintf_float.o)
                0x0000000000006a2e                __exponent
 *fill*         0x0000000000006a92        0x2 ff
 .text._printf_float
                0x0000000000006a94      0x454 /Users/Manny/CMPE_146_MP3/toolchains/mac/gcc-arm-none-eabi-8-2019-q3-update/bin/../lib/gcc/arm-none-eabi/8.3.1/../../../../arm-none-eabi/lib/thumb/v7e-m+fp/hard/libg_nano.a(lib_a-nano-vfprintf_float.o)
                0x0000000000006a94                _printf_float
 .text._printf_common
                0x0000000000006ee8       0xea /Users/Manny/CMPE_146_MP3/toolchains/mac/gcc-arm-none-eabi-8-2019-q3-update/bin/../lib/gcc/arm-none-eabi/8.3.1/../../../../arm-none-eabi/lib/thumb/v7e-m+fp/hard/libg_nano.a(lib_a-nano-vfprintf_i.o)
                0x0000000000006ee8                _printf_common
 *fill*         0x0000000000006fd2        0x2 ff
 .text._printf_i
                0x0000000000006fd4      0x228 /Users/Manny/CMPE_146_MP3/toolchains/mac/gcc-arm-none-eabi-8-2019-q3-update/bin/../lib/gcc/arm-none-eabi/8.3.1/../../../../arm-none-eabi/lib/thumb/v7e-m+fp/hard/libg_nano.a(lib_a-nano-vfprintf_i.o)
                0x0000000000006fd4                _printf_i
 .text._scanf_float
                0x00000000000071fc      0x3c0 /Users/Manny/CMPE_146_MP3/toolchains/mac/gcc-arm-none-eabi-8-2019-q3-update/bin/../lib/gcc/arm-none-eabi/8.3.1/../../../../arm-none-eabi/lib/thumb/v7e-m+fp/hard/libg_nano.a(lib_a-nano-vfscanf_float.o)
                0x00000000000071fc                _scanf_float
 .text.printf   0x00000000000075bc       0x30 /Users/Manny/CMPE_146_MP3/toolchains/mac/gcc-arm-none-eabi-8-2019-q3-update/bin/../lib/gcc/arm-none-eabi/8.3.1/../../../../arm-none-eabi/lib/thumb/v7e-m+fp/hard/libg_nano.a(lib_a-printf.o)
                0x00000000000075bc                printf
                0x00000000000075bc                iprintf
 .text.putchar  0x00000000000075ec       0x28 /Users/Manny/CMPE_146_MP3/toolchains/mac/gcc-arm-none-eabi-8-2019-q3-update/bin/../lib/gcc/arm-none-eabi/8.3.1/../../../../arm-none-eabi/lib/thumb/v7e-m+fp/hard/libg_nano.a(lib_a-putchar.o)
                0x00000000000075ec                putchar
 .text._puts_r  0x0000000000007614       0xdc /Users/Manny/CMPE_146_MP3/toolchains/mac/gcc-arm-none-eabi-8-2019-q3-update/bin/../lib/gcc/arm-none-eabi/8.3.1/../../../../arm-none-eabi/lib/thumb/v7e-m+fp/hard/libg_nano.a(lib_a-puts.o)
                0x0000000000007614                _puts_r
 .text.puts     0x00000000000076f0       0x10 /Users/Manny/CMPE_146_MP3/toolchains/mac/gcc-arm-none-eabi-8-2019-q3-update/bin/../lib/gcc/arm-none-eabi/8.3.1/../../../../arm-none-eabi/lib/thumb/v7e-m+fp/hard/libg_nano.a(lib_a-puts.o)
                0x00000000000076f0                puts
 .text._sbrk_r  0x0000000000007700       0x20 /Users/Manny/CMPE_146_MP3/toolchains/mac/gcc-arm-none-eabi-8-2019-q3-update/bin/../lib/gcc/arm-none-eabi/8.3.1/../../../../arm-none-eabi/lib/thumb/v7e-m+fp/hard/libg_nano.a(lib_a-sbrkr.o)
                0x0000000000007700                _sbrk_r
 .text.setvbuf  0x0000000000007720      0x184 /Users/Manny/CMPE_146_MP3/toolchains/mac/gcc-arm-none-eabi-8-2019-q3-update/bin/../lib/gcc/arm-none-eabi/8.3.1/../../../../arm-none-eabi/lib/thumb/v7e-m+fp/hard/libg_nano.a(lib_a-setvbuf.o)
                0x0000000000007720                setvbuf
 .text.nanf     0x00000000000078a4        0xc /Users/Manny/CMPE_146_MP3/toolchains/mac/gcc-arm-none-eabi-8-2019-q3-update/bin/../lib/gcc/arm-none-eabi/8.3.1/../../../../arm-none-eabi/lib/thumb/v7e-m+fp/hard/libg_nano.a(lib_a-sf_nan.o)
                0x00000000000078a4                nanf
 .text.sprintf  0x00000000000078b0       0x40 /Users/Manny/CMPE_146_MP3/toolchains/mac/gcc-arm-none-eabi-8-2019-q3-update/bin/../lib/gcc/arm-none-eabi/8.3.1/../../../../arm-none-eabi/lib/thumb/v7e-m+fp/hard/libg_nano.a(lib_a-sprintf.o)
                0x00000000000078b0                sprintf
                0x00000000000078b0                siprintf
 .text.strcasecmp
                0x00000000000078f0       0x38 /Users/Manny/CMPE_146_MP3/toolchains/mac/gcc-arm-none-eabi-8-2019-q3-update/bin/../lib/gcc/arm-none-eabi/8.3.1/../../../../arm-none-eabi/lib/thumb/v7e-m+fp/hard/libg_nano.a(lib_a-strcasecmp.o)
                0x00000000000078f0                strcasecmp
 .text.strchr   0x0000000000007928       0x1a /Users/Manny/CMPE_146_MP3/toolchains/mac/gcc-arm-none-eabi-8-2019-q3-update/bin/../lib/gcc/arm-none-eabi/8.3.1/../../../../arm-none-eabi/lib/thumb/v7e-m+fp/hard/libg_nano.a(lib_a-strchr.o)
                0x0000000000007928                strchr
 .text          0x0000000000007942       0x10 /Users/Manny/CMPE_146_MP3/toolchains/mac/gcc-arm-none-eabi-8-2019-q3-update/bin/../lib/gcc/arm-none-eabi/8.3.1/../../../../arm-none-eabi/lib/thumb/v7e-m+fp/hard/libg_nano.a(lib_a-strlen.o)
                0x0000000000007942                strlen
 *fill*         0x0000000000007952        0x2 ff
 .text.strncasecmp
                0x0000000000007954       0x44 /Users/Manny/CMPE_146_MP3/toolchains/mac/gcc-arm-none-eabi-8-2019-q3-update/bin/../lib/gcc/arm-none-eabi/8.3.1/../../../../arm-none-eabi/lib/thumb/v7e-m+fp/hard/libg_nano.a(lib_a-strncasecmp.o)
                0x0000000000007954                strncasecmp
 .text.strncmp  0x0000000000007998       0x24 /Users/Manny/CMPE_146_MP3/toolchains/mac/gcc-arm-none-eabi-8-2019-q3-update/bin/../lib/gcc/arm-none-eabi/8.3.1/../../../../arm-none-eabi/lib/thumb/v7e-m+fp/hard/libg_nano.a(lib_a-strncmp.o)
                0x0000000000007998                strncmp
 .text.strncpy  0x00000000000079bc       0x26 /Users/Manny/CMPE_146_MP3/toolchains/mac/gcc-arm-none-eabi-8-2019-q3-update/bin/../lib/gcc/arm-none-eabi/8.3.1/../../../../arm-none-eabi/lib/thumb/v7e-m+fp/hard/libg_nano.a(lib_a-strncpy.o)
                0x00000000000079bc                strncpy
 .text.strstr   0x00000000000079e2       0x2e /Users/Manny/CMPE_146_MP3/toolchains/mac/gcc-arm-none-eabi-8-2019-q3-update/bin/../lib/gcc/arm-none-eabi/8.3.1/../../../../arm-none-eabi/lib/thumb/v7e-m+fp/hard/libg_nano.a(lib_a-strstr.o)
                0x00000000000079e2                strstr
 .text.sulp     0x0000000000007a10       0x38 /Users/Manny/CMPE_146_MP3/toolchains/mac/gcc-arm-none-eabi-8-2019-q3-update/bin/../lib/gcc/arm-none-eabi/8.3.1/../../../../arm-none-eabi/lib/thumb/v7e-m+fp/hard/libg_nano.a(lib_a-strtod.o)
 .text._strtod_l
                0x0000000000007a48      0xb98 /Users/Manny/CMPE_146_MP3/toolchains/mac/gcc-arm-none-eabi-8-2019-q3-update/bin/../lib/gcc/arm-none-eabi/8.3.1/../../../../arm-none-eabi/lib/thumb/v7e-m+fp/hard/libg_nano.a(lib_a-strtod.o)
                0x0000000000007a48                _strtod_l
 .text._strtod_r
                0x00000000000085e0        0xc /Users/Manny/CMPE_146_MP3/toolchains/mac/gcc-arm-none-eabi-8-2019-q3-update/bin/../lib/gcc/arm-none-eabi/8.3.1/../../../../arm-none-eabi/lib/thumb/v7e-m+fp/hard/libg_nano.a(lib_a-strtod.o)
                0x00000000000085e0                _strtod_r
 .text._strtol_l.isra.0
                0x00000000000085ec       0xf0 /Users/Manny/CMPE_146_MP3/toolchains/mac/gcc-arm-none-eabi-8-2019-q3-update/bin/../lib/gcc/arm-none-eabi/8.3.1/../../../../arm-none-eabi/lib/thumb/v7e-m+fp/hard/libg_nano.a(lib_a-strtol.o)
 .text._strtol_r
                0x00000000000086dc        0x4 /Users/Manny/CMPE_146_MP3/toolchains/mac/gcc-arm-none-eabi-8-2019-q3-update/bin/../lib/gcc/arm-none-eabi/8.3.1/../../../../arm-none-eabi/lib/thumb/v7e-m+fp/hard/libg_nano.a(lib_a-strtol.o)
                0x00000000000086dc                _strtol_r
 .text.strtol   0x00000000000086e0       0x14 /Users/Manny/CMPE_146_MP3/toolchains/mac/gcc-arm-none-eabi-8-2019-q3-update/bin/../lib/gcc/arm-none-eabi/8.3.1/../../../../arm-none-eabi/lib/thumb/v7e-m+fp/hard/libg_nano.a(lib_a-strtol.o)
                0x00000000000086e0                strtol
 .text._vsnprintf_r
                0x00000000000086f4       0x58 /Users/Manny/CMPE_146_MP3/toolchains/mac/gcc-arm-none-eabi-8-2019-q3-update/bin/../lib/gcc/arm-none-eabi/8.3.1/../../../../arm-none-eabi/lib/thumb/v7e-m+fp/hard/libg_nano.a(lib_a-vsnprintf.o)
                0x00000000000086f4                _vsnprintf_r
                0x00000000000086f4                _vsniprintf_r
 .text.vsnprintf
                0x000000000000874c       0x1c /Users/Manny/CMPE_146_MP3/toolchains/mac/gcc-arm-none-eabi-8-2019-q3-update/bin/../lib/gcc/arm-none-eabi/8.3.1/../../../../arm-none-eabi/lib/thumb/v7e-m+fp/hard/libg_nano.a(lib_a-vsnprintf.o)
                0x000000000000874c                vsnprintf
                0x000000000000874c                vsniprintf
 .text._vsscanf_r
                0x0000000000008768       0x48 /Users/Manny/CMPE_146_MP3/toolchains/mac/gcc-arm-none-eabi-8-2019-q3-update/bin/../lib/gcc/arm-none-eabi/8.3.1/../../../../arm-none-eabi/lib/thumb/v7e-m+fp/hard/libg_nano.a(lib_a-vsscanf.o)
                0x0000000000008768                _vsiscanf_r
                0x0000000000008768                _vsscanf_r
 .text.vsscanf  0x00000000000087b0       0x14 /Users/Manny/CMPE_146_MP3/toolchains/mac/gcc-arm-none-eabi-8-2019-q3-update/bin/../lib/gcc/arm-none-eabi/8.3.1/../../../../arm-none-eabi/lib/thumb/v7e-m+fp/hard/libg_nano.a(lib_a-vsscanf.o)
                0x00000000000087b0                vsscanf
                0x00000000000087b0                vsiscanf
 .text.__swbuf_r
                0x00000000000087c4       0xa4 /Users/Manny/CMPE_146_MP3/toolchains/mac/gcc-arm-none-eabi-8-2019-q3-update/bin/../lib/gcc/arm-none-eabi/8.3.1/../../../../arm-none-eabi/lib/thumb/v7e-m+fp/hard/libg_nano.a(lib_a-wbuf.o)
                0x00000000000087c4                __swbuf_r
 .text.__swsetup_r
                0x0000000000008868       0xdc /Users/Manny/CMPE_146_MP3/toolchains/mac/gcc-arm-none-eabi-8-2019-q3-update/bin/../lib/gcc/arm-none-eabi/8.3.1/../../../../arm-none-eabi/lib/thumb/v7e-m+fp/hard/libg_nano.a(lib_a-wsetup.o)
                0x0000000000008868                __swsetup_r
 .text.quorem   0x0000000000008944      0x112 /Users/Manny/CMPE_146_MP3/toolchains/mac/gcc-arm-none-eabi-8-2019-q3-update/bin/../lib/gcc/arm-none-eabi/8.3.1/../../../../arm-none-eabi/lib/thumb/v7e-m+fp/hard/libg_nano.a(lib_a-dtoa.o)
 *fill*         0x0000000000008a56        0x2 ff
 .text._dtoa_r  0x0000000000008a58      0xb74 /Users/Manny/CMPE_146_MP3/toolchains/mac/gcc-arm-none-eabi-8-2019-q3-update/bin/../lib/gcc/arm-none-eabi/8.3.1/../../../../arm-none-eabi/lib/thumb/v7e-m+fp/hard/libg_nano.a(lib_a-dtoa.o)
                0x0000000000008a58                _dtoa_r
 .text.__sflush_r
                0x00000000000095cc      0x10c /Users/Manny/CMPE_146_MP3/toolchains/mac/gcc-arm-none-eabi-8-2019-q3-update/bin/../lib/gcc/arm-none-eabi/8.3.1/../../../../arm-none-eabi/lib/thumb/v7e-m+fp/hard/libg_nano.a(lib_a-fflush.o)
                0x00000000000095cc                __sflush_r
 .text._fflush_r
                0x00000000000096d8       0x78 /Users/Manny/CMPE_146_MP3/toolchains/mac/gcc-arm-none-eabi-8-2019-q3-update/bin/../lib/gcc/arm-none-eabi/8.3.1/../../../../arm-none-eabi/lib/thumb/v7e-m+fp/hard/libg_nano.a(lib_a-fflush.o)
                0x00000000000096d8                _fflush_r
 .text.fflush   0x0000000000009750       0x24 /Users/Manny/CMPE_146_MP3/toolchains/mac/gcc-arm-none-eabi-8-2019-q3-update/bin/../lib/gcc/arm-none-eabi/8.3.1/../../../../arm-none-eabi/lib/thumb/v7e-m+fp/hard/libg_nano.a(lib_a-fflush.o)
                0x0000000000009750                fflush
 .text.std      0x0000000000009774       0x48 /Users/Manny/CMPE_146_MP3/toolchains/mac/gcc-arm-none-eabi-8-2019-q3-update/bin/../lib/gcc/arm-none-eabi/8.3.1/../../../../arm-none-eabi/lib/thumb/v7e-m+fp/hard/libg_nano.a(lib_a-findfp.o)
 .text._cleanup_r
                0x00000000000097bc        0xc /Users/Manny/CMPE_146_MP3/toolchains/mac/gcc-arm-none-eabi-8-2019-q3-update/bin/../lib/gcc/arm-none-eabi/8.3.1/../../../../arm-none-eabi/lib/thumb/v7e-m+fp/hard/libg_nano.a(lib_a-findfp.o)
                0x00000000000097bc                _cleanup_r
 .text.__sfmoreglue
                0x00000000000097c8       0x2c /Users/Manny/CMPE_146_MP3/toolchains/mac/gcc-arm-none-eabi-8-2019-q3-update/bin/../lib/gcc/arm-none-eabi/8.3.1/../../../../arm-none-eabi/lib/thumb/v7e-m+fp/hard/libg_nano.a(lib_a-findfp.o)
                0x00000000000097c8                __sfmoreglue
 .text.__sfp_lock_acquire
                0x00000000000097f4        0xc /Users/Manny/CMPE_146_MP3/toolchains/mac/gcc-arm-none-eabi-8-2019-q3-update/bin/../lib/gcc/arm-none-eabi/8.3.1/../../../../arm-none-eabi/lib/thumb/v7e-m+fp/hard/libg_nano.a(lib_a-findfp.o)
                0x00000000000097f4                __sfp_lock_acquire
 .text.__sfp_lock_release
                0x0000000000009800        0xc /Users/Manny/CMPE_146_MP3/toolchains/mac/gcc-arm-none-eabi-8-2019-q3-update/bin/../lib/gcc/arm-none-eabi/8.3.1/../../../../arm-none-eabi/lib/thumb/v7e-m+fp/hard/libg_nano.a(lib_a-findfp.o)
                0x0000000000009800                __sfp_lock_release
 .text.__sinit_lock_acquire
                0x000000000000980c        0xc /Users/Manny/CMPE_146_MP3/toolchains/mac/gcc-arm-none-eabi-8-2019-q3-update/bin/../lib/gcc/arm-none-eabi/8.3.1/../../../../arm-none-eabi/lib/thumb/v7e-m+fp/hard/libg_nano.a(lib_a-findfp.o)
                0x000000000000980c                __sinit_lock_acquire
 .text.__sinit_lock_release
                0x0000000000009818        0xc /Users/Manny/CMPE_146_MP3/toolchains/mac/gcc-arm-none-eabi-8-2019-q3-update/bin/../lib/gcc/arm-none-eabi/8.3.1/../../../../arm-none-eabi/lib/thumb/v7e-m+fp/hard/libg_nano.a(lib_a-findfp.o)
                0x0000000000009818                __sinit_lock_release
 .text.__sinit  0x0000000000009824       0x70 /Users/Manny/CMPE_146_MP3/toolchains/mac/gcc-arm-none-eabi-8-2019-q3-update/bin/../lib/gcc/arm-none-eabi/8.3.1/../../../../arm-none-eabi/lib/thumb/v7e-m+fp/hard/libg_nano.a(lib_a-findfp.o)
                0x0000000000009824                __sinit
 .text.__sfp    0x0000000000009894       0x8c /Users/Manny/CMPE_146_MP3/toolchains/mac/gcc-arm-none-eabi-8-2019-q3-update/bin/../lib/gcc/arm-none-eabi/8.3.1/../../../../arm-none-eabi/lib/thumb/v7e-m+fp/hard/libg_nano.a(lib_a-findfp.o)
                0x0000000000009894                __sfp
 .text._fwalk   0x0000000000009920       0x38 /Users/Manny/CMPE_146_MP3/toolchains/mac/gcc-arm-none-eabi-8-2019-q3-update/bin/../lib/gcc/arm-none-eabi/8.3.1/../../../../arm-none-eabi/lib/thumb/v7e-m+fp/hard/libg_nano.a(lib_a-fwalk.o)
                0x0000000000009920                _fwalk
 .text._fwalk_reent
                0x0000000000009958       0x3c /Users/Manny/CMPE_146_MP3/toolchains/mac/gcc-arm-none-eabi-8-2019-q3-update/bin/../lib/gcc/arm-none-eabi/8.3.1/../../../../arm-none-eabi/lib/thumb/v7e-m+fp/hard/libg_nano.a(lib_a-fwalk.o)
                0x0000000000009958                _fwalk_reent
 .text.rshift   0x0000000000009994       0x74 /Users/Manny/CMPE_146_MP3/toolchains/mac/gcc-arm-none-eabi-8-2019-q3-update/bin/../lib/gcc/arm-none-eabi/8.3.1/../../../../arm-none-eabi/lib/thumb/v7e-m+fp/hard/libg_nano.a(lib_a-gdtoa-gethex.o)
 .text.__hexdig_fun
                0x0000000000009a08       0x2a /Users/Manny/CMPE_146_MP3/toolchains/mac/gcc-arm-none-eabi-8-2019-q3-update/bin/../lib/gcc/arm-none-eabi/8.3.1/../../../../arm-none-eabi/lib/thumb/v7e-m+fp/hard/libg_nano.a(lib_a-gdtoa-gethex.o)
                0x0000000000009a08                __hexdig_fun
 *fill*         0x0000000000009a32        0x2 ff
 .text.__gethex
                0x0000000000009a34      0x448 /Users/Manny/CMPE_146_MP3/toolchains/mac/gcc-arm-none-eabi-8-2019-q3-update/bin/../lib/gcc/arm-none-eabi/8.3.1/../../../../arm-none-eabi/lib/thumb/v7e-m+fp/hard/libg_nano.a(lib_a-gdtoa-gethex.o)
                0x0000000000009a34                __gethex
 .text.L_shift  0x0000000000009e7c       0x24 /Users/Manny/CMPE_146_MP3/toolchains/mac/gcc-arm-none-eabi-8-2019-q3-update/bin/../lib/gcc/arm-none-eabi/8.3.1/../../../../arm-none-eabi/lib/thumb/v7e-m+fp/hard/libg_nano.a(lib_a-gdtoa-hexnan.o)
 .text.__match  0x0000000000009ea0       0x28 /Users/Manny/CMPE_146_MP3/toolchains/mac/gcc-arm-none-eabi-8-2019-q3-update/bin/../lib/gcc/arm-none-eabi/8.3.1/../../../../arm-none-eabi/lib/thumb/v7e-m+fp/hard/libg_nano.a(lib_a-gdtoa-hexnan.o)
                0x0000000000009ea0                __match
 .text.__hexnan
                0x0000000000009ec8      0x120 /Users/Manny/CMPE_146_MP3/toolchains/mac/gcc-arm-none-eabi-8-2019-q3-update/bin/../lib/gcc/arm-none-eabi/8.3.1/../../../../arm-none-eabi/lib/thumb/v7e-m+fp/hard/libg_nano.a(lib_a-gdtoa-hexnan.o)
                0x0000000000009ec8                __hexnan
 .text._getc_r  0x0000000000009fe8       0x80 /Users/Manny/CMPE_146_MP3/toolchains/mac/gcc-arm-none-eabi-8-2019-q3-update/bin/../lib/gcc/arm-none-eabi/8.3.1/../../../../arm-none-eabi/lib/thumb/v7e-m+fp/hard/libg_nano.a(lib_a-getc.o)
                0x0000000000009fe8                _getc_r
 .text._localeconv_r
                0x000000000000a068        0x8 /Users/Manny/CMPE_146_MP3/toolchains/mac/gcc-arm-none-eabi-8-2019-q3-update/bin/../lib/gcc/arm-none-eabi/8.3.1/../../../../arm-none-eabi/lib/thumb/v7e-m+fp/hard/libg_nano.a(lib_a-localeconv.o)
                0x000000000000a068                _localeconv_r
 .text.__swhatbuf_r
                0x000000000000a070       0x48 /Users/Manny/CMPE_146_MP3/toolchains/mac/gcc-arm-none-eabi-8-2019-q3-update/bin/../lib/gcc/arm-none-eabi/8.3.1/../../../../arm-none-eabi/lib/thumb/v7e-m+fp/hard/libg_nano.a(lib_a-makebuf.o)
                0x000000000000a070                __swhatbuf_r
 .text.__smakebuf_r
                0x000000000000a0b8       0x80 /Users/Manny/CMPE_146_MP3/toolchains/mac/gcc-arm-none-eabi-8-2019-q3-update/bin/../lib/gcc/arm-none-eabi/8.3.1/../../../../arm-none-eabi/lib/thumb/v7e-m+fp/hard/libg_nano.a(lib_a-makebuf.o)
                0x000000000000a0b8                __smakebuf_r
 .text.__ascii_mbtowc
                0x000000000000a138       0x24 /Users/Manny/CMPE_146_MP3/toolchains/mac/gcc-arm-none-eabi-8-2019-q3-update/bin/../lib/gcc/arm-none-eabi/8.3.1/../../../../arm-none-eabi/lib/thumb/v7e-m+fp/hard/libg_nano.a(lib_a-mbtowc_r.o)
                0x000000000000a138                __ascii_mbtowc
 *fill*         0x000000000000a15c        0x4 ff
 .text          0x000000000000a160       0xa0 /Users/Manny/CMPE_146_MP3/toolchains/mac/gcc-arm-none-eabi-8-2019-q3-update/bin/../lib/gcc/arm-none-eabi/8.3.1/../../../../arm-none-eabi/lib/thumb/v7e-m+fp/hard/libg_nano.a(lib_a-memchr.o)
                0x000000000000a160                memchr
 .text.__malloc_lock
                0x000000000000a200        0xc /Users/Manny/CMPE_146_MP3/toolchains/mac/gcc-arm-none-eabi-8-2019-q3-update/bin/../lib/gcc/arm-none-eabi/8.3.1/../../../../arm-none-eabi/lib/thumb/v7e-m+fp/hard/libg_nano.a(lib_a-mlock.o)
                0x000000000000a200                __malloc_lock
 .text.__malloc_unlock
                0x000000000000a20c        0xc /Users/Manny/CMPE_146_MP3/toolchains/mac/gcc-arm-none-eabi-8-2019-q3-update/bin/../lib/gcc/arm-none-eabi/8.3.1/../../../../arm-none-eabi/lib/thumb/v7e-m+fp/hard/libg_nano.a(lib_a-mlock.o)
                0x000000000000a20c                __malloc_unlock
 .text._Balloc  0x000000000000a218       0x68 /Users/Manny/CMPE_146_MP3/toolchains/mac/gcc-arm-none-eabi-8-2019-q3-update/bin/../lib/gcc/arm-none-eabi/8.3.1/../../../../arm-none-eabi/lib/thumb/v7e-m+fp/hard/libg_nano.a(lib_a-mprec.o)
                0x000000000000a218                _Balloc
 .text._Bfree   0x000000000000a280       0x2e /Users/Manny/CMPE_146_MP3/toolchains/mac/gcc-arm-none-eabi-8-2019-q3-update/bin/../lib/gcc/arm-none-eabi/8.3.1/../../../../arm-none-eabi/lib/thumb/v7e-m+fp/hard/libg_nano.a(lib_a-mprec.o)
                0x000000000000a280                _Bfree
 .text.__multadd
                0x000000000000a2ae       0x76 /Users/Manny/CMPE_146_MP3/toolchains/mac/gcc-arm-none-eabi-8-2019-q3-update/bin/../lib/gcc/arm-none-eabi/8.3.1/../../../../arm-none-eabi/lib/thumb/v7e-m+fp/hard/libg_nano.a(lib_a-mprec.o)
                0x000000000000a2ae                __multadd
 .text.__s2b    0x000000000000a324       0x7c /Users/Manny/CMPE_146_MP3/toolchains/mac/gcc-arm-none-eabi-8-2019-q3-update/bin/../lib/gcc/arm-none-eabi/8.3.1/../../../../arm-none-eabi/lib/thumb/v7e-m+fp/hard/libg_nano.a(lib_a-mprec.o)
                0x000000000000a324                __s2b
 .text.__hi0bits
                0x000000000000a3a0       0x40 /Users/Manny/CMPE_146_MP3/toolchains/mac/gcc-arm-none-eabi-8-2019-q3-update/bin/../lib/gcc/arm-none-eabi/8.3.1/../../../../arm-none-eabi/lib/thumb/v7e-m+fp/hard/libg_nano.a(lib_a-mprec.o)
                0x000000000000a3a0                __hi0bits
 .text.__lo0bits
                0x000000000000a3e0       0x60 /Users/Manny/CMPE_146_MP3/toolchains/mac/gcc-arm-none-eabi-8-2019-q3-update/bin/../lib/gcc/arm-none-eabi/8.3.1/../../../../arm-none-eabi/lib/thumb/v7e-m+fp/hard/libg_nano.a(lib_a-mprec.o)
                0x000000000000a3e0                __lo0bits
 .text.__i2b    0x000000000000a440       0x12 /Users/Manny/CMPE_146_MP3/toolchains/mac/gcc-arm-none-eabi-8-2019-q3-update/bin/../lib/gcc/arm-none-eabi/8.3.1/../../../../arm-none-eabi/lib/thumb/v7e-m+fp/hard/libg_nano.a(lib_a-mprec.o)
                0x000000000000a440                __i2b
 .text.__multiply
                0x000000000000a452      0x120 /Users/Manny/CMPE_146_MP3/toolchains/mac/gcc-arm-none-eabi-8-2019-q3-update/bin/../lib/gcc/arm-none-eabi/8.3.1/../../../../arm-none-eabi/lib/thumb/v7e-m+fp/hard/libg_nano.a(lib_a-mprec.o)
                0x000000000000a452                __multiply
 *fill*         0x000000000000a572        0x2 ff
 .text.__pow5mult
                0x000000000000a574       0x9c /Users/Manny/CMPE_146_MP3/toolchains/mac/gcc-arm-none-eabi-8-2019-q3-update/bin/../lib/gcc/arm-none-eabi/8.3.1/../../../../arm-none-eabi/lib/thumb/v7e-m+fp/hard/libg_nano.a(lib_a-mprec.o)
                0x000000000000a574                __pow5mult
 .text.__lshift
                0x000000000000a610       0xa6 /Users/Manny/CMPE_146_MP3/toolchains/mac/gcc-arm-none-eabi-8-2019-q3-update/bin/../lib/gcc/arm-none-eabi/8.3.1/../../../../arm-none-eabi/lib/thumb/v7e-m+fp/hard/libg_nano.a(lib_a-mprec.o)
                0x000000000000a610                __lshift
 .text.__mcmp   0x000000000000a6b6       0x34 /Users/Manny/CMPE_146_MP3/toolchains/mac/gcc-arm-none-eabi-8-2019-q3-update/bin/../lib/gcc/arm-none-eabi/8.3.1/../../../../arm-none-eabi/lib/thumb/v7e-m+fp/hard/libg_nano.a(lib_a-mprec.o)
                0x000000000000a6b6                __mcmp
 .text.__mdiff  0x000000000000a6ea       0xba /Users/Manny/CMPE_146_MP3/toolchains/mac/gcc-arm-none-eabi-8-2019-q3-update/bin/../lib/gcc/arm-none-eabi/8.3.1/../../../../arm-none-eabi/lib/thumb/v7e-m+fp/hard/libg_nano.a(lib_a-mprec.o)
                0x000000000000a6ea                __mdiff
 .text.__ulp    0x000000000000a7a4       0x4c /Users/Manny/CMPE_146_MP3/toolchains/mac/gcc-arm-none-eabi-8-2019-q3-update/bin/../lib/gcc/arm-none-eabi/8.3.1/../../../../arm-none-eabi/lib/thumb/v7e-m+fp/hard/libg_nano.a(lib_a-mprec.o)
                0x000000000000a7a4                __ulp
 .text.__b2d    0x000000000000a7f0       0xa0 /Users/Manny/CMPE_146_MP3/toolchains/mac/gcc-arm-none-eabi-8-2019-q3-update/bin/../lib/gcc/arm-none-eabi/8.3.1/../../../../arm-none-eabi/lib/thumb/v7e-m+fp/hard/libg_nano.a(lib_a-mprec.o)
                0x000000000000a7f0                __b2d
 .text.__d2b    0x000000000000a890       0x9c /Users/Manny/CMPE_146_MP3/toolchains/mac/gcc-arm-none-eabi-8-2019-q3-update/bin/../lib/gcc/arm-none-eabi/8.3.1/../../../../arm-none-eabi/lib/thumb/v7e-m+fp/hard/libg_nano.a(lib_a-mprec.o)
                0x000000000000a890                __d2b
 .text.__ratio  0x000000000000a92c       0x66 /Users/Manny/CMPE_146_MP3/toolchains/mac/gcc-arm-none-eabi-8-2019-q3-update/bin/../lib/gcc/arm-none-eabi/8.3.1/../../../../arm-none-eabi/lib/thumb/v7e-m+fp/hard/libg_nano.a(lib_a-mprec.o)
                0x000000000000a92c                __ratio
 .text.__copybits
                0x000000000000a992       0x34 /Users/Manny/CMPE_146_MP3/toolchains/mac/gcc-arm-none-eabi-8-2019-q3-update/bin/../lib/gcc/arm-none-eabi/8.3.1/../../../../arm-none-eabi/lib/thumb/v7e-m+fp/hard/libg_nano.a(lib_a-mprec.o)
                0x000000000000a992                __copybits
 .text.__any_on
                0x000000000000a9c6       0x42 /Users/Manny/CMPE_146_MP3/toolchains/mac/gcc-arm-none-eabi-8-2019-q3-update/bin/../lib/gcc/arm-none-eabi/8.3.1/../../../../arm-none-eabi/lib/thumb/v7e-m+fp/hard/libg_nano.a(lib_a-mprec.o)
                0x000000000000a9c6                __any_on
 .text._calloc_r
                0x000000000000aa08       0x1c /Users/Manny/CMPE_146_MP3/toolchains/mac/gcc-arm-none-eabi-8-2019-q3-update/bin/../lib/gcc/arm-none-eabi/8.3.1/../../../../arm-none-eabi/lib/thumb/v7e-m+fp/hard/libg_nano.a(lib_a-nano-callocr.o)
                0x000000000000aa08                _calloc_r
 .text._realloc_r
                0x000000000000aa24       0x4c /Users/Manny/CMPE_146_MP3/toolchains/mac/gcc-arm-none-eabi-8-2019-q3-update/bin/../lib/gcc/arm-none-eabi/8.3.1/../../../../arm-none-eabi/lib/thumb/v7e-m+fp/hard/libg_nano.a(lib_a-nano-reallocr.o)
                0x000000000000aa24                _realloc_r
 .text.__ssputs_r
                0x000000000000aa70       0xb6 /Users/Manny/CMPE_146_MP3/toolchains/mac/gcc-arm-none-eabi-8-2019-q3-update/bin/../lib/gcc/arm-none-eabi/8.3.1/../../../../arm-none-eabi/lib/thumb/v7e-m+fp/hard/libg_nano.a(lib_a-nano-svfprintf.o)
                0x000000000000aa70                __ssputs_r
 *fill*         0x000000000000ab26        0x2 ff
 .text._svfprintf_r
                0x000000000000ab28      0x1f0 /Users/Manny/CMPE_146_MP3/toolchains/mac/gcc-arm-none-eabi-8-2019-q3-update/bin/../lib/gcc/arm-none-eabi/8.3.1/../../../../arm-none-eabi/lib/thumb/v7e-m+fp/hard/libg_nano.a(lib_a-nano-svfprintf.o)
                0x000000000000ab28                _svfprintf_r
                0x000000000000ab28                _svfiprintf_r
 .text._sungetc_r
                0x000000000000ad18       0x7a /Users/Manny/CMPE_146_MP3/toolchains/mac/gcc-arm-none-eabi-8-2019-q3-update/bin/../lib/gcc/arm-none-eabi/8.3.1/../../../../arm-none-eabi/lib/thumb/v7e-m+fp/hard/libg_nano.a(lib_a-nano-svfscanf.o)
                0x000000000000ad18                _sungetc_r
 .text.__ssrefill_r
                0x000000000000ad92       0x3a /Users/Manny/CMPE_146_MP3/toolchains/mac/gcc-arm-none-eabi-8-2019-q3-update/bin/../lib/gcc/arm-none-eabi/8.3.1/../../../../arm-none-eabi/lib/thumb/v7e-m+fp/hard/libg_nano.a(lib_a-nano-svfscanf.o)
                0x000000000000ad92                __ssrefill_r
 .text.__ssvfscanf_r
                0x000000000000adcc      0x290 /Users/Manny/CMPE_146_MP3/toolchains/mac/gcc-arm-none-eabi-8-2019-q3-update/bin/../lib/gcc/arm-none-eabi/8.3.1/../../../../arm-none-eabi/lib/thumb/v7e-m+fp/hard/libg_nano.a(lib_a-nano-svfscanf.o)
                0x000000000000adcc                __ssvfscanf_r
                0x000000000000adcc                __ssvfiscanf_r
 .text._scanf_chars
                0x000000000000b05c       0xb0 /Users/Manny/CMPE_146_MP3/toolchains/mac/gcc-arm-none-eabi-8-2019-q3-update/bin/../lib/gcc/arm-none-eabi/8.3.1/../../../../arm-none-eabi/lib/thumb/v7e-m+fp/hard/libg_nano.a(lib_a-nano-vfscanf_i.o)
                0x000000000000b05c                _scanf_chars
 .text._scanf_i
                0x000000000000b10c      0x1e8 /Users/Manny/CMPE_146_MP3/toolchains/mac/gcc-arm-none-eabi-8-2019-q3-update/bin/../lib/gcc/arm-none-eabi/8.3.1/../../../../arm-none-eabi/lib/thumb/v7e-m+fp/hard/libg_nano.a(lib_a-nano-vfscanf_i.o)
                0x000000000000b10c                _scanf_i
 .text._putc_r  0x000000000000b2f4       0x90 /Users/Manny/CMPE_146_MP3/toolchains/mac/gcc-arm-none-eabi-8-2019-q3-update/bin/../lib/gcc/arm-none-eabi/8.3.1/../../../../arm-none-eabi/lib/thumb/v7e-m+fp/hard/libg_nano.a(lib_a-putc.o)
                0x000000000000b2f4                _putc_r
 .text.__srget_r
                0x000000000000b384       0x58 /Users/Manny/CMPE_146_MP3/toolchains/mac/gcc-arm-none-eabi-8-2019-q3-update/bin/../lib/gcc/arm-none-eabi/8.3.1/../../../../arm-none-eabi/lib/thumb/v7e-m+fp/hard/libg_nano.a(lib_a-rget.o)
                0x000000000000b384                __srget_r
 *fill*         0x000000000000b3dc        0x4 ff
 .text.nan      0x000000000000b3e0       0x10 /Users/Manny/CMPE_146_MP3/toolchains/mac/gcc-arm-none-eabi-8-2019-q3-update/bin/../lib/gcc/arm-none-eabi/8.3.1/../../../../arm-none-eabi/lib/thumb/v7e-m+fp/hard/libg_nano.a(lib_a-s_nan.o)
                0x000000000000b3e0                nan
 .text.__sccl   0x000000000000b3f0       0x64 /Users/Manny/CMPE_146_MP3/toolchains/mac/gcc-arm-none-eabi-8-2019-q3-update/bin/../lib/gcc/arm-none-eabi/8.3.1/../../../../arm-none-eabi/lib/thumb/v7e-m+fp/hard/libg_nano.a(lib_a-sccl.o)
                0x000000000000b3f0                __sccl
 .text.__sread  0x000000000000b454       0x22 /Users/Manny/CMPE_146_MP3/toolchains/mac/gcc-arm-none-eabi-8-2019-q3-update/bin/../lib/gcc/arm-none-eabi/8.3.1/../../../../arm-none-eabi/lib/thumb/v7e-m+fp/hard/libg_nano.a(lib_a-stdio.o)
                0x000000000000b454                __sread
 .text.__seofread
                0x000000000000b476        0x4 /Users/Manny/CMPE_146_MP3/toolchains/mac/gcc-arm-none-eabi-8-2019-q3-update/bin/../lib/gcc/arm-none-eabi/8.3.1/../../../../arm-none-eabi/lib/thumb/v7e-m+fp/hard/libg_nano.a(lib_a-stdio.o)
                0x000000000000b476                __seofread
 .text.__swrite
                0x000000000000b47a       0x38 /Users/Manny/CMPE_146_MP3/toolchains/mac/gcc-arm-none-eabi-8-2019-q3-update/bin/../lib/gcc/arm-none-eabi/8.3.1/../../../../arm-none-eabi/lib/thumb/v7e-m+fp/hard/libg_nano.a(lib_a-stdio.o)
                0x000000000000b47a                __swrite
 .text.__sseek  0x000000000000b4b2       0x24 /Users/Manny/CMPE_146_MP3/toolchains/mac/gcc-arm-none-eabi-8-2019-q3-update/bin/../lib/gcc/arm-none-eabi/8.3.1/../../../../arm-none-eabi/lib/thumb/v7e-m+fp/hard/libg_nano.a(lib_a-stdio.o)
                0x000000000000b4b2                __sseek
 .text.__sclose
                0x000000000000b4d6        0x8 /Users/Manny/CMPE_146_MP3/toolchains/mac/gcc-arm-none-eabi-8-2019-q3-update/bin/../lib/gcc/arm-none-eabi/8.3.1/../../../../arm-none-eabi/lib/thumb/v7e-m+fp/hard/libg_nano.a(lib_a-stdio.o)
                0x000000000000b4d6                __sclose
 *fill*         0x000000000000b4de        0x2 ff
 .text._strtoul_l.isra.0
                0x000000000000b4e0       0xec /Users/Manny/CMPE_146_MP3/toolchains/mac/gcc-arm-none-eabi-8-2019-q3-update/bin/../lib/gcc/arm-none-eabi/8.3.1/../../../../arm-none-eabi/lib/thumb/v7e-m+fp/hard/libg_nano.a(lib_a-strtoul.o)
 .text._strtoul_r
                0x000000000000b5cc        0x4 /Users/Manny/CMPE_146_MP3/toolchains/mac/gcc-arm-none-eabi-8-2019-q3-update/bin/../lib/gcc/arm-none-eabi/8.3.1/../../../../arm-none-eabi/lib/thumb/v7e-m+fp/hard/libg_nano.a(lib_a-strtoul.o)
                0x000000000000b5cc                _strtoul_r
 .text.__submore
                0x000000000000b5d0       0x74 /Users/Manny/CMPE_146_MP3/toolchains/mac/gcc-arm-none-eabi-8-2019-q3-update/bin/../lib/gcc/arm-none-eabi/8.3.1/../../../../arm-none-eabi/lib/thumb/v7e-m+fp/hard/libg_nano.a(lib_a-ungetc.o)
                0x000000000000b5d0                __submore
 .text.__ascii_wctomb
                0x000000000000b644       0x1a /Users/Manny/CMPE_146_MP3/toolchains/mac/gcc-arm-none-eabi-8-2019-q3-update/bin/../lib/gcc/arm-none-eabi/8.3.1/../../../../arm-none-eabi/lib/thumb/v7e-m+fp/hard/libg_nano.a(lib_a-wctomb_r.o)
                0x000000000000b644                __ascii_wctomb
 *fill*         0x000000000000b65e        0x2 ff
 .text._write_r
                0x000000000000b660       0x24 /Users/Manny/CMPE_146_MP3/toolchains/mac/gcc-arm-none-eabi-8-2019-q3-update/bin/../lib/gcc/arm-none-eabi/8.3.1/../../../../arm-none-eabi/lib/thumb/v7e-m+fp/hard/libg_nano.a(lib_a-writer.o)
                0x000000000000b660                _write_r
 .text._close_r
                0x000000000000b684       0x20 /Users/Manny/CMPE_146_MP3/toolchains/mac/gcc-arm-none-eabi-8-2019-q3-update/bin/../lib/gcc/arm-none-eabi/8.3.1/../../../../arm-none-eabi/lib/thumb/v7e-m+fp/hard/libg_nano.a(lib_a-closer.o)
                0x000000000000b684                _close_r
 .text._fstat_r
                0x000000000000b6a4       0x24 /Users/Manny/CMPE_146_MP3/toolchains/mac/gcc-arm-none-eabi-8-2019-q3-update/bin/../lib/gcc/arm-none-eabi/8.3.1/../../../../arm-none-eabi/lib/thumb/v7e-m+fp/hard/libg_nano.a(lib_a-fstatr.o)
                0x000000000000b6a4                _fstat_r
 .text._isatty_r