Archive member included to satisfy reference by file (symbol)

/Users/Manny/CMPE_146_MP3/toolchains/mac/gcc-arm-none-eabi-8-2019-q3-update/bin/../lib/gcc/arm-none-eabi/8.3.1/thumb/v7e-m+fp/hard/libgcc.a(_aeabi_ldivmod.o)
                              _build_lpc40xx_freertos/objects/tasks.o (__aeabi_ldivmod)
/Users/Manny/CMPE_146_MP3/toolchains/mac/gcc-arm-none-eabi-8-2019-q3-update/bin/../lib/gcc/arm-none-eabi/8.3.1/thumb/v7e-m+fp/hard/libgcc.a(_aeabi_uldivmod.o)
                              _build_lpc40xx_freertos/objects/delay.o (__aeabi_uldivmod)
/Users/Manny/CMPE_146_MP3/toolchains/mac/gcc-arm-none-eabi-8-2019-q3-update/bin/../lib/gcc/arm-none-eabi/8.3.1/thumb/v7e-m+fp/hard/libgcc.a(_udivmoddi4.o)
                              /Users/Manny/CMPE_146_MP3/toolchains/mac/gcc-arm-none-eabi-8-2019-q3-update/bin/../lib/gcc/arm-none-eabi/8.3.1/thumb/v7e-m+fp/hard/libgcc.a(_aeabi_ldivmod.o) (__udivmoddi4)
/Users/Manny/CMPE_146_MP3/toolchains/mac/gcc-arm-none-eabi-8-2019-q3-update/bin/../lib/gcc/arm-none-eabi/8.3.1/thumb/v7e-m+fp/hard/libgcc.a(_dvmd_tls.o)
                              /Users/Manny/CMPE_146_MP3/toolchains/mac/gcc-arm-none-eabi-8-2019-q3-update/bin/../lib/gcc/arm-none-eabi/8.3.1/thumb/v7e-m+fp/hard/libgcc.a(_aeabi_ldivmod.o) (__aeabi_ldiv0)
/Users/Manny/CMPE_146_MP3/toolchains/mac/gcc-arm-none-eabi-8-2019-q3-update/bin/../lib/gcc/arm-none-eabi/8.3.1/../../../../arm-none-eabi/lib/thumb/v7e-m+fp/hard/libg_nano.a(lib_a-atof.o)
                              _build_lpc40xx_freertos/objects/sl_string.o (atof)
/Users/Manny/CMPE_146_MP3/toolchains/mac/gcc-arm-none-eabi-8-2019-q3-update/bin/../lib/gcc/arm-none-eabi/8.3.1/../../../../arm-none-eabi/lib/thumb/v7e-m+fp/hard/libg_nano.a(lib_a-atoi.o)
                              _build_lpc40xx_freertos/objects/esp32_task.o (atoi)
/Users/Manny/CMPE_146_MP3/toolchains/mac/gcc-arm-none-eabi-8-2019-q3-update/bin/../lib/gcc/arm-none-eabi/8.3.1/../../../../arm-none-eabi/lib/thumb/v7e-m+fp/hard/libg_nano.a(lib_a-ctype_.o)
                              _build_lpc40xx_freertos/objects/sl_string.o (_ctype_)
/Users/Manny/CMPE_146_MP3/toolchains/mac/gcc-arm-none-eabi-8-2019-q3-update/bin/../lib/gcc/arm-none-eabi/8.3.1/../../../../arm-none-eabi/lib/thumb/v7e-m+fp/hard/libg_nano.a(lib_a-fprintf.o)
                              _build_lpc40xx_freertos/objects/interrupt_vector_table.o (fprintf)
/Users/Manny/CMPE_146_MP3/toolchains/mac/gcc-arm-none-eabi-8-2019-q3-update/bin/../lib/gcc/arm-none-eabi/8.3.1/../../../../arm-none-eabi/lib/thumb/v7e-m+fp/hard/libg_nano.a(lib_a-fputs.o)
                              _build_lpc40xx_freertos/objects/entry_point.o (fputs)
/Users/Manny/CMPE_146_MP3/toolchains/mac/gcc-arm-none-eabi-8-2019-q3-update/bin/../lib/gcc/arm-none-eabi/8.3.1/../../../../arm-none-eabi/lib/thumb/v7e-m+fp/hard/libg_nano.a(lib_a-getchar.o)
                              _build_lpc40xx_freertos/objects/sj2_cli.o (getchar)
/Users/Manny/CMPE_146_MP3/toolchains/mac/gcc-arm-none-eabi-8-2019-q3-update/bin/../lib/gcc/arm-none-eabi/8.3.1/../../../../arm-none-eabi/lib/thumb/v7e-m+fp/hard/libg_nano.a(lib_a-impure.o)
                              _build_lpc40xx_freertos/objects/entry_point.o (_impure_ptr)
/Users/Manny/CMPE_146_MP3/toolchains/mac/gcc-arm-none-eabi-8-2019-q3-update/bin/../lib/gcc/arm-none-eabi/8.3.1/../../../../arm-none-eabi/lib/thumb/v7e-m+fp/hard/libg_nano.a(lib_a-lock.o)
                              /Users/Manny/CMPE_146_MP3/toolchains/mac/gcc-arm-none-eabi-8-2019-q3-update/bin/../lib/gcc/arm-none-eabi/8.3.1/../../../../arm-none-eabi/lib/thumb/v7e-m+fp/hard/libg_nano.a(lib_a-fputs.o) (__retarget_lock_acquire_recursive)
/Users/Manny/CMPE_146_MP3/toolchains/mac/gcc-arm-none-eabi-8-2019-q3-update/bin/../lib/gcc/arm-none-eabi/8.3.1/../../../../arm-none-eabi/lib/thumb/v7e-m+fp/hard/libg_nano.a(lib_a-malloc.o)
                              _build_lpc40xx_freertos/objects/heap_selector.o (malloc)
/Users/Manny/CMPE_146_MP3/toolchains/mac/gcc-arm-none-eabi-8-2019-q3-update/bin/../lib/gcc/arm-none-eabi/8.3.1/../../../../arm-none-eabi/lib/thumb/v7e-m+fp/hard/libg_nano.a(lib_a-memcpy-stub.o)
                              _build_lpc40xx_freertos/objects/sl_string.o (memcpy)
/Users/Manny/CMPE_146_MP3/toolchains/mac/gcc-arm-none-eabi-8-2019-q3-update/bin/../lib/gcc/arm-none-eabi/8.3.1/../../../../arm-none-eabi/lib/thumb/v7e-m+fp/hard/libg_nano.a(lib_a-memmove.o)
                              _build_lpc40xx_freertos/objects/sl_string.o (memmove)
/Users/Manny/CMPE_146_MP3/toolchains/mac/gcc-arm-none-eabi-8-2019-q3-update/bin/../lib/gcc/arm-none-eabi/8.3.1/../../../../arm-none-eabi/lib/thumb/v7e-m+fp/hard/libg_nano.a(lib_a-memset.o)
                              _build_lpc40xx_freertos/objects/handler_i2c.o (memset)
/Users/Manny/CMPE_146_MP3/toolchains/mac/gcc-arm-none-eabi-8-2019-q3-update/bin/../lib/gcc/arm-none-eabi/8.3.1/../../../../arm-none-eabi/lib/thumb/v7e-m+fp/hard/libg_nano.a(lib_a-nano-freer.o)
[...]
Memory Configuration

Name             Origin             Length             Attributes
flash_512k       0x0000000000000000 0x0000000000080000 xr
ram_64k          0x0000000010000000 0x0000000000010000 xrw
ram_32k          0x0000000020000000 0x0000000000008000 xrw
*default*        0x0000000000000000 0xffffffffffffffff

Linker script and memory map

LOAD _build_lpc40xx_freertos/objects/entry_point.o
LOAD _build_lpc40xx_freertos/objects/interrupt_vector_table.o
LOAD _build_lpc40xx_freertos/objects/clock.o
LOAD _build_lpc40xx_freertos/objects/crash.o
LOAD _build_lpc40xx_freertos/objects/sbrk.o
LOAD _build_lpc40xx_freertos/objects/startup.o
LOAD _build_lpc40xx_freertos/objects/acceleration.o
LOAD _build_lpc40xx_freertos/objects/sensors.o
LOAD _build_lpc40xx_freertos/objects/ff.o
LOAD _build_lpc40xx_freertos/objects/ffsystem.o
LOAD _build_lpc40xx_freertos/objects/ffunicode.o
LOAD _build_lpc40xx_freertos/objects/disk_glue_logic.o
LOAD _build_lpc40xx_freertos/objects/fatfs_time.o
LOAD _build_lpc40xx_freertos/objects/sd_card.o
LOAD _build_lpc40xx_freertos/objects/system_calls.o
LOAD _build_lpc40xx_freertos/objects/app_cli.o
LOAD _build_lpc40xx_freertos/objects/sj2_cli.o
LOAD _build_lpc40xx_freertos/objects/handler_i2c.o
LOAD _build_lpc40xx_freertos/objects/handlers_general.o
LOAD _build_lpc40xx_freertos/objects/esp32.o
LOAD _build_lpc40xx_freertos/objects/esp32_task.o
LOAD _build_lpc40xx_freertos/objects/file_io_example.o
LOAD _build_lpc40xx_freertos/objects/delay.o
LOAD _build_lpc40xx_freertos/objects/peripherals_init.o
LOAD _build_lpc40xx_freertos/objects/ssp2_mutex.o
LOAD _build_lpc40xx_freertos/objects/sys_time.o
LOAD _build_lpc40xx_freertos/objects/uart_printf.o
LOAD _build_lpc40xx_freertos/objects/rtos_hooks.o
LOAD _build_lpc40xx_freertos/objects/periodic_callbacks.o
LOAD _build_lpc40xx_freertos/objects/periodic_scheduler.o
LOAD _build_lpc40xx_freertos/objects/leightweight_lock.o
LOAD _build_lpc40xx_freertos/objects/sl_string.o
LOAD _build_lpc40xx_freertos/objects/freertos_interrupt_handlers.o
LOAD _build_lpc40xx_freertos/objects/heap_selector.o
LOAD _build_lpc40xx_freertos/objects/trcKernelPort.o
LOAD _build_lpc40xx_freertos/objects/trcSnapshotRecorder.o
LOAD _build_lpc40xx_freertos/objects/trcStreamingPort.o
LOAD _build_lpc40xx_freertos/objects/trcStreamingRecorder.o
LOAD _build_lpc40xx_freertos/objects/port.o
LOAD _build_lpc40xx_freertos/objects/croutine.o
LOAD _build_lpc40xx_freertos/objects/event_groups.o
LOAD _build_lpc40xx_freertos/objects/list.o
LOAD _build_lpc40xx_freertos/objects/queue.o
LOAD _build_lpc40xx_freertos/objects/stream_buffer.o
LOAD _build_lpc40xx_freertos/objects/tasks.o
LOAD _build_lpc40xx_freertos/objects/timers.o
LOAD _build_lpc40xx_freertos/objects/adc.o
LOAD _build_lpc40xx_freertos/objects/board_io.o
LOAD _build_lpc40xx_freertos/objects/can_bus.o
LOAD _build_lpc40xx_freertos/objects/gpio.o
LOAD _build_lpc40xx_freertos/objects/hw_timer.o
LOAD _build_lpc40xx_freertos/objects/i2c.o
LOAD _build_lpc40xx_freertos/objects/lpc_peripherals.o
LOAD _build_lpc40xx_freertos/objects/pwm1.o
LOAD _build_lpc40xx_freertos/objects/ssp2.o
LOAD _build_lpc40xx_freertos/objects/uart.o
LOAD _build_lpc40xx_freertos/objects/main.o
LOAD /Users/Manny/CMPE_146_MP3/toolchains/mac/gcc-arm-none-eabi-8-2019-q3-update/bin/../lib/gcc/arm-none-eabi/8.3.1/../../../../arm-none-eabi/lib/thumb/v7e-m+fp/hard/libm.a
START GROUP
LOAD /Users/Manny/CMPE_146_MP3/toolchains/mac/gcc-arm-none-eabi-8-2019-q3-update/bin/../lib/gcc/arm-none-eabi/8.3.1/thumb/v7e-m+fp/hard/libgcc.a
LOAD /Users/Manny/CMPE_146_MP3/toolchains/mac/gcc-arm-none-eabi-8-2019-q3-update/bin/../lib/gcc/arm-none-eabi/8.3.1/../../../../arm-none-eabi/lib/thumb/v7e-m+fp/hard/libg_nano.a
LOAD /Users/Manny/CMPE_146_MP3/toolchains/mac/gcc-arm-none-eabi-8-2019-q3-update/bin/../lib/gcc/arm-none-eabi/8.3.1/../../../../arm-none-eabi/lib/thumb/v7e-m+fp/hard/libc_nano.a
END GROUP
START GROUP
LOAD /Users/Manny/CMPE_146_MP3/toolchains/mac/gcc-arm-none-eabi-8-2019-q3-update/bin/../lib/gcc/arm-none-eabi/8.3.1/thumb/v7e-m+fp/hard/libgcc.a
LOAD /Users/Manny/CMPE_146_MP3/toolchains/mac/gcc-arm-none-eabi-8-2019-q3-update/bin/../lib/gcc/arm-none-eabi/8.3.1/../../../../arm-none-eabi/lib/thumb/v7e-m+fp/hard/libc_nano.a
END GROUP
                0x0000000000000000                __base_flash = ORIGIN (flash_512k)
                0x0000000000080000                __top_flash = (__base_flash + LENGTH (flash_512k))
                0x0000000010000000                __base_ram_64k = ORIGIN (ram_64k)
                0x0000000010010000                __top_ram_64k = (__base_ram_64k + LENGTH (ram_64k))
                0x0000000020000000                __base_ram_32k = ORIGIN (ram_32k)
                0x0000000020008000                __top_ram_32k = (__base_ram_32k + LENGTH (ram_32k))

.text           0x0000000000000000     0xbd7c
 FILL mask 0xff
 *(.interrupt_vector_table)
 .interrupt_vector_table
                0x0000000000000000       0xe4 _build_lpc40xx_freertos/objects/interrupt_vector_table.o
                0x0000000000000000                interrupt_vector_table
                0x00000000000000e4                . = ALIGN (0x4)
 *(.init)
                0x00000000000000e4                . = ALIGN (0x4)
                0x00000000000000e4                __preinit_array_start = .
 *(.preinit_array)
                0x00000000000000e4                __preinit_array_end = .
                0x00000000000000e4                . = ALIGN (0x4)
                0x00000000000000e4                __init_array_start = .
 *(SORT_BY_NAME(.init_array.*))
 *(.init_array)
                0x00000000000000e4                __init_array_end = .
 *(.fini)
                0x00000000000000e4                . = ALIGN (0x4)
 *crtbegin.o(.ctors)
 *(EXCLUDE_FILE(*crtend.o) .ctors)
 *(SORT_BY_NAME(.ctors.*))
 *crtend.o(.ctors)
                0x00000000000000e4                . = ALIGN (0x4)
 *crtbegin.o(.dtors)
 *(EXCLUDE_FILE(*crtend.o) .dtors)
 *(SORT_BY_NAME(.dtors.*))
 *crtend.o(.dtors)
 *(.text*)
 .text.entry_point
                0x00000000000000e4       0x74 _build_lpc40xx_freertos/objects/entry_point.o
                0x00000000000000e4                entry_point
 .text.isr_hard_fault
                0x0000000000000158       0x1a _build_lpc40xx_freertos/objects/interrupt_vector_table.o
 *fill*         0x0000000000000172        0x2 ff
 .text.halt     0x0000000000000174       0x5c _build_lpc40xx_freertos/objects/interrupt_vector_table.o
 .text.isr_hard_fault_handler
                0x00000000000001d0       0x4c _build_lpc40xx_freertos/objects/interrupt_vector_table.o
                0x00000000000001d0                isr_hard_fault_handler
 .text.clock__get_core_clock_hz
                0x000000000000021c        0x8 _build_lpc40xx_freertos/objects/clock.o
                0x000000000000021c                clock__get_core_clock_hz
 .text.clock__get_peripheral_clock_hz
                0x0000000000000224        0x8 _build_lpc40xx_freertos/objects/clock.o
                0x0000000000000224                clock__get_peripheral_clock_hz
 .text.clock__initialize_system_clock_96mhz
                0x000000000000022c       0x40 _build_lpc40xx_freertos/objects/clock.o
                0x000000000000022c                clock__initialize_system_clock_96mhz
 .text.crash__record_get
                0x000000000000026c       0x18 _build_lpc40xx_freertos/objects/crash.o
                0x000000000000026c                crash__record_get
 .text.crash__report_if_occurred
                0x0000000000000284       0xc0 _build_lpc40xx_freertos/objects/crash.o
                0x0000000000000284                crash__report_if_occurred
 .text._sbrk    0x0000000000000344       0x54 _build_lpc40xx_freertos/objects/sbrk.o
                0x0000000000000344                _sbrk
 .text.startup__initialize_ram
                0x0000000000000398       0x3c _build_lpc40xx_freertos/objects/startup.o
                0x0000000000000398                startup__initialize_ram
 .text.startup__initialize_fpu
                0x00000000000003d4       0x14 _build_lpc40xx_freertos/objects/startup.o
                0x00000000000003d4                startup__initialize_fpu
 .text.startup__initialize_interrupts
                0x00000000000003e8       0x18 _build_lpc40xx_freertos/objects/startup.o
                0x00000000000003e8                startup__initialize_interrupts
 .text.acceleration__init
                0x0000000000000400       0x22 _build_lpc40xx_freertos/objects/acceleration.o
                0x0000000000000400                acceleration__init
 .text.sensors__init
                0x0000000000000422        0x4 _build_lpc40xx_freertos/objects/sensors.o
                0x0000000000000422                sensors__init
 .text.ld_dword
                0x0000000000000426       0x10 _build_lpc40xx_freertos/objects/ff.o
 .text.mem_cmp  0x0000000000000436       0x1c _build_lpc40xx_freertos/objects/ff.o
 .text.get_ldnumber
                0x0000000000000452       0x2a _build_lpc40xx_freertos/objects/ff.o
 .text.sync_window.part.6
                0x000000000000047c       0x40 _build_lpc40xx_freertos/objects/ff.o
 .text.move_window
                0x00000000000004bc       0x44 _build_lpc40xx_freertos/objects/ff.o
 .text.check_fs
                0x0000000000000500       0x74 _build_lpc40xx_freertos/objects/ff.o
 .text.find_volume
                0x0000000000000574      0x2c0 _build_lpc40xx_freertos/objects/ff.o
 .text.unlock_fs
                0x0000000000000834       0x16 _build_lpc40xx_freertos/objects/ff.o
 *fill*         0x000000000000084a        0x2 ff
 .text.f_mount  0x000000000000084c       0x70 _build_lpc40xx_freertos/objects/ff.o
                0x000000000000084c                f_mount
 .text.ff_cre_syncobj
                0x00000000000008bc       0x14 _build_lpc40xx_freertos/objects/ffsystem.o
                0x00000000000008bc                ff_cre_syncobj
 .text.ff_del_syncobj
                0x00000000000008d0        0xa _build_lpc40xx_freertos/objects/ffsystem.o
                0x00000000000008d0                ff_del_syncobj
 .text.ff_req_grant
                0x00000000000008da       0x12 _build_lpc40xx_freertos/objects/ffsystem.o
                0x00000000000008da                ff_req_grant
 .text.ff_rel_grant
                0x00000000000008ec        0xa _build_lpc40xx_freertos/objects/ffsystem.o
                0x00000000000008ec                ff_rel_grant
 .text.disk_initialize
                0x00000000000008f6       0x1c _build_lpc40xx_freertos/objects/disk_glue_logic.o
                0x00000000000008f6                disk_initialize
 .text.disk_status
                0x0000000000000912        0xa _build_lpc40xx_freertos/objects/disk_glue_logic.o
                0x0000000000000912                disk_status
 .text.disk_read
                0x000000000000091c       0x28 _build_lpc40xx_freertos/objects/disk_glue_logic.o
                0x000000000000091c                disk_read
 .text.disk_write
                0x0000000000000944       0x28 _build_lpc40xx_freertos/objects/disk_glue_logic.o
                0x0000000000000944                disk_write
 .text.sd_card__wait_for_ready
                0x000000000000096c       0x28 _build_lpc40xx_freertos/objects/sd_card.o
 .text.sd_card__power_off
                0x0000000000000994       0x20 _build_lpc40xx_freertos/objects/sd_card.o
 .text.sd_card__transmit_datablock
                0x00000000000009b4       0x5a _build_lpc40xx_freertos/objects/sd_card.o
 .text.sd_card__send_command
                0x0000000000000a0e       0x86 _build_lpc40xx_freertos/objects/sd_card.o
 .text.sd_card__read_datablock
                0x0000000000000a94       0x42 _build_lpc40xx_freertos/objects/sd_card.o
 *fill*         0x0000000000000ad6        0x2 ff
 .text.sd_card__update_status
                0x0000000000000ad8       0x20 _build_lpc40xx_freertos/objects/sd_card.o
                0x0000000000000ad8                sd_card__update_status
 .text.sd_card__initialize
                0x0000000000000af8      0x13c _build_lpc40xx_freertos/objects/sd_card.o
                0x0000000000000af8                sd_card__initialize
 .text.sd_card__status
                0x0000000000000c34       0x10 _build_lpc40xx_freertos/objects/sd_card.o
                0x0000000000000c34                sd_card__status
 .text.sd_card__read
                0x0000000000000c44       0x8c _build_lpc40xx_freertos/objects/sd_card.o
                0x0000000000000c44                sd_card__read
 .text.sd_card__write
                0x0000000000000cd0       0xa8 _build_lpc40xx_freertos/objects/sd_card.o
                0x0000000000000cd0                sd_card__write
 .text.system_calls__print_and_halt
                0x0000000000000d78       0x1e _build_lpc40xx_freertos/objects/system_calls.o
 *fill*         0x0000000000000d96        0x2 ff
 .text._isatty  0x0000000000000d98       0x28 _build_lpc40xx_freertos/objects/system_calls.o
                0x0000000000000d98                _isatty
 .text._close   0x0000000000000dc0        0xc _build_lpc40xx_freertos/objects/system_calls.o
                0x0000000000000dc0                _close
 .text._fstat   0x0000000000000dcc        0x4 _build_lpc40xx_freertos/objects/system_calls.o
                0x0000000000000dcc                _fstat
 .text._lseek   0x0000000000000dd0        0x4 _build_lpc40xx_freertos/objects/system_calls.o
                0x0000000000000dd0                _lseek
 .text._write   0x0000000000000dd4       0x70 _build_lpc40xx_freertos/objects/system_calls.o
                0x0000000000000dd4                _write
 .text._read    0x0000000000000e44       0x1c _build_lpc40xx_freertos/objects/system_calls.o
                0x0000000000000e44                _read
 .text.app_cli__private_print_list_of_all_commands
                0x0000000000000e60       0x98 _build_lpc40xx_freertos/objects/app_cli.o
 .text.app_cli__initialize
                0x0000000000000ef8       0x16 _build_lpc40xx_freertos/objects/app_cli.o
                0x0000000000000ef8                app_cli__initialize
 .text.app_cli__add_command_handler
                0x0000000000000f0e        0xa _build_lpc40xx_freertos/objects/app_cli.o
                0x0000000000000f0e                app_cli__add_command_handler
 .text.app_cli__process_input
                0x0000000000000f18      0x134 _build_lpc40xx_freertos/objects/app_cli.o
                0x0000000000000f18                app_cli__process_input
 .text.sj2_cli__output_function
                0x000000000000104c       0x12 _build_lpc40xx_freertos/objects/sj2_cli.o
 *fill*         0x000000000000105e        0x2 ff
 .text.sj2_cli__task
                0x0000000000001060       0x78 _build_lpc40xx_freertos/objects/sj2_cli.o
 .text.sj2_cli__init
                0x00000000000010d8       0x94 _build_lpc40xx_freertos/objects/sj2_cli.o
                0x00000000000010d8                sj2_cli__init
 .text.cli__i2c_read
                0x000000000000116c       0xc8 _build_lpc40xx_freertos/objects/handler_i2c.o
 .text.cli__i2c_write
                0x0000000000001234       0xe8 _build_lpc40xx_freertos/objects/handler_i2c.o
 .text.cli__i2c
                0x000000000000131c       0x48 _build_lpc40xx_freertos/objects/handler_i2c.o
                0x000000000000131c                cli__i2c
 .text.cli__uart3_transmit
                0x0000000000001364       0x2c _build_lpc40xx_freertos/objects/handlers_general.o
                0x0000000000001364                cli__uart3_transmit
 .text.cli__crash_me
                0x0000000000001390       0x10 _build_lpc40xx_freertos/objects/handlers_general.o
                0x0000000000001390                cli__crash_me
 .text.cli__task_list
                0x00000000000013a0       0xdc _build_lpc40xx_freertos/objects/handlers_general.o
                0x00000000000013a0                cli__task_list
 .text.cli__task_control
                0x000000000000147c       0x78 _build_lpc40xx_freertos/objects/handlers_general.o
                0x000000000000147c                cli__task_control
 .text.delay__us
                0x00000000000014f4       0x40 _build_lpc40xx_freertos/objects/delay.o
                0x00000000000014f4                delay__us
 .text.delay__ms
                0x0000000000001534        0xc _build_lpc40xx_freertos/objects/delay.o
                0x0000000000001534                delay__ms
 .text.peripherals_init
                0x0000000000001540      0x120 _build_lpc40xx_freertos/objects/peripherals_init.o
                0x0000000000001540                peripherals_init
 .text.spi2_mutex__acquire
                0x0000000000001660       0x34 _build_lpc40xx_freertos/objects/ssp2_mutex.o
                0x0000000000001660                spi2_mutex__acquire
 .text.spi2_mutex__release
                0x0000000000001694       0x24 _build_lpc40xx_freertos/objects/ssp2_mutex.o
                0x0000000000001694                spi2_mutex__release
 .text.sys_time__one_minute_isr
                0x00000000000016b8       0x24 _build_lpc40xx_freertos/objects/sys_time.o
 .text.sys_time__init
                0x00000000000016dc       0x2c _build_lpc40xx_freertos/objects/sys_time.o
                0x00000000000016dc                sys_time__init
 .text.sys_time__get_uptime_us
                0x0000000000001708       0x2c _build_lpc40xx_freertos/objects/sys_time.o
                0x0000000000001708                sys_time__get_uptime_us
 .text.sys_time__get_uptime_ms
                0x0000000000001734       0x12 _build_lpc40xx_freertos/objects/sys_time.o
                0x0000000000001734                sys_time__get_uptime_ms
 .text.uart_puts
                0x0000000000001746       0x3a _build_lpc40xx_freertos/objects/uart_printf.o
                0x0000000000001746                uart_puts
 .text.uart_puts__polled
                0x0000000000001780       0x2a _build_lpc40xx_freertos/objects/uart_printf.o
                0x0000000000001780                uart_puts__polled
 *fill*         0x00000000000017aa        0x2 ff
 .text.vApplicationStackOverflowHook
                0x00000000000017ac       0x1c _build_lpc40xx_freertos/objects/rtos_hooks.o
                0x00000000000017ac                vApplicationStackOverflowHook
 .text.vApplicationMallocFailedHook
                0x00000000000017c8       0x10 _build_lpc40xx_freertos/objects/rtos_hooks.o
                0x00000000000017c8                vApplicationMallocFailedHook
 .text.vApplicationIdleHook
                0x00000000000017d8       0x10 _build_lpc40xx_freertos/objects/rtos_hooks.o
                0x00000000000017d8                vApplicationIdleHook
 .text.configASSERT_callback
                0x00000000000017e8       0x40 _build_lpc40xx_freertos/objects/rtos_hooks.o
                0x00000000000017e8                configASSERT_callback
 .text.vApplicationGetIdleTaskMemory
                0x0000000000001828       0x18 _build_lpc40xx_freertos/objects/rtos_hooks.o
                0x0000000000001828                vApplicationGetIdleTaskMemory
 .text.freertos_hooks__get_run_time_counter_value
                0x0000000000001840       0x14 _build_lpc40xx_freertos/objects/rtos_hooks.o
                0x0000000000001840                freertos_hooks__get_run_time_counter_value
 .text.freertos_hooks__reset_run_time_stats
                0x0000000000001854       0x14 _build_lpc40xx_freertos/objects/rtos_hooks.o
                0x0000000000001854                freertos_hooks__reset_run_time_stats
 .text.sl_string__initialize
                0x0000000000001868       0x28 _build_lpc40xx_freertos/objects/sl_string.o
                0x0000000000001868                sl_string__initialize
 .text.sl_string__get_capacity
                0x0000000000001890       0x12 _build_lpc40xx_freertos/objects/sl_string.o
                0x0000000000001890                sl_string__get_capacity
 .text.sl_string__get_capacity_including_null_char
                0x00000000000018a2        0xc _build_lpc40xx_freertos/objects/sl_string.o
                0x00000000000018a2                sl_string__get_capacity_including_null_char
 .text.sl_string__get_length
                0x00000000000018ae        0xc _build_lpc40xx_freertos/objects/sl_string.o
                0x00000000000018ae                sl_string__get_length
 .text.sl_string__is_full
                0x00000000000018ba       0x1a _build_lpc40xx_freertos/objects/sl_string.o
                0x00000000000018ba                sl_string__is_full
 .text.sl_string__to_int
                0x00000000000018d4        0x4 _build_lpc40xx_freertos/objects/sl_string.o
                0x00000000000018d4                sl_string__to_int
 .text.sl_string__clear
                0x00000000000018d8        0x6 _build_lpc40xx_freertos/objects/sl_string.o
                0x00000000000018d8                sl_string__clear
 .text.sl_string__vprintf
                0x00000000000018de       0x1c _build_lpc40xx_freertos/objects/sl_string.o
                0x00000000000018de                sl_string__vprintf
 .text.sl_string__printf
                0x00000000000018fa       0x1a _build_lpc40xx_freertos/objects/sl_string.o
                0x00000000000018fa                sl_string__printf
 .text.sl_string__scanf
                0x0000000000001914       0x22 _build_lpc40xx_freertos/objects/sl_string.o
                0x0000000000001914                sl_string__scanf
 .text.sl_string__set
                0x0000000000001936       0x2e _build_lpc40xx_freertos/objects/sl_string.o
                0x0000000000001936                sl_string__set
 .text.sl_string__initialize_from
                0x0000000000001964       0x16 _build_lpc40xx_freertos/objects/sl_string.o
                0x0000000000001964                sl_string__initialize_from
 .text.sl_string__insert_at
                0x000000000000197a       0x54 _build_lpc40xx_freertos/objects/sl_string.o
                0x000000000000197a                sl_string__insert_at
 .text.sl_string__append
                0x00000000000019ce       0x38 _build_lpc40xx_freertos/objects/sl_string.o
                0x00000000000019ce                sl_string__append
 .text.sl_string__append_char
                0x0000000000001a06       0x18 _build_lpc40xx_freertos/objects/sl_string.o
                0x0000000000001a06                sl_string__append_char
 .text.sl_string__equals_to_ignore_case
                0x0000000000001a1e       0x14 _build_lpc40xx_freertos/objects/sl_string.o
                0x0000000000001a1e                sl_string__equals_to_ignore_case
 .text.sl_string__first_index_of
                0x0000000000001a32       0x16 _build_lpc40xx_freertos/objects/sl_string.o
                0x0000000000001a32                sl_string__first_index_of
 .text.sl_string__begins_with_limited_chars
                0x0000000000001a48       0x28 _build_lpc40xx_freertos/objects/sl_string.o
                0x0000000000001a48                sl_string__begins_with_limited_chars
 .text.sl_string__begins_with_ignore_case
                0x0000000000001a70       0x2e _build_lpc40xx_freertos/objects/sl_string.o
                0x0000000000001a70                sl_string__begins_with_ignore_case
 .text.sl_string__begins_with_whole_word
                0x0000000000001a9e       0x44 _build_lpc40xx_freertos/objects/sl_string.o
                0x0000000000001a9e                sl_string__begins_with_whole_word
 .text.sl_string__ends_with_newline
                0x0000000000001ae2       0x22 _build_lpc40xx_freertos/objects/sl_string.o
                0x0000000000001ae2                sl_string__ends_with_newline
 .text.sl_string__erase_after
                0x0000000000001b04       0x38 _build_lpc40xx_freertos/objects/sl_string.o
                0x0000000000001b04                sl_string__erase_after
 .text.sl_string__erase
                0x0000000000001b3c       0x2a _build_lpc40xx_freertos/objects/sl_string.o
                0x0000000000001b3c                sl_string__erase
 .text.sl_string__erase_first
                0x0000000000001b66        0x8 _build_lpc40xx_freertos/objects/sl_string.o
                0x0000000000001b66                sl_string__erase_first
 .text.sl_string__erase_last
                0x0000000000001b6e       0x22 _build_lpc40xx_freertos/objects/sl_string.o
                0x0000000000001b6e                sl_string__erase_last
 .text.sl_string__erase_at_substring
                0x0000000000001b90       0x1c _build_lpc40xx_freertos/objects/sl_string.o
                0x0000000000001b90                sl_string__erase_at_substring
 .text.sl_string__erase_first_word
                0x0000000000001bac       0x1c _build_lpc40xx_freertos/objects/sl_string.o
                0x0000000000001bac                sl_string__erase_first_word
 .text.sl_string__erase_int
                0x0000000000001bc8       0x50 _build_lpc40xx_freertos/objects/sl_string.o
                0x0000000000001bc8                sl_string__erase_int
 .text.sl_string__trim_end
                0x0000000000001c18       0x40 _build_lpc40xx_freertos/objects/sl_string.o
                0x0000000000001c18                sl_string__trim_end
 .text.vPortSVCHandler_wrapper
                0x0000000000001c58        0x4 _build_lpc40xx_freertos/objects/freertos_interrupt_handlers.o
                0x0000000000001c58                vPortSVCHandler_wrapper
 .text.xPortPendSVHandler_wrapper
                0x0000000000001c5c        0x4 _build_lpc40xx_freertos/objects/freertos_interrupt_handlers.o
                0x0000000000001c5c                xPortPendSVHandler_wrapper
 .text.xPortSysTickHandler_wrapper
                0x0000000000001c60        0x4 _build_lpc40xx_freertos/objects/freertos_interrupt_handlers.o
                0x0000000000001c60                xPortSysTickHandler_wrapper
 .text.pvPortMalloc
                0x0000000000001c64       0x1e _build_lpc40xx_freertos/objects/heap_selector.o
                0x0000000000001c64                pvPortMalloc
 .text.vPortFree
                0x0000000000001c82       0x1a _build_lpc40xx_freertos/objects/heap_selector.o
                0x0000000000001c82                vPortFree
 .text.prvPortStartFirstTask
                0x0000000000001c9c       0x28 _build_lpc40xx_freertos/objects/port.o
 .text.vPortEnableVFP
                0x0000000000001cc4       0x14 _build_lpc40xx_freertos/objects/port.o
 .text.prvTaskExitError
                0x0000000000001cd8       0x3c _build_lpc40xx_freertos/objects/port.o
 .text.pxPortInitialiseStack
                0x0000000000001d14       0x2c _build_lpc40xx_freertos/objects/port.o
                0x0000000000001d14                pxPortInitialiseStack
 .text.vPortSVCHandler
                0x0000000000001d40       0x24 _build_lpc40xx_freertos/objects/port.o
                0x0000000000001d40                vPortSVCHandler
 .text.vPortEnterCritical
                0x0000000000001d64       0x44 _build_lpc40xx_freertos/objects/port.o
                0x0000000000001d64                vPortEnterCritical
 .text.vPortExitCritical
                0x0000000000001da8       0x28 _build_lpc40xx_freertos/objects/port.o
                0x0000000000001da8                vPortExitCritical
 .text.xPortPendSVHandler
                0x0000000000001dd0       0x64 _build_lpc40xx_freertos/objects/port.o
                0x0000000000001dd0                xPortPendSVHandler
 .text.xPortSysTickHandler
                0x0000000000001e34       0x2c _build_lpc40xx_freertos/objects/port.o
                0x0000000000001e34                xPortSysTickHandler
 .text.vPortSetupTimerInterrupt
                0x0000000000001e60       0x30 _build_lpc40xx_freertos/objects/port.o
                0x0000000000001e60                vPortSetupTimerInterrupt
 .text.xPortStartScheduler
                0x0000000000001e90      0x100 _build_lpc40xx_freertos/objects/port.o
                0x0000000000001e90                xPortStartScheduler
 .text.vPortValidateInterruptPriority
                0x0000000000001f90       0x58 _build_lpc40xx_freertos/objects/port.o
                0x0000000000001f90                vPortValidateInterruptPriority
 .text.vListInitialise
                0x0000000000001fe8       0x16 _build_lpc40xx_freertos/objects/list.o
                0x0000000000001fe8                vListInitialise
 .text.vListInitialiseItem
                0x0000000000001ffe        0x6 _build_lpc40xx_freertos/objects/list.o
                0x0000000000001ffe                vListInitialiseItem
 .text.vListInsertEnd
                0x0000000000002004       0x18 _build_lpc40xx_freertos/objects/list.o
                0x0000000000002004                vListInsertEnd
 .text.vListInsert
                0x000000000000201c       0x2e _build_lpc40xx_freertos/objects/list.o
                0x000000000000201c                vListInsert
 .text.uxListRemove
                0x000000000000204a       0x20 _build_lpc40xx_freertos/objects/list.o
                0x000000000000204a                uxListRemove
 .text.prvIsQueueEmpty
                0x000000000000206a       0x16 _build_lpc40xx_freertos/objects/queue.o
 .text.prvCopyDataToQueue
                0x0000000000002080       0x6a _build_lpc40xx_freertos/objects/queue.o
 .text.prvCopyDataFromQueue
                0x00000000000020ea       0x2a _build_lpc40xx_freertos/objects/queue.o
 .text.prvUnlockQueue
                0x0000000000002114       0x70 _build_lpc40xx_freertos/objects/queue.o
 .text.xQueueGenericReset
                0x0000000000002184       0x7c _build_lpc40xx_freertos/objects/queue.o
                0x0000000000002184                xQueueGenericReset
 .text.xQueueGenericCreateStatic
                0x0000000000002200       0x94 _build_lpc40xx_freertos/objects/queue.o
                0x0000000000002200                xQueueGenericCreateStatic
 .text.xQueueGenericCreate
                0x0000000000002294       0x4c _build_lpc40xx_freertos/objects/queue.o
                0x0000000000002294                xQueueGenericCreate
 .text.xQueueGenericSend
                0x00000000000022e0      0x15c _build_lpc40xx_freertos/objects/queue.o
                0x00000000000022e0                xQueueGenericSend
 .text.xQueueCreateMutexStatic
                0x000000000000243c       0x2a _build_lpc40xx_freertos/objects/queue.o
                0x000000000000243c                xQueueCreateMutexStatic
 .text.xQueueCreateMutex
                0x0000000000002466       0x24 _build_lpc40xx_freertos/objects/queue.o
                0x0000000000002466                xQueueCreateMutex
 *fill*         0x000000000000248a        0x2 ff
 .text.xQueueGenericSendFromISR
                0x000000000000248c       0xbc _build_lpc40xx_freertos/objects/queue.o
                0x000000000000248c                xQueueGenericSendFromISR
 .text.xQueueGiveFromISR
                0x0000000000002548       0xa4 _build_lpc40xx_freertos/objects/queue.o
                0x0000000000002548                xQueueGiveFromISR
 .text.xQueueReceive
                0x00000000000025ec      0x13c _build_lpc40xx_freertos/objects/queue.o
                0x00000000000025ec                xQueueReceive
 .text.xQueueSemaphoreTake
                0x0000000000002728      0x180 _build_lpc40xx_freertos/objects/queue.o
                0x0000000000002728                xQueueSemaphoreTake
 .text.xQueueReceiveFromISR
                0x00000000000028a8       0x9c _build_lpc40xx_freertos/objects/queue.o
                0x00000000000028a8                xQueueReceiveFromISR
 .text.vQueueDelete
                0x0000000000002944       0x24 _build_lpc40xx_freertos/objects/queue.o
                0x0000000000002944                vQueueDelete
 .text.prvSearchForNameWithinSingleList
                0x0000000000002968       0x54 _build_lpc40xx_freertos/objects/tasks.o
 .text.prvResetRunTimeStatsInList
                0x00000000000029bc       0x2e _build_lpc40xx_freertos/objects/tasks.o
 *fill*         0x00000000000029ea        0x2 ff
 .text.prvAddNewTaskToReadyList
                0x00000000000029ec       0xf4 _build_lpc40xx_freertos/objects/tasks.o
 .text.prvIdleTask
                0x0000000000002ae0       0x28 _build_lpc40xx_freertos/objects/tasks.o
 .text.prvResetNextTaskUnblockTime
                0x0000000000002b08       0x24 _build_lpc40xx_freertos/objects/tasks.o
 .text.prvTaskIsTaskSuspended
                0x0000000000002b2c       0x38 _build_lpc40xx_freertos/objects/tasks.o
 .text.prvInitialiseNewTask.isra.2
                0x0000000000002b64       0x98 _build_lpc40xx_freertos/objects/tasks.o
 .text.prvAddCurrentTaskToDelayedList
                0x0000000000002bfc       0x8c _build_lpc40xx_freertos/objects/tasks.o
 .text.xTaskCreateStatic
                0x0000000000002c88       0x6c _build_lpc40xx_freertos/objects/tasks.o
                0x0000000000002c88                xTaskCreateStatic
 .text.xTaskCreate
                0x0000000000002cf4       0x5a _build_lpc40xx_freertos/objects/tasks.o
                0x0000000000002cf4                xTaskCreate
 *fill*         0x0000000000002d4e        0x2 ff
 .text.eTaskGetState
                0x0000000000002d50       0x6c _build_lpc40xx_freertos/objects/tasks.o
                0x0000000000002d50                eTaskGetState
 .text.vTaskResume
                0x0000000000002dbc       0x84 _build_lpc40xx_freertos/objects/tasks.o
                0x0000000000002dbc                vTaskResume
 .text.vTaskStartScheduler
                0x0000000000002e40       0x74 _build_lpc40xx_freertos/objects/tasks.o
                0x0000000000002e40                vTaskStartScheduler
 .text.vTaskSuspendAll
                0x0000000000002eb4       0x10 _build_lpc40xx_freertos/objects/tasks.o
                0x0000000000002eb4                vTaskSuspendAll
 .text.xTaskIncrementTick
                0x0000000000002ec4      0x124 _build_lpc40xx_freertos/objects/tasks.o
                0x0000000000002ec4                xTaskIncrementTick
 .text.xTaskResumeAll
                0x0000000000002fe8       0xec _build_lpc40xx_freertos/objects/tasks.o
                0x0000000000002fe8                xTaskResumeAll
 .text.vTaskDelay
                0x00000000000030d4       0x48 _build_lpc40xx_freertos/objects/tasks.o
                0x00000000000030d4                vTaskDelay
 .text.xTaskGetHandle
                0x000000000000311c       0x7c _build_lpc40xx_freertos/objects/tasks.o
                0x000000000000311c                xTaskGetHandle
 .text.vTaskSwitchContext
                0x0000000000003198       0xbc _build_lpc40xx_freertos/objects/tasks.o
                0x0000000000003198                vTaskSwitchContext
 .text.vTaskSuspend
                0x0000000000003254       0xd4 _build_lpc40xx_freertos/objects/tasks.o
                0x0000000000003254                vTaskSuspend
 .text.vTaskPlaceOnEventList
                0x0000000000003328       0x30 _build_lpc40xx_freertos/objects/tasks.o
                0x0000000000003328                vTaskPlaceOnEventList
 .text.xTaskRemoveFromEventList
                0x0000000000003358       0x80 _build_lpc40xx_freertos/objects/tasks.o
                0x0000000000003358                xTaskRemoveFromEventList
 .text.vTaskInternalSetTimeOutState
                0x00000000000033d8       0x18 _build_lpc40xx_freertos/objects/tasks.o
                0x00000000000033d8                vTaskInternalSetTimeOutState
 .text.xTaskCheckForTimeOut
                0x00000000000033f0       0x74 _build_lpc40xx_freertos/objects/tasks.o
                0x00000000000033f0                xTaskCheckForTimeOut
 .text.vTaskMissedYield
                0x0000000000003464        0xc _build_lpc40xx_freertos/objects/tasks.o
                0x0000000000003464                vTaskMissedYield
 .text.vTaskGetInfo
                0x0000000000003470       0x7c _build_lpc40xx_freertos/objects/tasks.o
                0x0000000000003470                vTaskGetInfo
 .text.prvListTasksWithinSingleList
                0x00000000000034ec       0x5a _build_lpc40xx_freertos/objects/tasks.o
 *fill*         0x0000000000003546        0x2 ff
 .text.uxTaskGetSystemState
                0x0000000000003548       0x98 _build_lpc40xx_freertos/objects/tasks.o
                0x0000000000003548                uxTaskGetSystemState
 .text.xTaskGetSchedulerState
                0x00000000000035e0       0x20 _build_lpc40xx_freertos/objects/tasks.o
                0x00000000000035e0                xTaskGetSchedulerState
 .text.xTaskPriorityInherit
                0x0000000000003600       0xa4 _build_lpc40xx_freertos/objects/tasks.o
                0x0000000000003600                xTaskPriorityInherit
 .text.xTaskPriorityDisinherit
                0x00000000000036a4       0x9c _build_lpc40xx_freertos/objects/tasks.o
                0x00000000000036a4                xTaskPriorityDisinherit
 .text.vTaskPriorityDisinheritAfterTimeout
                0x0000000000003740       0xb0 _build_lpc40xx_freertos/objects/tasks.o
                0x0000000000003740                vTaskPriorityDisinheritAfterTimeout
 .text.pvTaskIncrementMutexHeldCount
                0x00000000000037f0       0x18 _build_lpc40xx_freertos/objects/tasks.o
                0x00000000000037f0                pvTaskIncrementMutexHeldCount
 .text.vTaskResetRunTimeStats
                0x0000000000003808       0x6c _build_lpc40xx_freertos/objects/tasks.o
                0x0000000000003808                vTaskResetRunTimeStats
 .text.vRunTimeStatIsrEntry
                0x0000000000003874       0x28 _build_lpc40xx_freertos/objects/tasks.o
                0x0000000000003874                vRunTimeStatIsrEntry
 .text.vRunTimeStatIsrExit
                0x000000000000389c       0x10 _build_lpc40xx_freertos/objects/tasks.o
                0x000000000000389c                vRunTimeStatIsrExit
 .text.board_io__initialize
                0x00000000000038ac      0x104 _build_lpc40xx_freertos/objects/board_io.o
                0x00000000000038ac                board_io__initialize
 .text.board_io__sd_card_cs
                0x00000000000039b0       0x10 _build_lpc40xx_freertos/objects/board_io.o
                0x00000000000039b0                board_io__sd_card_cs
 .text.board_io__sd_card_ds
                0x00000000000039c0       0x10 _build_lpc40xx_freertos/objects/board_io.o
                0x00000000000039c0                board_io__sd_card_ds
 .text.board_io__sd_card_is_present
                0x00000000000039d0       0x14 _build_lpc40xx_freertos/objects/board_io.o
                0x00000000000039d0                board_io__sd_card_is_present
 .text.board_io__get_led0
                0x00000000000039e4        0xc _build_lpc40xx_freertos/objects/board_io.o
                0x00000000000039e4                board_io__get_led0
 .text.board_io__get_led1
                0x00000000000039f0        0xc _build_lpc40xx_freertos/objects/board_io.o
                0x00000000000039f0                board_io__get_led1
 .text.board_io__get_led2
                0x00000000000039fc        0xc _build_lpc40xx_freertos/objects/board_io.o
                0x00000000000039fc                board_io__get_led2
 .text.board_io__get_led3
                0x0000000000003a08        0xc _build_lpc40xx_freertos/objects/board_io.o
                0x0000000000003a08                board_io__get_led3
 .text.gpio__set_function
                0x0000000000003a14       0x2a _build_lpc40xx_freertos/objects/gpio.o
                0x0000000000003a14                gpio__set_function
 .text.gpio__construct_with_function
                0x0000000000003a3e       0x2a _build_lpc40xx_freertos/objects/gpio.o
                0x0000000000003a3e                gpio__construct_with_function
 .text.gpio__enable_open_drain
                0x0000000000003a68       0x20 _build_lpc40xx_freertos/objects/gpio.o
                0x0000000000003a68                gpio__enable_open_drain
 .text.gpio__enable_pull_down_resistors
                0x0000000000003a88       0x28 _build_lpc40xx_freertos/objects/gpio.o
                0x0000000000003a88                gpio__enable_pull_down_resistors
 .text.gpio__set_as_input
                0x0000000000003ab0       0x24 _build_lpc40xx_freertos/objects/gpio.o
                0x0000000000003ab0                gpio__set_as_input
 .text.gpio__construct_as_input
                0x0000000000003ad4       0x28 _build_lpc40xx_freertos/objects/gpio.o
                0x0000000000003ad4                gpio__construct_as_input
 .text.gpio__set_as_output
                0x0000000000003afc       0x20 _build_lpc40xx_freertos/objects/gpio.o
                0x0000000000003afc                gpio__set_as_output
 .text.gpio__construct_as_output
                0x0000000000003b1c       0x28 _build_lpc40xx_freertos/objects/gpio.o
                0x0000000000003b1c                gpio__construct_as_output
 .text.gpio__get
                0x0000000000003b44       0x24 _build_lpc40xx_freertos/objects/gpio.o
                0x0000000000003b44                gpio__get
 .text.gpio__set
                0x0000000000003b68       0x1c _build_lpc40xx_freertos/objects/gpio.o
                0x0000000000003b68                gpio__set
 .text.gpio__reset
                0x0000000000003b84       0x1c _build_lpc40xx_freertos/objects/gpio.o
                0x0000000000003b84                gpio__reset
 .text.gpio__toggle
                0x0000000000003ba0       0x1e _build_lpc40xx_freertos/objects/gpio.o
                0x0000000000003ba0                gpio__toggle
 *fill*         0x0000000000003bbe        0x2 ff
 .text.hw_timer__enable
                0x0000000000003bc0       0x48 _build_lpc40xx_freertos/objects/hw_timer.o
                0x0000000000003bc0                hw_timer__enable
 .text.hw_timer__enable_match_isr
                0x0000000000003c08       0x24 _build_lpc40xx_freertos/objects/hw_timer.o
                0x0000000000003c08                hw_timer__enable_match_isr
 .text.hw_timer__acknowledge_interrupt
                0x0000000000003c2c       0x18 _build_lpc40xx_freertos/objects/hw_timer.o
                0x0000000000003c2c                hw_timer__acknowledge_interrupt
 .text.hw_timer__get_value
                0x0000000000003c44       0x10 _build_lpc40xx_freertos/objects/hw_timer.o
                0x0000000000003c44                hw_timer__get_value
 .text.hw_timer__set_value
                0x0000000000003c54       0x10 _build_lpc40xx_freertos/objects/hw_timer.o
                0x0000000000003c54                hw_timer__set_value
 .text.i2c__transfer_unprotected
                0x0000000000003c64       0x5e _build_lpc40xx_freertos/objects/i2c.o
 *fill*         0x0000000000003cc2        0x2 ff
 .text.i2c__handle_interrupt
                0x0000000000003cc4      0x184 _build_lpc40xx_freertos/objects/i2c.o
 .text.i2c2_isr
                0x0000000000003e48        0xc _build_lpc40xx_freertos/objects/i2c.o
 .text.i2c1_isr
                0x0000000000003e54        0xc _build_lpc40xx_freertos/objects/i2c.o
 .text.i2c0_isr
                0x0000000000003e60        0xc _build_lpc40xx_freertos/objects/i2c.o
 .text.i2c__initialize
                0x0000000000003e6c       0xb0 _build_lpc40xx_freertos/objects/i2c.o
                0x0000000000003e6c                i2c__initialize
 .text.i2c__read_slave_data
                0x0000000000003f1c       0x54 _build_lpc40xx_freertos/objects/i2c.o
                0x0000000000003f1c                i2c__read_slave_data
 .text.i2c__read_single
                0x0000000000003f70       0x1e _build_lpc40xx_freertos/objects/i2c.o
                0x0000000000003f70                i2c__read_single
 *fill*         0x0000000000003f8e        0x2 ff
 .text.i2c__write_slave_data
                0x0000000000003f90       0x50 _build_lpc40xx_freertos/objects/i2c.o
                0x0000000000003f90                i2c__write_slave_data
 .text.i2c__detect
                0x0000000000003fe0       0x18 _build_lpc40xx_freertos/objects/i2c.o
                0x0000000000003fe0                i2c__detect
 .text.i2c__write_single
                0x0000000000003ff8       0x18 _build_lpc40xx_freertos/objects/i2c.o
                0x0000000000003ff8                i2c__write_single
 .text.lpc_peripheral__halt_handler
                0x0000000000004010        0x2 _build_lpc40xx_freertos/objects/lpc_peripherals.o
 *fill*         0x0000000000004012        0x2 ff
 .text.lpc_peripheral__interrupt_dispatcher
                0x0000000000004014       0x34 _build_lpc40xx_freertos/objects/lpc_peripherals.o
                0x0000000000004014                lpc_peripheral__interrupt_dispatcher
 .text.lpc_peripheral__turn_on_power_to
                0x0000000000004048       0x24 _build_lpc40xx_freertos/objects/lpc_peripherals.o
                0x0000000000004048                lpc_peripheral__turn_on_power_to
 .text.lpc_peripheral__is_powered_on
                0x000000000000406c       0x24 _build_lpc40xx_freertos/objects/lpc_peripherals.o
                0x000000000000406c                lpc_peripheral__is_powered_on
 .text.lpc_peripheral__enable_interrupt
                0x0000000000004090       0x30 _build_lpc40xx_freertos/objects/lpc_peripherals.o
                0x0000000000004090                lpc_peripheral__enable_interrupt
 .text.ssp2__dma_transfer_block
                0x00000000000040c0       0x98 _build_lpc40xx_freertos/objects/ssp2.o
 .text.ssp2__set_max_clock
                0x0000000000004158       0x2c _build_lpc40xx_freertos/objects/ssp2.o
                0x0000000000004158                ssp2__set_max_clock
 .text.ssp2__initialize
                0x0000000000004184       0x44 _build_lpc40xx_freertos/objects/ssp2.o
                0x0000000000004184                ssp2__initialize
 .text.ssp2__exchange_byte
                0x00000000000041c8       0x14 _build_lpc40xx_freertos/objects/ssp2.o
                0x00000000000041c8                ssp2__exchange_byte
 .text.ssp2__dma_write_block
                0x00000000000041dc        0x6 _build_lpc40xx_freertos/objects/ssp2.o
                0x00000000000041dc                ssp2__dma_write_block
 .text.ssp2__dma_read_block
                0x00000000000041e2        0x6 _build_lpc40xx_freertos/objects/ssp2.o
                0x00000000000041e2                ssp2__dma_read_block
 .text.uart__isr_common
                0x00000000000041e8       0x94 _build_lpc40xx_freertos/objects/uart.o
 .text.uart3_isr
                0x000000000000427c        0xc _build_lpc40xx_freertos/objects/uart.o
 .text.uart2_isr
                0x0000000000004288        0xc _build_lpc40xx_freertos/objects/uart.o
 .text.uart1_isr
                0x0000000000004294        0xc _build_lpc40xx_freertos/objects/uart.o
 .text.uart0_isr
                0x00000000000042a0        0xc _build_lpc40xx_freertos/objects/uart.o
 .text.uart__init
                0x00000000000042ac       0x60 _build_lpc40xx_freertos/objects/uart.o
                0x00000000000042ac                uart__init
 .text.uart__is_initialized
                0x000000000000430c       0x28 _build_lpc40xx_freertos/objects/uart.o
                0x000000000000430c                uart__is_initialized
 .text.uart__is_transmit_queue_initialized
                0x0000000000004334       0x14 _build_lpc40xx_freertos/objects/uart.o
                0x0000000000004334                uart__is_transmit_queue_initialized
 .text.uart__enable_queues
                0x0000000000004348       0x70 _build_lpc40xx_freertos/objects/uart.o
                0x0000000000004348                uart__enable_queues
 .text.uart__polled_put
                0x00000000000043b8       0x24 _build_lpc40xx_freertos/objects/uart.o
                0x00000000000043b8                uart__polled_put
 .text.uart__get
                0x00000000000043dc       0x4c _build_lpc40xx_freertos/objects/uart.o
                0x00000000000043dc                uart__get
 .text.uart__polled_get
                0x0000000000004428       0x54 _build_lpc40xx_freertos/objects/uart.o
                0x0000000000004428                uart__polled_get
 .text.uart__put
                0x000000000000447c       0x7c _build_lpc40xx_freertos/objects/uart.o
                0x000000000000447c                uart__put
 .text.sleep    0x00000000000044f8        0xc _build_lpc40xx_freertos/objects/main.o
                0x00000000000044f8                sleep
 .text.startup.main
                0x0000000000004504       0x38 _build_lpc40xx_freertos/objects/main.o
                0x0000000000004504                main
 .text          0x000000000000453c       0x30 /Users/Manny/CMPE_146_MP3/toolchains/mac/gcc-arm-none-eabi-8-2019-q3-update/bin/../lib/gcc/arm-none-eabi/8.3.1/thumb/v7e-m+fp/hard/libgcc.a(_aeabi_uldivmod.o)
                0x000000000000453c                __aeabi_uldivmod
 .text          0x000000000000456c      0x2d0 /Users/Manny/CMPE_146_MP3/toolchains/mac/gcc-arm-none-eabi-8-2019-q3-update/bin/../lib/gcc/arm-none-eabi/8.3.1/thumb/v7e-m+fp/hard/libgcc.a(_udivmoddi4.o)
                0x000000000000456c                __udivmoddi4
 .text          0x000000000000483c        0x4 /Users/Manny/CMPE_146_MP3/toolchains/mac/gcc-arm-none-eabi-8-2019-q3-update/bin/../lib/gcc/arm-none-eabi/8.3.1/thumb/v7e-m+fp/hard/libgcc.a(_dvmd_tls.o)
                0x000000000000483c                __aeabi_ldiv0
                0x000000000000483c                __aeabi_idiv0
 .text.atoi     0x0000000000004840        0x8 /Users/Manny/CMPE_146_MP3/toolchains/mac/gcc-arm-none-eabi-8-2019-q3-update/bin/../lib/gcc/arm-none-eabi/8.3.1/../../../../arm-none-eabi/lib/thumb/v7e-m+fp/hard/libg_nano.a(lib_a-atoi.o)
                0x0000000000004840                atoi
 .text.fprintf  0x0000000000004848       0x24 /Users/Manny/CMPE_146_MP3/toolchains/mac/gcc-arm-none-eabi-8-2019-q3-update/bin/../lib/gcc/arm-none-eabi/8.3.1/../../../../arm-none-eabi/lib/thumb/v7e-m+fp/hard/libg_nano.a(lib_a-fprintf.o)
                0x0000000000004848                fprintf
                0x0000000000004848                fiprintf
 .text._fputs_r
                0x000000000000486c       0xcc /Users/Manny/CMPE_146_MP3/toolchains/mac/gcc-arm-none-eabi-8-2019-q3-update/bin/../lib/gcc/arm-none-eabi/8.3.1/../../../../arm-none-eabi/lib/thumb/v7e-m+fp/hard/libg_nano.a(lib_a-fputs.o)
                0x000000000000486c                _fputs_r
 .text.fputs    0x0000000000004938       0x10 /Users/Manny/CMPE_146_MP3/toolchains/mac/gcc-arm-none-eabi-8-2019-q3-update/bin/../lib/gcc/arm-none-eabi/8.3.1/../../../../arm-none-eabi/lib/thumb/v7e-m+fp/hard/libg_nano.a(lib_a-fputs.o)
                0x0000000000004938                fputs
 .text.getchar  0x0000000000004948       0x24 /Users/Manny/CMPE_146_MP3/toolchains/mac/gcc-arm-none-eabi-8-2019-q3-update/bin/../lib/gcc/arm-none-eabi/8.3.1/../../../../arm-none-eabi/lib/thumb/v7e-m+fp/hard/libg_nano.a(lib_a-getchar.o)
                0x0000000000004948                getchar
 .text.__retarget_lock_init_recursive
                0x000000000000496c        0x2 /Users/Manny/CMPE_146_MP3/toolchains/mac/gcc-arm-none-eabi-8-2019-q3-update/bin/../lib/gcc/arm-none-eabi/8.3.1/../../../../arm-none-eabi/lib/thumb/v7e-m+fp/hard/libg_nano.a(lib_a-lock.o)
                0x000000000000496c                __retarget_lock_init_recursive
 .text.__retarget_lock_acquire_recursive
                0x000000000000496e        0x2 /Users/Manny/CMPE_146_MP3/toolchains/mac/gcc-arm-none-eabi-8-2019-q3-update/bin/../lib/gcc/arm-none-eabi/8.3.1/../../../../arm-none-eabi/lib/thumb/v7e-m+fp/hard/libg_nano.a(lib_a-lock.o)
                0x000000000000496e                __retarget_lock_acquire_recursive
 .text.__retarget_lock_release_recursive
                0x0000000000004970        0x2 /Users/Manny/CMPE_146_MP3/toolchains/mac/gcc-arm-none-eabi-8-2019-q3-update/bin/../lib/gcc/arm-none-eabi/8.3.1/../../../../arm-none-eabi/lib/thumb/v7e-m+fp/hard/libg_nano.a(lib_a-lock.o)
                0x0000000000004970                __retarget_lock_release_recursive
 *fill*         0x0000000000004972        0x2 ff
 .text.malloc   0x0000000000004974       0x10 /Users/Manny/CMPE_146_MP3/toolchains/mac/gcc-arm-none-eabi-8-2019-q3-update/bin/../lib/gcc/arm-none-eabi/8.3.1/../../../../arm-none-eabi/lib/thumb/v7e-m+fp/hard/libg_nano.a(lib_a-malloc.o)
                0x0000000000004974                malloc
 .text.free     0x0000000000004984       0x10 /Users/Manny/CMPE_146_MP3/toolchains/mac/gcc-arm-none-eabi-8-2019-q3-update/bin/../lib/gcc/arm-none-eabi/8.3.1/../../../../arm-none-eabi/lib/thumb/v7e-m+fp/hard/libg_nano.a(lib_a-malloc.o)
                0x0000000000004984                free
 .text.memcpy   0x0000000000004994       0x1c /Users/Manny/CMPE_146_MP3/toolchains/mac/gcc-arm-none-eabi-8-2019-q3-update/bin/../lib/gcc/arm-none-eabi/8.3.1/../../../../arm-none-eabi/lib/thumb/v7e-m+fp/hard/libg_nano.a(lib_a-memcpy-stub.o)
                0x0000000000004994                memcpy
 .text.memmove  0x00000000000049b0       0x34 /Users/Manny/CMPE_146_MP3/toolchains/mac/gcc-arm-none-eabi-8-2019-q3-update/bin/../lib/gcc/arm-none-eabi/8.3.1/../../../../arm-none-eabi/lib/thumb/v7e-m+fp/hard/libg_nano.a(lib_a-memmove.o)
                0x00000000000049b0                memmove
 .text.memset   0x00000000000049e4       0x10 /Users/Manny/CMPE_146_MP3/toolchains/mac/gcc-arm-none-eabi-8-2019-q3-update/bin/../lib/gcc/arm-none-eabi/8.3.1/../../../../arm-none-eabi/lib/thumb/v7e-m+fp/hard/libg_nano.a(lib_a-memset.o)
                0x00000000000049e4                memset
 .text._free_r  0x00000000000049f4       0x9c /Users/Manny/CMPE_146_MP3/toolchains/mac/gcc-arm-none-eabi-8-2019-q3-update/bin/../lib/gcc/arm-none-eabi/8.3.1/../../../../arm-none-eabi/lib/thumb/v7e-m+fp/hard/libg_nano.a(lib_a-nano-freer.o)
                0x00000000000049f4                _free_r
 .text._malloc_r
                0x0000000000004a90       0xb4 /Users/Manny/CMPE_146_MP3/toolchains/mac/gcc-arm-none-eabi-8-2019-q3-update/bin/../lib/gcc/arm-none-eabi/8.3.1/../../../../arm-none-eabi/lib/thumb/v7e-m+fp/hard/libg_nano.a(lib_a-nano-mallocr.o)
                0x0000000000004a90                _malloc_r
 .text.__sfputc_r
                0x0000000000004b44       0x2e /Users/Manny/CMPE_146_MP3/toolchains/mac/gcc-arm-none-eabi-8-2019-q3-update/bin/../lib/gcc/arm-none-eabi/8.3.1/../../../../arm-none-eabi/lib/thumb/v7e-m+fp/hard/libg_nano.a(lib_a-nano-vfprintf.o)
 .text.__sfputs_r
                0x0000000000004b72       0x24 /Users/Manny/CMPE_146_MP3/toolchains/mac/gcc-arm-none-eabi-8-2019-q3-update/bin/../lib/gcc/arm-none-eabi/8.3.1/../../../../arm-none-eabi/lib/thumb/v7e-m+fp/hard/libg_nano.a(lib_a-nano-vfprintf.o)
                0x0000000000004b72                __sfputs_r
 *fill*         0x0000000000004b96        0x2 ff
 .text._vfprintf_r
                0x0000000000004b98      0x250 /Users/Manny/CMPE_146_MP3/toolchains/mac/gcc-arm-none-eabi-8-2019-q3-update/bin/../lib/gcc/arm-none-eabi/8.3.1/../../../../arm-none-eabi/lib/thumb/v7e-m+fp/hard/libg_nano.a(lib_a-nano-vfprintf.o)
                0x0000000000004b98                _vfiprintf_r
                0x0000000000004b98                _vfprintf_r
 .text.__cvt    0x0000000000004de8       0xba /Users/Manny/CMPE_146_MP3/toolchains/mac/gcc-arm-none-eabi-8-2019-q3-update/bin/../lib/gcc/arm-none-eabi/8.3.1/../../../../arm-none-eabi/lib/thumb/v7e-m+fp/hard/libg_nano.a(lib_a-nano-vfprintf_float.o)
                0x0000000000004de8                __cvt
 .text.__exponent
                0x0000000000004ea2       0x64 /Users/Manny/CMPE_146_MP3/toolchains/mac/gcc-arm-none-eabi-8-2019-q3-update/bin/../lib/gcc/arm-none-eabi/8.3.1/../../../../arm-none-eabi/lib/thumb/v7e-m+fp/hard/libg_nano.a(lib_a-nano-vfprintf_float.o)
                0x0000000000004ea2                __exponent
 *fill*         0x0000000000004f06        0x2 ff
 .text._printf_float
                0x0000000000004f08      0x454 /Users/Manny/CMPE_146_MP3/toolchains/mac/gcc-arm-none-eabi-8-2019-q3-update/bin/../lib/gcc/arm-none-eabi/8.3.1/../../../../arm-none-eabi/lib/thumb/v7e-m+fp/hard/libg_nano.a(lib_a-nano-vfprintf_float.o)
                0x0000000000004f08                _printf_float
 .text._printf_common
                0x000000000000535c       0xea /Users/Manny/CMPE_146_MP3/toolchains/mac/gcc-arm-none-eabi-8-2019-q3-update/bin/../lib/gcc/arm-none-eabi/8.3.1/../../../../arm-none-eabi/lib/thumb/v7e-m+fp/hard/libg_nano.a(lib_a-nano-vfprintf_i.o)
                0x000000000000535c                _printf_common
 *fill*         0x0000000000005446        0x2 ff
 .text._printf_i
                0x0000000000005448      0x228 /Users/Manny/CMPE_146_MP3/toolchains/mac/gcc-arm-none-eabi-8-2019-q3-update/bin/../lib/gcc/arm-none-eabi/8.3.1/../../../../arm-none-eabi/lib/thumb/v7e-m+fp/hard/libg_nano.a(lib_a-nano-vfprintf_i.o)
                0x0000000000005448                _printf_i
 .text._scanf_float
                0x0000000000005670      0x3c0 /Users/Manny/CMPE_146_MP3/toolchains/mac/gcc-arm-none-eabi-8-2019-q3-update/bin/../lib/gcc/arm-none-eabi/8.3.1/../../../../arm-none-eabi/lib/thumb/v7e-m+fp/hard/libg_nano.a(lib_a-nano-vfscanf_float.o)
                0x0000000000005670                _scanf_float
 .text.printf   0x0000000000005a30       0x30 /Users/Manny/CMPE_146_MP3/toolchains/mac/gcc-arm-none-eabi-8-2019-q3-update/bin/../lib/gcc/arm-none-eabi/8.3.1/../../../../arm-none-eabi/lib/thumb/v7e-m+fp/hard/libg_nano.a(lib_a-printf.o)
                0x0000000000005a30                printf
                0x0000000000005a30                iprintf
 .text.putchar  0x0000000000005a60       0x28 /Users/Manny/CMPE_146_MP3/toolchains/mac/gcc-arm-none-eabi-8-2019-q3-update/bin/../lib/gcc/arm-none-eabi/8.3.1/../../../../arm-none-eabi/lib/thumb/v7e-m+fp/hard/libg_nano.a(lib_a-putchar.o)
                0x0000000000005a60                putchar
 .text._puts_r  0x0000000000005a88       0xdc /Users/Manny/CMPE_146_MP3/toolchains/mac/gcc-arm-none-eabi-8-2019-q3-update/bin/../lib/gcc/arm-none-eabi/8.3.1/../../../../arm-none-eabi/lib/thumb/v7e-m+fp/hard/libg_nano.a(lib_a-puts.o)
                0x0000000000005a88                _puts_r
 .text.puts     0x0000000000005b64       0x10 /Users/Manny/CMPE_146_MP3/toolchains/mac/gcc-arm-none-eabi-8-2019-q3-update/bin/../lib/gcc/arm-none-eabi/8.3.1/../../../../arm-none-eabi/lib/thumb/v7e-m+fp/hard/libg_nano.a(lib_a-puts.o)
                0x0000000000005b64                puts
 .text._sbrk_r  0x0000000000005b74       0x20 /Users/Manny/CMPE_146_MP3/toolchains/mac/gcc-arm-none-eabi-8-2019-q3-update/bin/../lib/gcc/arm-none-eabi/8.3.1/../../../../arm-none-eabi/lib/thumb/v7e-m+fp/hard/libg_nano.a(lib_a-sbrkr.o)
                0x0000000000005b74                _sbrk_r
 .text.setvbuf  0x0000000000005b94      0x184 /Users/Manny/CMPE_146_MP3/toolchains/mac/gcc-arm-none-eabi-8-2019-q3-update/bin/../lib/gcc/arm-none-eabi/8.3.1/../../../../arm-none-eabi/lib/thumb/v7e-m+fp/hard/libg_nano.a(lib_a-setvbuf.o)
                0x0000000000005b94                setvbuf
 .text.nanf     0x0000000000005d18        0xc /Users/Manny/CMPE_146_MP3/toolchains/mac/gcc-arm-none-eabi-8-2019-q3-update/bin/../lib/gcc/arm-none-eabi/8.3.1/../../../../arm-none-eabi/lib/thumb/v7e-m+fp/hard/libg_nano.a(lib_a-sf_nan.o)
                0x0000000000005d18                nanf
 .text.sprintf  0x0000000000005d24       0x40 /Users/Manny/CMPE_146_MP3/toolchains/mac/gcc-arm-none-eabi-8-2019-q3-update/bin/../lib/gcc/arm-none-eabi/8.3.1/../../../../arm-none-eabi/lib/thumb/v7e-m+fp/hard/libg_nano.a(lib_a-sprintf.o)
                0x0000000000005d24                sprintf
                0x0000000000005d24                siprintf
 .text.strcasecmp
                0x0000000000005d64       0x38 /Users/Manny/CMPE_146_MP3/toolchains/mac/gcc-arm-none-eabi-8-2019-q3-update/bin/../lib/gcc/arm-none-eabi/8.3.1/../../../../arm-none-eabi/lib/thumb/v7e-m+fp/hard/libg_nano.a(lib_a-strcasecmp.o)
                0x0000000000005d64                strcasecmp
 .text.strchr   0x0000000000005d9c       0x1a /Users/Manny/CMPE_146_MP3/toolchains/mac/gcc-arm-none-eabi-8-2019-q3-update/bin/../lib/gcc/arm-none-eabi/8.3.1/../../../../arm-none-eabi/lib/thumb/v7e-m+fp/hard/libg_nano.a(lib_a-strchr.o)
                0x0000000000005d9c                strchr
 .text          0x0000000000005db6       0x10 /Users/Manny/CMPE_146_MP3/toolchains/mac/gcc-arm-none-eabi-8-2019-q3-update/bin/../lib/gcc/arm-none-eabi/8.3.1/../../../../arm-none-eabi/lib/thumb/v7e-m+fp/hard/libg_nano.a(lib_a-strlen.o)
                0x0000000000005db6                strlen
 *fill*         0x0000000000005dc6        0x2 ff
 .text.strncasecmp
                0x0000000000005dc8       0x44 /Users/Manny/CMPE_146_MP3/toolchains/mac/gcc-arm-none-eabi-8-2019-q3-update/bin/../lib/gcc/arm-none-eabi/8.3.1/../../../../arm-none-eabi/lib/thumb/v7e-m+fp/hard/libg_nano.a(lib_a-strncasecmp.o)
                0x0000000000005dc8                strncasecmp
 .text.strncmp  0x0000000000005e0c       0x24 /Users/Manny/CMPE_146_MP3/toolchains/mac/gcc-arm-none-eabi-8-2019-q3-update/bin/../lib/gcc/arm-none-eabi/8.3.1/../../../../arm-none-eabi/lib/thumb/v7e-m+fp/hard/libg_nano.a(lib_a-strncmp.o)
                0x0000000000005e0c                strncmp
 .text.strncpy  0x0000000000005e30       0x26 /Users/Manny/CMPE_146_MP3/toolchains/mac/gcc-arm-none-eabi-8-2019-q3-update/bin/../lib/gcc/arm-none-eabi/8.3.1/../../../../arm-none-eabi/lib/thumb/v7e-m+fp/hard/libg_nano.a(lib_a-strncpy.o)
                0x0000000000005e30                strncpy
 .text.strstr   0x0000000000005e56       0x2e /Users/Manny/CMPE_146_MP3/toolchains/mac/gcc-arm-none-eabi-8-2019-q3-update/bin/../lib/gcc/arm-none-eabi/8.3.1/../../../../arm-none-eabi/lib/thumb/v7e-m+fp/hard/libg_nano.a(lib_a-strstr.o)
                0x0000000000005e56                strstr
 .text.sulp     0x0000000000005e84       0x38 /Users/Manny/CMPE_146_MP3/toolchains/mac/gcc-arm-none-eabi-8-2019-q3-update/bin/../lib/gcc/arm-none-eabi/8.3.1/../../../../arm-none-eabi/lib/thumb/v7e-m+fp/hard/libg_nano.a(lib_a-strtod.o)
 *fill*         0x0000000000005ebc        0x4 ff
 .text._strtod_l
                0x0000000000005ec0      0xb98 /Users/Manny/CMPE_146_MP3/toolchains/mac/gcc-arm-none-eabi-8-2019-q3-update/bin/../lib/gcc/arm-none-eabi/8.3.1/../../../../arm-none-eabi/lib/thumb/v7e-m+fp/hard/libg_nano.a(lib_a-strtod.o)
                0x0000000000005ec0                _strtod_l
 .text._strtod_r
                0x0000000000006a58        0xc /Users/Manny/CMPE_146_MP3/toolchains/mac/gcc-arm-none-eabi-8-2019-q3-update/bin/../lib/gcc/arm-none-eabi/8.3.1/../../../../arm-none-eabi/lib/thumb/v7e-m+fp/hard/libg_nano.a(lib_a-strtod.o)
                0x0000000000006a58                _strtod_r
 .text._strtol_l.isra.0
                0x0000000000006a64       0xf0 /Users/Manny/CMPE_146_MP3/toolchains/mac/gcc-arm-none-eabi-8-2019-q3-update/bin/../lib/gcc/arm-none-eabi/8.3.1/../../../../arm-none-eabi/lib/thumb/v7e-m+fp/hard/libg_nano.a(lib_a-strtol.o)
 .text._strtol_r
                0x0000000000006b54        0x4 /Users/Manny/CMPE_146_MP3/toolchains/mac/gcc-arm-none-eabi-8-2019-q3-update/bin/../lib/gcc/arm-none-eabi/8.3.1/../../../../arm-none-eabi/lib/thumb/v7e-m+fp/hard/libg_nano.a(lib_a-strtol.o)
                0x0000000000006b54                _strtol_r
 .text.strtol   0x0000000000006b58       0x14 /Users/Manny/CMPE_146_MP3/toolchains/mac/gcc-arm-none-eabi-8-2019-q3-update/bin/../lib/gcc/arm-none-eabi/8.3.1/../../../../arm-none-eabi/lib/thumb/v7e-m+fp/hard/libg_nano.a(lib_a-strtol.o)
                0x0000000000006b58                strtol
 .text._vsnprintf_r
                0x0000000000006b6c       0x58 /Users/Manny/CMPE_146_MP3/toolchains/mac/gcc-arm-none-eabi-8-2019-q3-update/bin/../lib/gcc/arm-none-eabi/8.3.1/../../../../arm-none-eabi/lib/thumb/v7e-m+fp/hard/libg_nano.a(lib_a-vsnprintf.o)
                0x0000000000006b6c                _vsnprintf_r
                0x0000000000006b6c                _vsniprintf_r
 .text.vsnprintf
                0x0000000000006bc4       0x1c /Users/Manny/CMPE_146_MP3/toolchains/mac/gcc-arm-none-eabi-8-2019-q3-update/bin/../lib/gcc/arm-none-eabi/8.3.1/../../../../arm-none-eabi/lib/thumb/v7e-m+fp/hard/libg_nano.a(lib_a-vsnprintf.o)
                0x0000000000006bc4                vsnprintf
                0x0000000000006bc4                vsniprintf
 .text._vsscanf_r
                0x0000000000006be0       0x48 /Users/Manny/CMPE_146_MP3/toolchains/mac/gcc-arm-none-eabi-8-2019-q3-update/bin/../lib/gcc/arm-none-eabi/8.3.1/../../../../arm-none-eabi/lib/thumb/v7e-m+fp/hard/libg_nano.a(lib_a-vsscanf.o)
                0x0000000000006be0                _vsiscanf_r
                0x0000000000006be0                _vsscanf_r
 .text.vsscanf  0x0000000000006c28       0x14 /Users/Manny/CMPE_146_MP3/toolchains/mac/gcc-arm-none-eabi-8-2019-q3-update/bin/../lib/gcc/arm-none-eabi/8.3.1/../../../../arm-none-eabi/lib/thumb/v7e-m+fp/hard/libg_nano.a(lib_a-vsscanf.o)
                0x0000000000006c28                vsscanf
                0x0000000000006c28                vsiscanf
 .text.__swbuf_r
                0x0000000000006c3c       0xa4 /Users/Manny/CMPE_146_MP3/toolchains/mac/gcc-arm-none-eabi-8-2019-q3-update/bin/../lib/gcc/arm-none-eabi/8.3.1/../../../../arm-none-eabi/lib/thumb/v7e-m+fp/hard/libg_nano.a(lib_a-wbuf.o)
                0x0000000000006c3c                __swbuf_r
 .text.__swsetup_r
                0x0000000000006ce0       0xdc /Users/Manny/CMPE_146_MP3/toolchains/mac/gcc-arm-none-eabi-8-2019-q3-update/bin/../lib/gcc/arm-none-eabi/8.3.1/../../../../arm-none-eabi/lib/thumb/v7e-m+fp/hard/libg_nano.a(lib_a-wsetup.o)
                0x0000000000006ce0                __swsetup_r
 .text.quorem   0x0000000000006dbc      0x112 /Users/Manny/CMPE_146_MP3/toolchains/mac/gcc-arm-none-eabi-8-2019-q3-update/bin/../lib/gcc/arm-none-eabi/8.3.1/../../../../arm-none-eabi/lib/thumb/v7e-m+fp/hard/libg_nano.a(lib_a-dtoa.o)
 *fill*         0x0000000000006ece        0x2 ff
 .text._dtoa_r  0x0000000000006ed0      0xb74 /Users/Manny/CMPE_146_MP3/toolchains/mac/gcc-arm-none-eabi-8-2019-q3-update/bin/../lib/gcc/arm-none-eabi/8.3.1/../../../../arm-none-eabi/lib/thumb/v7e-m+fp/hard/libg_nano.a(lib_a-dtoa.o)
                0x0000000000006ed0                _dtoa_r
 .text.__sflush_r
                0x0000000000007a44      0x10c /Users/Manny/CMPE_146_MP3/toolchains/mac/gcc-arm-none-eabi-8-2019-q3-update/bin/../lib/gcc/arm-none-eabi/8.3.1/../../../../arm-none-eabi/lib/thumb/v7e-m+fp/hard/libg_nano.a(lib_a-fflush.o)
                0x0000000000007a44                __sflush_r
 .text._fflush_r
                0x0000000000007b50       0x78 /Users/Manny/CMPE_146_MP3/toolchains/mac/gcc-arm-none-eabi-8-2019-q3-update/bin/../lib/gcc/arm-none-eabi/8.3.1/../../../../arm-none-eabi/lib/thumb/v7e-m+fp/hard/libg_nano.a(lib_a-fflush.o)
                0x0000000000007b50                _fflush_r
 .text.fflush   0x0000000000007bc8       0x24 /Users/Manny/CMPE_146_MP3/toolchains/mac/gcc-arm-none-eabi-8-2019-q3-update/bin/../lib/gcc/arm-none-eabi/8.3.1/../../../../arm-none-eabi/lib/thumb/v7e-m+fp/hard/libg_nano.a(lib_a-fflush.o)
                0x0000000000007bc8                fflush
 .text.std      0x0000000000007bec       0x48 /Users/Manny/CMPE_146_MP3/toolchains/mac/gcc-arm-none-eabi-8-2019-q3-update/bin/../lib/gcc/arm-none-eabi/8.3.1/../../../../arm-none-eabi/lib/thumb/v7e-m+fp/hard/libg_nano.a(lib_a-findfp.o)
 .text._cleanup_r
                0x0000000000007c34        0xc /Users/Manny/CMPE_146_MP3/toolchains/mac/gcc-arm-none-eabi-8-2019-q3-update/bin/../lib/gcc/arm-none-eabi/8.3.1/../../../../arm-none-eabi/lib/thumb/v7e-m+fp/hard/libg_nano.a(lib_a-findfp.o)
                0x0000000000007c34                _cleanup_r
 .text.__sfmoreglue
                0x0000000000007c40       0x2c /Users/Manny/CMPE_146_MP3/toolchains/mac/gcc-arm-none-eabi-8-2019-q3-update/bin/../lib/gcc/arm-none-eabi/8.3.1/../../../../arm-none-eabi/lib/thumb/v7e-m+fp/hard/libg_nano.a(lib_a-findfp.o)
                0x0000000000007c40                __sfmoreglue
 .text.__sfp_lock_acquire
                0x0000000000007c6c        0xc /Users/Manny/CMPE_146_MP3/toolchains/mac/gcc-arm-none-eabi-8-2019-q3-update/bin/../lib/gcc/arm-none-eabi/8.3.1/../../../../arm-none-eabi/lib/thumb/v7e-m+fp/hard/libg_nano.a(lib_a-findfp.o)
                0x0000000000007c6c                __sfp_lock_acquire
 .text.__sfp_lock_release
                0x0000000000007c78        0xc /Users/Manny/CMPE_146_MP3/toolchains/mac/gcc-arm-none-eabi-8-2019-q3-update/bin/../lib/gcc/arm-none-eabi/8.3.1/../../../../arm-none-eabi/lib/thumb/v7e-m+fp/hard/libg_nano.a(lib_a-findfp.o)
                0x0000000000007c78                __sfp_lock_release
 .text.__sinit_lock_acquire
                0x0000000000007c84        0xc /Users/Manny/CMPE_146_MP3/toolchains/mac/gcc-arm-none-eabi-8-2019-q3-update/bin/../lib/gcc/arm-none-eabi/8.3.1/../../../../arm-none-eabi/lib/thumb/v7e-m+fp/hard/libg_nano.a(lib_a-findfp.o)
                0x0000000000007c84                __sinit_lock_acquire
 .text.__sinit_lock_release
                0x0000000000007c90        0xc /Users/Manny/CMPE_146_MP3/toolchains/mac/gcc-arm-none-eabi-8-2019-q3-update/bin/../lib/gcc/arm-none-eabi/8.3.1/../../../../arm-none-eabi/lib/thumb/v7e-m+fp/hard/libg_nano.a(lib_a-findfp.o)
                0x0000000000007c90                __sinit_lock_release
 .text.__sinit  0x0000000000007c9c       0x70 /Users/Manny/CMPE_146_MP3/toolchains/mac/gcc-arm-none-eabi-8-2019-q3-update/bin/../lib/gcc/arm-none-eabi/8.3.1/../../../../arm-none-eabi/lib/thumb/v7e-m+fp/hard/libg_nano.a(lib_a-findfp.o)
                0x0000000000007c9c                __sinit
 .text.__sfp    0x0000000000007d0c       0x8c /Users/Manny/CMPE_146_MP3/toolchains/mac/gcc-arm-none-eabi-8-2019-q3-update/bin/../lib/gcc/arm-none-eabi/8.3.1/../../../../arm-none-eabi/lib/thumb/v7e-m+fp/hard/libg_nano.a(lib_a-findfp.o)
                0x0000000000007d0c                __sfp
 .text._fwalk   0x0000000000007d98       0x38 /Users/Manny/CMPE_146_MP3/toolchains/mac/gcc-arm-none-eabi-8-2019-q3-update/bin/../lib/gcc/arm-none-eabi/8.3.1/../../../../arm-none-eabi/lib/thumb/v7e-m+fp/hard/libg_nano.a(lib_a-fwalk.o)
                0x0000000000007d98                _fwalk
 .text._fwalk_reent
                0x0000000000007dd0       0x3c /Users/Manny/CMPE_146_MP3/toolchains/mac/gcc-arm-none-eabi-8-2019-q3-update/bin/../lib/gcc/arm-none-eabi/8.3.1/../../../../arm-none-eabi/lib/thumb/v7e-m+fp/hard/libg_nano.a(lib_a-fwalk.o)
                0x0000000000007dd0                _fwalk_reent
 .text.rshift   0x0000000000007e0c       0x74 /Users/Manny/CMPE_146_MP3/toolchains/mac/gcc-arm-none-eabi-8-2019-q3-update/bin/../lib/gcc/arm-none-eabi/8.3.1/../../../../arm-none-eabi/lib/thumb/v7e-m+fp/hard/libg_nano.a(lib_a-gdtoa-gethex.o)
 .text.__hexdig_fun
                0x0000000000007e80       0x2a /Users/Manny/CMPE_146_MP3/toolchains/mac/gcc-arm-none-eabi-8-2019-q3-update/bin/../lib/gcc/arm-none-eabi/8.3.1/../../../../arm-none-eabi/lib/thumb/v7e-m+fp/hard/libg_nano.a(lib_a-gdtoa-gethex.o)
                0x0000000000007e80                __hexdig_fun
 *fill*         0x0000000000007eaa        0x2 ff
 .text.__gethex
                0x0000000000007eac      0x448 /Users/Manny/CMPE_146_MP3/toolchains/mac/gcc-arm-none-eabi-8-2019-q3-update/bin/../lib/gcc/arm-none-eabi/8.3.1/../../../../arm-none-eabi/lib/thumb/v7e-m+fp/hard/libg_nano.a(lib_a-gdtoa-gethex.o)
                0x0000000000007eac                __gethex
 .text.L_shift  0x00000000000082f4       0x24 /Users/Manny/CMPE_146_MP3/toolchains/mac/gcc-arm-none-eabi-8-2019-q3-update/bin/../lib/gcc/arm-none-eabi/8.3.1/../../../../arm-none-eabi/lib/thumb/v7e-m+fp/hard/libg_nano.a(lib_a-gdtoa-hexnan.o)
 .text.__match  0x0000000000008318       0x28 /Users/Manny/CMPE_146_MP3/toolchains/mac/gcc-arm-none-eabi-8-2019-q3-update/bin/../lib/gcc/arm-none-eabi/8.3.1/../../../../arm-none-eabi/lib/thumb/v7e-m+fp/hard/libg_nano.a(lib_a-gdtoa-hexnan.o)
                0x0000000000008318                __match
 .text.__hexnan
                0x0000000000008340      0x120 /Users/Manny/CMPE_146_MP3/toolchains/mac/gcc-arm-none-eabi-8-2019-q3-update/bin/../lib/gcc/arm-none-eabi/8.3.1/../../../../arm-none-eabi/lib/thumb/v7e-m+fp/hard/libg_nano.a(lib_a-gdtoa-hexnan.o)
                0x0000000000008340                __hexnan
 .text._getc_r  0x0000000000008460       0x80 /Users/Manny/CMPE_146_MP3/toolchains/mac/gcc-arm-none-eabi-8-2019-q3-update/bin/../lib/gcc/arm-none-eabi/8.3.1/../../../../arm-none-eabi/lib/thumb/v7e-m+fp/hard/libg_nano.a(lib_a-getc.o)
                0x0000000000008460                _getc_r
 .text._localeconv_r
                0x00000000000084e0        0x8 /Users/Manny/CMPE_146_MP3/toolchains/mac/gcc-arm-none-eabi-8-2019-q3-update/bin/../lib/gcc/arm-none-eabi/8.3.1/../../../../arm-none-eabi/lib/thumb/v7e-m+fp/hard/libg_nano.a(lib_a-localeconv.o)
                0x00000000000084e0                _localeconv_r
 .text.__swhatbuf_r
                0x00000000000084e8       0x48 /Users/Manny/CMPE_146_MP3/toolchains/mac/gcc-arm-none-eabi-8-2019-q3-update/bin/../lib/gcc/arm-none-eabi/8.3.1/../../../../arm-none-eabi/lib/thumb/v7e-m+fp/hard/libg_nano.a(lib_a-makebuf.o)
                0x00000000000084e8                __swhatbuf_r
 .text.__smakebuf_r
                0x0000000000008530       0x80 /Users/Manny/CMPE_146_MP3/toolchains/mac/gcc-arm-none-eabi-8-2019-q3-update/bin/../lib/gcc/arm-none-eabi/8.3.1/../../../../arm-none-eabi/lib/thumb/v7e-m+fp/hard/libg_nano.a(lib_a-makebuf.o)
                0x0000000000008530                __smakebuf_r
 .text.__ascii_mbtowc
                0x00000000000085b0       0x24 /Users/Manny/CMPE_146_MP3/toolchains/mac/gcc-arm-none-eabi-8-2019-q3-update/bin/../lib/gcc/arm-none-eabi/8.3.1/../../../../arm-none-eabi/lib/thumb/v7e-m+fp/hard/libg_nano.a(lib_a-mbtowc_r.o)
                0x00000000000085b0                __ascii_mbtowc
 *fill*         0x00000000000085d4        0xc ff
 .text          0x00000000000085e0       0xa0 /Users/Manny/CMPE_146_MP3/toolchains/mac/gcc-arm-none-eabi-8-2019-q3-update/bin/../lib/gcc/arm-none-eabi/8.3.1/../../../../arm-none-eabi/lib/thumb/v7e-m+fp/hard/libg_nano.a(lib_a-memchr.o)
                0x00000000000085e0                memchr
 .text.__malloc_lock
                0x0000000000008680        0xc /Users/Manny/CMPE_146_MP3/toolchains/mac/gcc-arm-none-eabi-8-2019-q3-update/bin/../lib/gcc/arm-none-eabi/8.3.1/../../../../arm-none-eabi/lib/thumb/v7e-m+fp/hard/libg_nano.a(lib_a-mlock.o)
                0x0000000000008680                __malloc_lock
 .text.__malloc_unlock
                0x000000000000868c        0xc /Users/Manny/CMPE_146_MP3/toolchains/mac/gcc-arm-none-eabi-8-2019-q3-update/bin/../lib/gcc/arm-none-eabi/8.3.1/../../../../arm-none-eabi/lib/thumb/v7e-m+fp/hard/libg_nano.a(lib_a-mlock.o)
                0x000000000000868c                __malloc_unlock
 .text._Balloc  0x0000000000008698       0x68 /Users/Manny/CMPE_146_MP3/toolchains/mac/gcc-arm-none-eabi-8-2019-q3-update/bin/../lib/gcc/arm-none-eabi/8.3.1/../../../../arm-none-eabi/lib/thumb/v7e-m+fp/hard/libg_nano.a(lib_a-mprec.o)
                0x0000000000008698                _Balloc
 .text._Bfree   0x0000000000008700       0x2e /Users/Manny/CMPE_146_MP3/toolchains/mac/gcc-arm-none-eabi-8-2019-q3-update/bin/../lib/gcc/arm-none-eabi/8.3.1/../../../../arm-none-eabi/lib/thumb/v7e-m+fp/hard/libg_nano.a(lib_a-mprec.o)
                0x0000000000008700                _Bfree
 .text.__multadd
                0x000000000000872e       0x76 /Users/Manny/CMPE_146_MP3/toolchains/mac/gcc-arm-none-eabi-8-2019-q3-update/bin/../lib/gcc/arm-none-eabi/8.3.1/../../../../arm-none-eabi/lib/thumb/v7e-m+fp/hard/libg_nano.a(lib_a-mprec.o)
                0x000000000000872e                __multadd
 .text.__s2b    0x00000000000087a4       0x7c /Users/Manny/CMPE_146_MP3/toolchains/mac/gcc-arm-none-eabi-8-2019-q3-update/bin/../lib/gcc/arm-none-eabi/8.3.1/../../../../arm-none-eabi/lib/thumb/v7e-m+fp/hard/libg_nano.a(lib_a-mprec.o)
                0x00000000000087a4                __s2b
 .text.__hi0bits
                0x0000000000008820       0x40 /Users/Manny/CMPE_146_MP3/toolchains/mac/gcc-arm-none-eabi-8-2019-q3-update/bin/../lib/gcc/arm-none-eabi/8.3.1/../../../../arm-none-eabi/lib/thumb/v7e-m+fp/hard/libg_nano.a(lib_a-mprec.o)
                0x0000000000008820                __hi0bits
 .text.__lo0bits
                0x0000000000008860       0x60 /Users/Manny/CMPE_146_MP3/toolchains/mac/gcc-arm-none-eabi-8-2019-q3-update/bin/../lib/gcc/arm-none-eabi/8.3.1/../../../../arm-none-eabi/lib/thumb/v7e-m+fp/hard/libg_nano.a(lib_a-mprec.o)
                0x0000000000008860                __lo0bits
 .text.__i2b    0x00000000000088c0       0x12 /Users/Manny/CMPE_146_MP3/toolchains/mac/gcc-arm-none-eabi-8-2019-q3-update/bin/../lib/gcc/arm-none-eabi/8.3.1/../../../../arm-none-eabi/lib/thumb/v7e-m+fp/hard/libg_nano.a(lib_a-mprec.o)
                0x00000000000088c0                __i2b
 .text.__multiply
                0x00000000000088d2      0x120 /Users/Manny/CMPE_146_MP3/toolchains/mac/gcc-arm-none-eabi-8-2019-q3-update/bin/../lib/gcc/arm-none-eabi/8.3.1/../../../../arm-none-eabi/lib/thumb/v7e-m+fp/hard/libg_nano.a(lib_a-mprec.o)
                0x00000000000088d2                __multiply
 *fill*         0x00000000000089f2        0x2 ff
 .text.__pow5mult
                0x00000000000089f4       0x9c /Users/Manny/CMPE_146_MP3/toolchains/mac/gcc-arm-none-eabi-8-2019-q3-update/bin/../lib/gcc/arm-none-eabi/8.3.1/../../../../arm-none-eabi/lib/thumb/v7e-m+fp/hard/libg_nano.a(lib_a-mprec.o)
                0x00000000000089f4                __pow5mult
 .text.__lshift
                0x0000000000008a90       0xa6 /Users/Manny/CMPE_146_MP3/toolchains/mac/gcc-arm-none-eabi-8-2019-q3-update/bin/../lib/gcc/arm-none-eabi/8.3.1/../../../../arm-none-eabi/lib/thumb/v7e-m+fp/hard/libg_nano.a(lib_a-mprec.o)
                0x0000000000008a90                __lshift
 .text.__mcmp   0x0000000000008b36       0x34 /Users/Manny/CMPE_146_MP3/toolchains/mac/gcc-arm-none-eabi-8-2019-q3-update/bin/../lib/gcc/arm-none-eabi/8.3.1/../../../../arm-none-eabi/lib/thumb/v7e-m+fp/hard/libg_nano.a(lib_a-mprec.o)
                0x0000000000008b36                __mcmp
 .text.__mdiff  0x0000000000008b6a       0xba /Users/Manny/CMPE_146_MP3/toolchains/mac/gcc-arm-none-eabi-8-2019-q3-update/bin/../lib/gcc/arm-none-eabi/8.3.1/../../../../arm-none-eabi/lib/thumb/v7e-m+fp/hard/libg_nano.a(lib_a-mprec.o)
                0x0000000000008b6a                __mdiff
 .text.__ulp    0x0000000000008c24       0x4c /Users/Manny/CMPE_146_MP3/toolchains/mac/gcc-arm-none-eabi-8-2019-q3-update/bin/../lib/gcc/arm-none-eabi/8.3.1/../../../../arm-none-eabi/lib/thumb/v7e-m+fp/hard/libg_nano.a(lib_a-mprec.o)
                0x0000000000008c24                __ulp
 .text.__b2d    0x0000000000008c70       0xa0 /Users/Manny/CMPE_146_MP3/toolchains/mac/gcc-arm-none-eabi-8-2019-q3-update/bin/../lib/gcc/arm-none-eabi/8.3.1/../../../../arm-none-eabi/lib/thumb/v7e-m+fp/hard/libg_nano.a(lib_a-mprec.o)
                0x0000000000008c70                __b2d
 .text.__d2b    0x0000000000008d10       0x9c /Users/Manny/CMPE_146_MP3/toolchains/mac/gcc-arm-none-eabi-8-2019-q3-update/bin/../lib/gcc/arm-none-eabi/8.3.1/../../../../arm-none-eabi/lib/thumb/v7e-m+fp/hard/libg_nano.a(lib_a-mprec.o)
                0x0000000000008d10                __d2b
 .text.__ratio  0x0000000000008dac       0x66 /Users/Manny/CMPE_146_MP3/toolchains/mac/gcc-arm-none-eabi-8-2019-q3-update/bin/../lib/gcc/arm-none-eabi/8.3.1/../../../../arm-none-eabi/lib/thumb/v7e-m+fp/hard/libg_nano.a(lib_a-mprec.o)
                0x0000000000008dac                __ratio
 .text.__copybits
                0x0000000000008e12       0x34 /Users/Manny/CMPE_146_MP3/toolchains/mac/gcc-arm-none-eabi-8-2019-q3-update/bin/../lib/gcc/arm-none-eabi/8.3.1/../../../../arm-none-eabi/lib/thumb/v7e-m+fp/hard/libg_nano.a(lib_a-mprec.o)
                0x0000000000008e12                __copybits
 .text.__any_on
                0x0000000000008e46       0x42 /Users/Manny/CMPE_146_MP3/toolchains/mac/gcc-arm-none-eabi-8-2019-q3-update/bin/../lib/gcc/arm-none-eabi/8.3.1/../../../../arm-none-eabi/lib/thumb/v7e-m+fp/hard/libg_nano.a(lib_a-mprec.o)
                0x0000000000008e46                __any_on
 .text._calloc_r
                0x0000000000008e88       0x1c /Users/Manny/CMPE_146_MP3/toolchains/mac/gcc-arm-none-eabi-8-2019-q3-update/bin/../lib/gcc/arm-none-eabi/8.3.1/../../../../arm-none-eabi/lib/thumb/v7e-m+fp/hard/libg_nano.a(lib_a-nano-callocr.o)
                0x0000000000008e88                _calloc_r
 .text._realloc_r
                0x0000000000008ea4       0x4c /Users/Manny/CMPE_146_MP3/toolchains/mac/gcc-arm-none-eabi-8-2019-q3-update/bin/../lib/gcc/arm-none-eabi/8.3.1/../../../../arm-none-eabi/lib/thumb/v7e-m+fp/hard/libg_nano.a(lib_a-nano-reallocr.o)
                0x0000000000008ea4                _realloc_r
 .text.__ssputs_r
                0x0000000000008ef0       0xb6 /Users/Manny/CMPE_146_MP3/toolchains/mac/gcc-arm-none-eabi-8-2019-q3-update/bin/../lib/gcc/arm-none-eabi/8.3.1/../../../../arm-none-eabi/lib/thumb/v7e-m+fp/hard/libg_nano.a(lib_a-nano-svfprintf.o)
                0x0000000000008ef0                __ssputs_r
 *fill*         0x0000000000008fa6        0x2 ff
 .text._svfprintf_r
                0x0000000000008fa8      0x1f0 /Users/Manny/CMPE_146_MP3/toolchains/mac/gcc-arm-none-eabi-8-2019-q3-update/bin/../lib/gcc/arm-none-eabi/8.3.1/../../../../arm-none-eabi/lib/thumb/v7e-m+fp/hard/libg_nano.a(lib_a-nano-svfprintf.o)
                0x0000000000008fa8                _svfprintf_r
                0x0000000000008fa8                _svfiprintf_r
 .text._sungetc_r
                0x0000000000009198       0x7a /Users/Manny/CMPE_146_MP3/toolchains/mac/gcc-arm-none-eabi-8-2019-q3-update/bin/../lib/gcc/arm-none-eabi/8.3.1/../../../../arm-none-eabi/lib/thumb/v7e-m+fp/hard/libg_nano.a(lib_a-nano-svfscanf.o)
                0x0000000000009198                _sungetc_r
 .text.__ssrefill_r
                0x0000000000009212       0x3a /Users/Manny/CMPE_146_MP3/toolchains/mac/gcc-arm-none-eabi-8-2019-q3-update/bin/../lib/gcc/arm-none-eabi/8.3.1/../../../../arm-none-eabi/lib/thumb/v7e-m+fp/hard/libg_nano.a(lib_a-nano-svfscanf.o)
                0x0000000000009212                __ssrefill_r
 .text.__ssvfscanf_r
                0x000000000000924c      0x290 /Users/Manny/CMPE_146_MP3/toolchains/mac/gcc-arm-none-eabi-8-2019-q3-update/bin/../lib/gcc/arm-none-eabi/8.3.1/../../../../arm-none-eabi/lib/thumb/v7e-m+fp/hard/libg_nano.a(lib_a-nano-svfscanf.o)
                0x000000000000924c                __ssvfscanf_r
                0x000000000000924c                __ssvfiscanf_r
 .text._scanf_chars
                0x00000000000094dc       0xb0 /Users/Manny/CMPE_146_MP3/toolchains/mac/gcc-arm-none-eabi-8-2019-q3-update/bin/../lib/gcc/arm-none-eabi/8.3.1/../../../../arm-none-eabi/lib/thumb/v7e-m+fp/hard/libg_nano.a(lib_a-nano-vfscanf_i.o)
                0x00000000000094dc                _scanf_chars
 .text._scanf_i
                0x000000000000958c      0x1e8 /Users/Manny/CMPE_146_MP3/toolchains/mac/gcc-arm-none-eabi-8-2019-q3-update/bin/../lib/gcc/arm-none-eabi/8.3.1/../../../../arm-none-eabi/lib/thumb/v7e-m+fp/hard/libg_nano.a(lib_a-nano-vfscanf_i.o)
                0x000000000000958c                _scanf_i
 .text._putc_r  0x0000000000009774       0x90 /Users/Manny/CMPE_146_MP3/toolchains/mac/gcc-arm-none-eabi-8-2019-q3-update/bin/../lib/gcc/arm-none-eabi/8.3.1/../../../../arm-none-eabi/lib/thumb/v7e-m+fp/hard/libg_nano.a(lib_a-putc.o)
                0x0000000000009774                _putc_r
 .text.__srget_r
                0x0000000000009804       0x58 /Users/Manny/CMPE_146_MP3/toolchains/mac/gcc-arm-none-eabi-8-2019-q3-update/bin/../lib/gcc/arm-none-eabi/8.3.1/../../../../arm-none-eabi/lib/thumb/v7e-m+fp/hard/libg_nano.a(lib_a-rget.o)
                0x0000000000009804                __srget_r
 *fill*         0x000000000000985c        0x4 ff
 .text.nan      0x0000000000009860       0x10 /Users/Manny/CMPE_146_MP3/toolchains/mac/gcc-arm-none-eabi-8-2019-q3-update/bin/../lib/gcc/arm-none-eabi/8.3.1/../../../../arm-none-eabi/lib/thumb/v7e-m+fp/hard/libg_nano.a(lib_a-s_nan.o)
                0x0000000000009860                nan
 .text.__sccl   0x0000000000009870       0x64 /Users/Manny/CMPE_146_MP3/toolchains/mac/gcc-arm-none-eabi-8-2019-q3-update/bin/../lib/gcc/arm-none-eabi/8.3.1/../../../../arm-none-eabi/lib/thumb/v7e-m+fp/hard/libg_nano.a(lib_a-sccl.o)
                0x0000000000009870                __sccl
 .text.__sread  0x00000000000098d4       0x22 /Users/Manny/CMPE_146_MP3/toolchains/mac/gcc-arm-none-eabi-8-2019-q3-update/bin/../lib/gcc/arm-none-eabi/8.3.1/../../../../arm-none-eabi/lib/thumb/v7e-m+fp/hard/libg_nano.a(lib_a-stdio.o)
                0x00000000000098d4                __sread
 .text.__seofread
                0x00000000000098f6        0x4 /Users/Manny/CMPE_146_MP3/toolchains/mac/gcc-arm-none-eabi-8-2019-q3-update/bin/../lib/gcc/arm-none-eabi/8.3.1/../../../../arm-none-eabi/lib/thumb/v7e-m+fp/hard/libg_nano.a(lib_a-stdio.o)
                0x00000000000098f6                __seofread
 .text.__swrite
                0x00000000000098fa       0x38 /Users/Manny/CMPE_146_MP3/toolchains/mac/gcc-arm-none-eabi-8-2019-q3-update/bin/../lib/gcc/arm-none-eabi/8.3.1/../../../../arm-none-eabi/lib/thumb/v7e-m+fp/hard/libg_nano.a(lib_a-stdio.o)
                0x00000000000098fa                __swrite
 .text.__sseek  0x0000000000009932       0x24 /Users/Manny/CMPE_146_MP3/toolchains/mac/gcc-arm-none-eabi-8-2019-q3-update/bin/../lib/gcc/arm-none-eabi/8.3.1/../../../../arm-none-eabi/lib/thumb/v7e-m+fp/hard/libg_nano.a(lib_a-stdio.o)
                0x0000000000009932                __sseek
 .text.__sclose
                0x0000000000009956        0x8 /Users/Manny/CMPE_146_MP3/toolchains/mac/gcc-arm-none-eabi-8-2019-q3-update/bin/../lib/gcc/arm-none-eabi/8.3.1/../../../../arm-none-eabi/lib/thumb/v7e-m+fp/hard/libg_nano.a(lib_a-stdio.o)
                0x0000000000009956                __sclose
 *fill*         0x000000000000995e        0x2 ff
 .text._strtoul_l.isra.0
                0x0000000000009960       0xec /Users/Manny/CMPE_146_MP3/toolchains/mac/gcc-arm-none-eabi-8-2019-q3-update/bin/../lib/gcc/arm-none-eabi/8.3.1/../../../../arm-none-eabi/lib/thumb/v7e-m+fp/hard/libg_nano.a(lib_a-strtoul.o)
 .text._strtoul_r
                0x0000000000009a4c        0x4 /Users/Manny/CMPE_146_MP3/toolchains/mac/gcc-arm-none-eabi-8-2019-q3-update/bin/../lib/gcc/arm-none-eabi/8.3.1/../../../../arm-none-eabi/lib/thumb/v7e-m+fp/hard/libg_nano.a(lib_a-strtoul.o)
                0x0000000000009a4c                _strtoul_r
 .text.__submore
                0x0000000000009a50       0x74 /Users/Manny/CMPE_146_MP3/toolchains/mac/gcc-arm-none-eabi-8-2019-q3-update/bin/../lib/gcc/arm-none-eabi/8.3.1/../../../../arm-none-eabi/lib/thumb/v7e-m+fp/hard/libg_nano.a(lib_a-ungetc.o)
                0x0000000000009a50                __submore
 .text.__ascii_wctomb
                0x0000000000009ac4       0x1a /Users/Manny/CMPE_146_MP3/toolchains/mac/gcc-arm-none-eabi-8-2019-q3-update/bin/../lib/gcc/arm-none-eabi/8.3.1/../../../../arm-none-eabi/lib/thumb/v7e-m+fp/hard/libg_nano.a(lib_a-wctomb_r.o)
                0x0000000000009ac4                __ascii_wctomb
 *fill*         0x0000000000009ade        0x2 ff
 .text._write_r
                0x0000000000009ae0       0x24 /Users/Manny/CMPE_146_MP3/toolchains/mac/gcc-arm-none-eabi-8-2019-q3-update/bin/../lib/gcc/arm-none-eabi/8.3.1/../../../../arm-none-eabi/lib/thumb/v7e-m+fp/hard/libg_nano.a(lib_a-writer.o)
                0x0000000000009ae0                _write_r
 .text._close_r
                0x0000000000009b04       0x20 /Users/Manny/CMPE_146_MP3/toolchains/mac/gcc-arm-none-eabi-8-2019-q3-update/bin/../lib/gcc/arm-none-eabi/8.3.1/../../../../arm-none-eabi/lib/thumb/v7e-m+fp/hard/libg_nano.a(lib_a-closer.o)
                0x0000000000009b04                _close_r
 .text._fstat_r
                0x0000000000009b24       0x24 /Users/Manny/CMPE_146_MP3/toolchains/mac/gcc-arm-none-eabi-8-2019-q3-update/bin/../lib/gcc/arm-none-eabi/8.3.1/../../../../arm-none-eabi/lib/thumb/v7e-m+fp/hard/libg_nano.a(lib_a-fstatr.o)
                0x0000000000009b24                _fstat_r
 .text._isatty_r
                0x0000000000009b48       0x20 /Users/Manny/CMPE_146_MP3/toolchains/mac/gcc-arm-none-eabi-8-2019-q3-update/bin/../lib/gcc/arm-none-eabi/8.3.1/../../../../arm-none-eabi/lib/thumb/v7e-m+fp/hard/libg_nano.a(lib_a-isattyr.o)
                0x0000000000009b48                _isatty_r
 .text._lseek_r
                0x0000000000009b68       0x24 /Users/Manny/CMPE_146_MP3/toolchains/mac/gcc-arm-none-eabi-8-2019-q3-update/bin/../lib/gcc/arm-none-eabi/8.3.1/../../../../arm-none-eabi/lib/thumb/v7e-m+fp/hard/libg_nano.a(lib_a-lseekr.o)
                0x0000000000009b68                _lseek_r
 .text._malloc_usable_size_r
                0x0000000000009b8c       0x10 /Users/Manny/CMPE_146_MP3/toolchains/mac/gcc-arm-none-eabi-8-2019-q3-update/bin/../lib/gcc/arm-none-eabi/8.3.1/../../../../arm-none-eabi/lib/thumb/v7e-m+fp/hard/libg_nano.a(lib_a-nano-msizer.o)
                0x0000000000009b8c                _malloc_usable_size_r
 .text._read_r  0x0000000000009b9c       0x24 /Users/Manny/CMPE_146_MP3/toolchains/mac/gcc-arm-none-eabi-8-2019-q3-update/bin/../lib/gcc/arm-none-eabi/8.3.1/../../../../arm-none-eabi/lib/thumb/v7e-m+fp/hard/libg_nano.a(lib_a-readr.o)
                0x0000000000009b9c                _read_r
 .text.lflush   0x0000000000009bc0       0x12 /Users/Manny/CMPE_146_MP3/toolchains/mac/gcc-arm-none-eabi-8-2019-q3-update/bin/../lib/gcc/arm-none-eabi/8.3.1/../../../../arm-none-eabi/lib/thumb/v7e-m+fp/hard/libg_nano.a(lib_a-refill.o)
 *fill*         0x0000000000009bd2        0x2 ff
 .text.__srefill_r
                0x0000000000009bd4      0x118 /Users/Manny/CMPE_146_MP3/toolchains/mac/gcc-arm-none-eabi-8-2019-q3-update/bin/../lib/gcc/arm-none-eabi/8.3.1/../../../../arm-none-eabi/lib/thumb/v7e-m+fp/hard/libg_nano.a(lib_a-refill.o)
                0x0000000000009bd4                __srefill_r
 .text          0x0000000000009cec      0x378 /Users/Manny/CMPE_146_MP3/toolchains/mac/gcc-arm-none-eabi-8-2019-q3-update/bin/../lib/gcc/arm-none-eabi/8.3.1/thumb/v7e-m+fp/hard/libgcc.a(_arm_addsubdf3.o)
                0x0000000000009cec                __aeabi_drsub
                0x0000000000009cf4                __subdf3
                0x0000000000009cf4                __aeabi_dsub
                0x0000000000009cf8                __aeabi_dadd
                0x0000000000009cf8                __adddf3
                0x0000000000009f70                __aeabi_ui2d
                0x0000000000009f70                __floatunsidf
                0x0000000000009f90                __floatsidf
                0x0000000000009f90                __aeabi_i2d
                0x0000000000009fb4                __extendsfdf2
                0x0000000000009fb4                __aeabi_f2d
                0x0000000000009ff8                __aeabi_ul2d
                0x0000000000009ff8                __floatundidf
                0x000000000000a008                __aeabi_l2d
                0x000000000000a008                __floatdidf
 .text          0x000000000000a064      0x424 /Users/Manny/CMPE_146_MP3/toolchains/mac/gcc-arm-none-eabi-8-2019-q3-update/bin/../lib/gcc/arm-none-eabi/8.3.1/thumb/v7e-m+fp/hard/libgcc.a(_arm_muldivdf3.o)
                0x000000000000a064                __aeabi_dmul
                0x000000000000a064                __muldf3
                0x000000000000a2b8                __aeabi_ddiv
                0x000000000000a2b8                __divdf3
 .text          0x000000000000a488      0x110 /Users/Manny/CMPE_146_MP3/toolchains/mac/gcc-arm-none-eabi-8-2019-q3-update/bin/../lib/gcc/arm-none-eabi/8.3.1/thumb/v7e-m+fp/hard/libgcc.a(_arm_cmpdf2.o)
                0x000000000000a488                __gedf2
                0x000000000000a488                __gtdf2
                0x000000000000a490                __ledf2
                0x000000000000a490                __ltdf2
                0x000000000000a498                __cmpdf2
                0x000000000000a498                __eqdf2
                0x000000000000a498                __nedf2
                0x000000000000a514                __aeabi_cdrcmple
                0x000000000000a524                __aeabi_cdcmple
                0x000000000000a524                __aeabi_cdcmpeq
                0x000000000000a534                __aeabi_dcmpeq
                0x000000000000a548                __aeabi_dcmplt
                0x000000000000a55c                __aeabi_dcmple
                0x000000000000a570                __aeabi_dcmpge
                0x000000000000a584                __aeabi_dcmpgt
 .text          0x000000000000a598       0x2c /Users/Manny/CMPE_146_MP3/toolchains/mac/gcc-arm-none-eabi-8-2019-q3-update/bin/../lib/gcc/arm-none-eabi/8.3.1/thumb/v7e-m+fp/hard/libgcc.a(_arm_unorddf2.o)
                0x000000000000a598                __aeabi_dcmpun
                0x000000000000a598                __unorddf2
 .text          0x000000000000a5c4       0x50 /Users/Manny/CMPE_146_MP3/toolchains/mac/gcc-arm-none-eabi-8-2019-q3-update/bin/../lib/gcc/arm-none-eabi/8.3.1/thumb/v7e-m+fp/hard/libgcc.a(_arm_fixdfsi.o)
                0x000000000000a5c4                __fixdfsi
                0x000000000000a5c4                __aeabi_d2iz
 .text          0x000000000000a614       0x40 /Users/Manny/CMPE_146_MP3/toolchains/mac/gcc-arm-none-eabi-8-2019-q3-update/bin/../lib/gcc/arm-none-eabi/8.3.1/thumb/v7e-m+fp/hard/libgcc.a(_arm_fixunsdfsi.o)
                0x000000000000a614                __fixunsdfsi
                0x000000000000a614                __aeabi_d2uiz
 .text          0x000000000000a654       0xa0 /Users/Manny/CMPE_146_MP3/toolchains/mac/gcc-arm-none-eabi-8-2019-q3-update/bin/../lib/gcc/arm-none-eabi/8.3.1/thumb/v7e-m+fp/hard/libgcc.a(_arm_truncdfsf2.o)
                0x000000000000a654                __aeabi_d2f
                0x000000000000a654                __truncdfsf2
 .text          0x000000000000a6f4       0x30 /Users/Manny/CMPE_146_MP3/toolchains/mac/gcc-arm-none-eabi-8-2019-q3-update/bin/../lib/gcc/arm-none-eabi/8.3.1/thumb/v7e-m+fp/hard/libgcc.a(_fixdfdi.o)
                0x000000000000a6f4                __aeabi_d2lz
                0x000000000000a6f4                __fixdfdi
 .text          0x000000000000a724       0x3c /Users/Manny/CMPE_146_MP3/toolchains/mac/gcc-arm-none-eabi-8-2019-q3-update/bin/../lib/gcc/arm-none-eabi/8.3.1/thumb/v7e-m+fp/hard/libgcc.a(_fixunsdfdi.o)
                0x000000000000a724                __aeabi_d2ulz
                0x000000000000a724                __fixunsdfdi